   1               		.file	"I2c.c"
   2               	__SP_H__ = 0x3e
   3               	__SP_L__ = 0x3d
   4               	__SREG__ = 0x3f
   5               	__tmp_reg__ = 0
   6               	__zero_reg__ = 1
   8               		.text
   9               	.Ltext0:
 114               	.global	I2C_start
 116               	I2C_start:
   1:/Users/morgan/Documents/ProjetTondeuse/CarteMere/LawnMower_MotherBoard/LawnMower_MotherBoard/I2c.c **** //
   2:/Users/morgan/Documents/ProjetTondeuse/CarteMere/LawnMower_MotherBoard/LawnMower_MotherBoard/I2c.c **** //  I2c.c
   3:/Users/morgan/Documents/ProjetTondeuse/CarteMere/LawnMower_MotherBoard/LawnMower_MotherBoard/I2c.c **** //  LawnMower_MotherBoard
   4:/Users/morgan/Documents/ProjetTondeuse/CarteMere/LawnMower_MotherBoard/LawnMower_MotherBoard/I2c.c **** //
   5:/Users/morgan/Documents/ProjetTondeuse/CarteMere/LawnMower_MotherBoard/LawnMower_MotherBoard/I2c.c **** //  Created by morgan on 28/01/2020.
   6:/Users/morgan/Documents/ProjetTondeuse/CarteMere/LawnMower_MotherBoard/LawnMower_MotherBoard/I2c.c **** //  Copyright © 2020 morgan venandy. All rights reserved.
   7:/Users/morgan/Documents/ProjetTondeuse/CarteMere/LawnMower_MotherBoard/LawnMower_MotherBoard/I2c.c **** //
   8:/Users/morgan/Documents/ProjetTondeuse/CarteMere/LawnMower_MotherBoard/LawnMower_MotherBoard/I2c.c **** 
   9:/Users/morgan/Documents/ProjetTondeuse/CarteMere/LawnMower_MotherBoard/LawnMower_MotherBoard/I2c.c **** #include <stdio.h>
  10:/Users/morgan/Documents/ProjetTondeuse/CarteMere/LawnMower_MotherBoard/LawnMower_MotherBoard/I2c.c **** #include <avr/io.h>
  11:/Users/morgan/Documents/ProjetTondeuse/CarteMere/LawnMower_MotherBoard/LawnMower_MotherBoard/I2c.c **** 
  12:/Users/morgan/Documents/ProjetTondeuse/CarteMere/LawnMower_MotherBoard/LawnMower_MotherBoard/I2c.c **** #include "constant.h"
  13:/Users/morgan/Documents/ProjetTondeuse/CarteMere/LawnMower_MotherBoard/LawnMower_MotherBoard/I2c.c **** #include "I2c.h"
  14:/Users/morgan/Documents/ProjetTondeuse/CarteMere/LawnMower_MotherBoard/LawnMower_MotherBoard/I2c.c **** 
  15:/Users/morgan/Documents/ProjetTondeuse/CarteMere/LawnMower_MotherBoard/LawnMower_MotherBoard/I2c.c **** void I2C_start()
  16:/Users/morgan/Documents/ProjetTondeuse/CarteMere/LawnMower_MotherBoard/LawnMower_MotherBoard/I2c.c **** {
 118               	.LM0:
 119               	.LFBB1:
 120               	/* prologue: function */
 121               	/* frame size = 0 */
 122               	/* stack size = 0 */
 123               	.L__stack_usage = 0
  17:/Users/morgan/Documents/ProjetTondeuse/CarteMere/LawnMower_MotherBoard/LawnMower_MotherBoard/I2c.c ****     TWCR = (1<<TWEN) | (1<<TWINT) | (1<<TWSTA);
 125               	.LM1:
 126 0000 84EA      		ldi r24,lo8(-92)
 127 0002 8093 BC00 		sts 188,r24
 128               	.L3:
  18:/Users/morgan/Documents/ProjetTondeuse/CarteMere/LawnMower_MotherBoard/LawnMower_MotherBoard/I2c.c ****     while (!(TWCR & (1<<TWINT)));
 130               	.LM2:
 131 0006 8091 BC00 		lds r24,188
 132 000a 87FF      		sbrs r24,7
 133 000c 00C0      		rjmp .L3
 134               	/* epilogue start */
  19:/Users/morgan/Documents/ProjetTondeuse/CarteMere/LawnMower_MotherBoard/LawnMower_MotherBoard/I2c.c **** }
 136               	.LM3:
 137 000e 0895      		ret
 139               	.Lscope1:
 143               	.global	I2C_write
 145               	I2C_write:
  20:/Users/morgan/Documents/ProjetTondeuse/CarteMere/LawnMower_MotherBoard/LawnMower_MotherBoard/I2c.c **** 
  21:/Users/morgan/Documents/ProjetTondeuse/CarteMere/LawnMower_MotherBoard/LawnMower_MotherBoard/I2c.c **** void I2C_write(uint8_t addrSlave, uint8_t i2c_read_write)
  22:/Users/morgan/Documents/ProjetTondeuse/CarteMere/LawnMower_MotherBoard/LawnMower_MotherBoard/I2c.c **** {
 147               	.LM4:
 148               	.LFBB2:
 149               	/* prologue: function */
 150               	/* frame size = 0 */
 151               	/* stack size = 0 */
 152               	.L__stack_usage = 0
  23:/Users/morgan/Documents/ProjetTondeuse/CarteMere/LawnMower_MotherBoard/LawnMower_MotherBoard/I2c.c ****     TWDR = addrSlave + i2c_read_write;
 154               	.LM5:
 155 0010 680F      		add r22,r24
 156 0012 6093 BB00 		sts 187,r22
  24:/Users/morgan/Documents/ProjetTondeuse/CarteMere/LawnMower_MotherBoard/LawnMower_MotherBoard/I2c.c ****     TWCR = (1<<TWEN) | (1<<TWINT);
 158               	.LM6:
 159 0016 84E8      		ldi r24,lo8(-124)
 160 0018 8093 BC00 		sts 188,r24
 161               	.L7:
  25:/Users/morgan/Documents/ProjetTondeuse/CarteMere/LawnMower_MotherBoard/LawnMower_MotherBoard/I2c.c ****     while (!(TWCR & (1<<TWINT)));
 163               	.LM7:
 164 001c 8091 BC00 		lds r24,188
 165 0020 87FF      		sbrs r24,7
 166 0022 00C0      		rjmp .L7
 167               	/* epilogue start */
  26:/Users/morgan/Documents/ProjetTondeuse/CarteMere/LawnMower_MotherBoard/LawnMower_MotherBoard/I2c.c **** }
 169               	.LM8:
 170 0024 0895      		ret
 172               	.Lscope2:
 175               	.global	I2C_write_data
 177               	I2C_write_data:
  27:/Users/morgan/Documents/ProjetTondeuse/CarteMere/LawnMower_MotherBoard/LawnMower_MotherBoard/I2c.c **** 
  28:/Users/morgan/Documents/ProjetTondeuse/CarteMere/LawnMower_MotherBoard/LawnMower_MotherBoard/I2c.c **** void I2C_write_data(uint8_t dataToSend)
  29:/Users/morgan/Documents/ProjetTondeuse/CarteMere/LawnMower_MotherBoard/LawnMower_MotherBoard/I2c.c **** {
 179               	.LM9:
 180               	.LFBB3:
 181               	/* prologue: function */
 182               	/* frame size = 0 */
 183               	/* stack size = 0 */
 184               	.L__stack_usage = 0
  30:/Users/morgan/Documents/ProjetTondeuse/CarteMere/LawnMower_MotherBoard/LawnMower_MotherBoard/I2c.c ****     TWDR = dataToSend;
 186               	.LM10:
 187 0026 8093 BB00 		sts 187,r24
  31:/Users/morgan/Documents/ProjetTondeuse/CarteMere/LawnMower_MotherBoard/LawnMower_MotherBoard/I2c.c ****     TWCR = (1<<TWEN) | (1<<TWINT);
 189               	.LM11:
 190 002a 84E8      		ldi r24,lo8(-124)
 191 002c 8093 BC00 		sts 188,r24
 192               	.L10:
  32:/Users/morgan/Documents/ProjetTondeuse/CarteMere/LawnMower_MotherBoard/LawnMower_MotherBoard/I2c.c ****     while (!(TWCR & (1<<TWINT)));
 194               	.LM12:
 195 0030 8091 BC00 		lds r24,188
 196 0034 87FF      		sbrs r24,7
 197 0036 00C0      		rjmp .L10
 198               	/* epilogue start */
  33:/Users/morgan/Documents/ProjetTondeuse/CarteMere/LawnMower_MotherBoard/LawnMower_MotherBoard/I2c.c **** }
 200               	.LM13:
 201 0038 0895      		ret
 203               	.Lscope3:
 205               	.global	I2C_readACK
 207               	I2C_readACK:
  34:/Users/morgan/Documents/ProjetTondeuse/CarteMere/LawnMower_MotherBoard/LawnMower_MotherBoard/I2c.c **** 
  35:/Users/morgan/Documents/ProjetTondeuse/CarteMere/LawnMower_MotherBoard/LawnMower_MotherBoard/I2c.c **** uint8_t I2C_readACK()
  36:/Users/morgan/Documents/ProjetTondeuse/CarteMere/LawnMower_MotherBoard/LawnMower_MotherBoard/I2c.c **** {
 209               	.LM14:
 210               	.LFBB4:
 211               	/* prologue: function */
 212               	/* frame size = 0 */
 213               	/* stack size = 0 */
 214               	.L__stack_usage = 0
  37:/Users/morgan/Documents/ProjetTondeuse/CarteMere/LawnMower_MotherBoard/LawnMower_MotherBoard/I2c.c ****     TWCR = (1<<TWEN) | (1<<TWINT);
 216               	.LM15:
 217 003a 84E8      		ldi r24,lo8(-124)
 218 003c 8093 BC00 		sts 188,r24
 219               	.L13:
  38:/Users/morgan/Documents/ProjetTondeuse/CarteMere/LawnMower_MotherBoard/LawnMower_MotherBoard/I2c.c ****     while (!(TWCR & (1<<TWINT)));
 221               	.LM16:
 222 0040 8091 BC00 		lds r24,188
 223 0044 87FF      		sbrs r24,7
 224 0046 00C0      		rjmp .L13
  39:/Users/morgan/Documents/ProjetTondeuse/CarteMere/LawnMower_MotherBoard/LawnMower_MotherBoard/I2c.c ****     return TWDR;
 226               	.LM17:
 227 0048 8091 BB00 		lds r24,187
  40:/Users/morgan/Documents/ProjetTondeuse/CarteMere/LawnMower_MotherBoard/LawnMower_MotherBoard/I2c.c **** }
 229               	.LM18:
 230 004c 0895      		ret
 232               	.Lscope4:
 234               	.global	I2C_readNACK
 236               	I2C_readNACK:
  41:/Users/morgan/Documents/ProjetTondeuse/CarteMere/LawnMower_MotherBoard/LawnMower_MotherBoard/I2c.c **** 
  42:/Users/morgan/Documents/ProjetTondeuse/CarteMere/LawnMower_MotherBoard/LawnMower_MotherBoard/I2c.c **** uint8_t I2C_readNACK()
  43:/Users/morgan/Documents/ProjetTondeuse/CarteMere/LawnMower_MotherBoard/LawnMower_MotherBoard/I2c.c **** {
 238               	.LM19:
 239               	.LFBB5:
 240               	/* prologue: function */
 241               	/* frame size = 0 */
 242               	/* stack size = 0 */
 243               	.L__stack_usage = 0
  44:/Users/morgan/Documents/ProjetTondeuse/CarteMere/LawnMower_MotherBoard/LawnMower_MotherBoard/I2c.c ****     TWCR = (1<<TWEN) | (1<<TWINT);
 245               	.LM20:
 246 004e 84E8      		ldi r24,lo8(-124)
 247 0050 8093 BC00 		sts 188,r24
 248               	.L16:
  45:/Users/morgan/Documents/ProjetTondeuse/CarteMere/LawnMower_MotherBoard/LawnMower_MotherBoard/I2c.c ****     while (!(TWCR & (1<<TWINT)));
 250               	.LM21:
 251 0054 8091 BC00 		lds r24,188
 252 0058 87FF      		sbrs r24,7
 253 005a 00C0      		rjmp .L16
  46:/Users/morgan/Documents/ProjetTondeuse/CarteMere/LawnMower_MotherBoard/LawnMower_MotherBoard/I2c.c ****     return TWDR;
 255               	.LM22:
 256 005c 8091 BB00 		lds r24,187
  47:/Users/morgan/Documents/ProjetTondeuse/CarteMere/LawnMower_MotherBoard/LawnMower_MotherBoard/I2c.c **** }
 258               	.LM23:
 259 0060 0895      		ret
 261               	.Lscope5:
 263               	.global	I2C_stop
 265               	I2C_stop:
  48:/Users/morgan/Documents/ProjetTondeuse/CarteMere/LawnMower_MotherBoard/LawnMower_MotherBoard/I2c.c **** 
  49:/Users/morgan/Documents/ProjetTondeuse/CarteMere/LawnMower_MotherBoard/LawnMower_MotherBoard/I2c.c **** void I2C_stop()
  50:/Users/morgan/Documents/ProjetTondeuse/CarteMere/LawnMower_MotherBoard/LawnMower_MotherBoard/I2c.c **** {
 267               	.LM24:
 268               	.LFBB6:
 269               	/* prologue: function */
 270               	/* frame size = 0 */
 271               	/* stack size = 0 */
 272               	.L__stack_usage = 0
  51:/Users/morgan/Documents/ProjetTondeuse/CarteMere/LawnMower_MotherBoard/LawnMower_MotherBoard/I2c.c ****     TWCR = (1<<TWINT) | (1<<TWSTO) | (1<<TWEN);
 274               	.LM25:
 275 0062 84E9      		ldi r24,lo8(-108)
 276 0064 8093 BC00 		sts 188,r24
 277 0068 0895      		ret
 279               	.Lscope6:
 280               		.comm	etatBlade,1,1
 281               		.comm	_uTimeToMow,1,1
 282               		.comm	_uDock,1,1
 283               		.comm	_uUnderTheRain,1,1
 284               		.comm	_uCharge,1,1
 285               		.comm	_uBattery,1,1
 286               		.comm	distanceSonarRC,1,1
 287               		.comm	distanceSonarFR,1,1
 288               		.comm	distanceSonarFL,1,1
 289               		.comm	distanceSonarFC,1,1
 301               	.Letext0:
 302               		.ident	"GCC: (GNU) 4.8.1"
 303               	.global __do_clear_bss
DEFINED SYMBOLS
                            *ABS*:00000000 I2c.c
/var/folders/7v/8zggs6793555zz3yx7qh3tp40000gn/T//ccMfNZFP.s:2      *ABS*:0000003e __SP_H__
/var/folders/7v/8zggs6793555zz3yx7qh3tp40000gn/T//ccMfNZFP.s:3      *ABS*:0000003d __SP_L__
/var/folders/7v/8zggs6793555zz3yx7qh3tp40000gn/T//ccMfNZFP.s:4      *ABS*:0000003f __SREG__
/var/folders/7v/8zggs6793555zz3yx7qh3tp40000gn/T//ccMfNZFP.s:5      *ABS*:00000000 __tmp_reg__
/var/folders/7v/8zggs6793555zz3yx7qh3tp40000gn/T//ccMfNZFP.s:6      *ABS*:00000001 __zero_reg__
/var/folders/7v/8zggs6793555zz3yx7qh3tp40000gn/T//ccMfNZFP.s:116    .text:00000000 I2C_start
/var/folders/7v/8zggs6793555zz3yx7qh3tp40000gn/T//ccMfNZFP.s:145    .text:00000010 I2C_write
/var/folders/7v/8zggs6793555zz3yx7qh3tp40000gn/T//ccMfNZFP.s:177    .text:00000026 I2C_write_data
/var/folders/7v/8zggs6793555zz3yx7qh3tp40000gn/T//ccMfNZFP.s:207    .text:0000003a I2C_readACK
/var/folders/7v/8zggs6793555zz3yx7qh3tp40000gn/T//ccMfNZFP.s:236    .text:0000004e I2C_readNACK
/var/folders/7v/8zggs6793555zz3yx7qh3tp40000gn/T//ccMfNZFP.s:265    .text:00000062 I2C_stop
                            *COM*:00000001 etatBlade
                            *COM*:00000001 _uTimeToMow
                            *COM*:00000001 _uDock
                            *COM*:00000001 _uUnderTheRain
                            *COM*:00000001 _uCharge
                            *COM*:00000001 _uBattery
                            *COM*:00000001 distanceSonarRC
                            *COM*:00000001 distanceSonarFR
                            *COM*:00000001 distanceSonarFL
                            *COM*:00000001 distanceSonarFC

UNDEFINED SYMBOLS
__do_clear_bss
