   1               		.file	"Initialisation.c"
   2               	__SP_H__ = 0x3e
   3               	__SP_L__ = 0x3d
   4               	__SREG__ = 0x3f
   5               	__tmp_reg__ = 0
   6               	__zero_reg__ = 1
   8               		.text
   9               	.Ltext0:
 114               	.global	INIT_io
 116               	INIT_io:
   1:/Users/morgan/Documents/ProjetTondeuse/CarteMere/LawnMower_MotherBoard/LawnMower_MotherBoard/Initialisation.c **** //
   2:/Users/morgan/Documents/ProjetTondeuse/CarteMere/LawnMower_MotherBoard/LawnMower_MotherBoard/Initialisation.c **** //  Initialisation.c
   3:/Users/morgan/Documents/ProjetTondeuse/CarteMere/LawnMower_MotherBoard/LawnMower_MotherBoard/Initialisation.c **** //  LawnMower_MotherBoard
   4:/Users/morgan/Documents/ProjetTondeuse/CarteMere/LawnMower_MotherBoard/LawnMower_MotherBoard/Initialisation.c **** //
   5:/Users/morgan/Documents/ProjetTondeuse/CarteMere/LawnMower_MotherBoard/LawnMower_MotherBoard/Initialisation.c **** //  Created by morgan on 25/01/2020.
   6:/Users/morgan/Documents/ProjetTondeuse/CarteMere/LawnMower_MotherBoard/LawnMower_MotherBoard/Initialisation.c **** //  Copyright © 2020 morgan venandy. All rights reserved.
   7:/Users/morgan/Documents/ProjetTondeuse/CarteMere/LawnMower_MotherBoard/LawnMower_MotherBoard/Initialisation.c **** //
   8:/Users/morgan/Documents/ProjetTondeuse/CarteMere/LawnMower_MotherBoard/LawnMower_MotherBoard/Initialisation.c **** 
   9:/Users/morgan/Documents/ProjetTondeuse/CarteMere/LawnMower_MotherBoard/LawnMower_MotherBoard/Initialisation.c **** #include <stdio.h>
  10:/Users/morgan/Documents/ProjetTondeuse/CarteMere/LawnMower_MotherBoard/LawnMower_MotherBoard/Initialisation.c **** #include <avr/io.h>
  11:/Users/morgan/Documents/ProjetTondeuse/CarteMere/LawnMower_MotherBoard/LawnMower_MotherBoard/Initialisation.c **** #include <avr/interrupt.h>
  12:/Users/morgan/Documents/ProjetTondeuse/CarteMere/LawnMower_MotherBoard/LawnMower_MotherBoard/Initialisation.c **** 
  13:/Users/morgan/Documents/ProjetTondeuse/CarteMere/LawnMower_MotherBoard/LawnMower_MotherBoard/Initialisation.c **** #include "constant.h"
  14:/Users/morgan/Documents/ProjetTondeuse/CarteMere/LawnMower_MotherBoard/LawnMower_MotherBoard/Initialisation.c **** #include "Initialisation.h"
  15:/Users/morgan/Documents/ProjetTondeuse/CarteMere/LawnMower_MotherBoard/LawnMower_MotherBoard/Initialisation.c **** 
  16:/Users/morgan/Documents/ProjetTondeuse/CarteMere/LawnMower_MotherBoard/LawnMower_MotherBoard/Initialisation.c **** void Initialisation()
  17:/Users/morgan/Documents/ProjetTondeuse/CarteMere/LawnMower_MotherBoard/LawnMower_MotherBoard/Initialisation.c **** {
  18:/Users/morgan/Documents/ProjetTondeuse/CarteMere/LawnMower_MotherBoard/LawnMower_MotherBoard/Initialisation.c ****     INIT_io();
  19:/Users/morgan/Documents/ProjetTondeuse/CarteMere/LawnMower_MotherBoard/LawnMower_MotherBoard/Initialisation.c ****     INIT_variable();
  20:/Users/morgan/Documents/ProjetTondeuse/CarteMere/LawnMower_MotherBoard/LawnMower_MotherBoard/Initialisation.c ****     INIT_pwm();
  21:/Users/morgan/Documents/ProjetTondeuse/CarteMere/LawnMower_MotherBoard/LawnMower_MotherBoard/Initialisation.c ****     INIT_i2c();
  22:/Users/morgan/Documents/ProjetTondeuse/CarteMere/LawnMower_MotherBoard/LawnMower_MotherBoard/Initialisation.c ****     INIT_uart();
  23:/Users/morgan/Documents/ProjetTondeuse/CarteMere/LawnMower_MotherBoard/LawnMower_MotherBoard/Initialisation.c ****     INIT_adc();
  24:/Users/morgan/Documents/ProjetTondeuse/CarteMere/LawnMower_MotherBoard/LawnMower_MotherBoard/Initialisation.c ****     INIT_interrupt();
  25:/Users/morgan/Documents/ProjetTondeuse/CarteMere/LawnMower_MotherBoard/LawnMower_MotherBoard/Initialisation.c **** }
  26:/Users/morgan/Documents/ProjetTondeuse/CarteMere/LawnMower_MotherBoard/LawnMower_MotherBoard/Initialisation.c **** 
  27:/Users/morgan/Documents/ProjetTondeuse/CarteMere/LawnMower_MotherBoard/LawnMower_MotherBoard/Initialisation.c **** void INIT_io()
  28:/Users/morgan/Documents/ProjetTondeuse/CarteMere/LawnMower_MotherBoard/LawnMower_MotherBoard/Initialisation.c **** {
 118               	.LM0:
 119               	.LFBB1:
 120               	/* prologue: function */
 121               	/* frame size = 0 */
 122               	/* stack size = 0 */
 123               	.L__stack_usage = 0
  29:/Users/morgan/Documents/ProjetTondeuse/CarteMere/LawnMower_MotherBoard/LawnMower_MotherBoard/Initialisation.c **** /***** PORT B *****/
  30:/Users/morgan/Documents/ProjetTondeuse/CarteMere/LawnMower_MotherBoard/LawnMower_MotherBoard/Initialisation.c ****     DDRB = 0x00;
 125               	.LM1:
 126 0000 14B8      		out 0x4,__zero_reg__
  31:/Users/morgan/Documents/ProjetTondeuse/CarteMere/LawnMower_MotherBoard/LawnMower_MotherBoard/Initialisation.c ****     //DDRB |= (0<<DDB0); // Bouton Poussoir
  32:/Users/morgan/Documents/ProjetTondeuse/CarteMere/LawnMower_MotherBoard/LawnMower_MotherBoard/Initialisation.c ****     DDRB |= (1<<DDB1) | (1<<DDB2) | (1<<DDB4); // LED d'état Vert - Orange - Rouge
 128               	.LM2:
 129 0002 84B1      		in r24,0x4
 130 0004 8661      		ori r24,lo8(22)
 131 0006 84B9      		out 0x4,r24
  33:/Users/morgan/Documents/ProjetTondeuse/CarteMere/LawnMower_MotherBoard/LawnMower_MotherBoard/Initialisation.c ****     DDRB |= (1<<DDB3); // Commande PWM Avant Moteur 2
 133               	.LM3:
 134 0008 239A      		sbi 0x4,3
  34:/Users/morgan/Documents/ProjetTondeuse/CarteMere/LawnMower_MotherBoard/LawnMower_MotherBoard/Initialisation.c ****     DDRB |= (1<<DDB5); // Commande Relais Alim Moteur
 136               	.LM4:
 137 000a 259A      		sbi 0x4,5
  35:/Users/morgan/Documents/ProjetTondeuse/CarteMere/LawnMower_MotherBoard/LawnMower_MotherBoard/Initialisation.c ****     DDRB |= (1<<DDB6) | (1<<DDB7); // Commande Moteur Lame Enable - ON
 139               	.LM5:
 140 000c 84B1      		in r24,0x4
 141 000e 806C      		ori r24,lo8(-64)
 142 0010 84B9      		out 0x4,r24
  36:/Users/morgan/Documents/ProjetTondeuse/CarteMere/LawnMower_MotherBoard/LawnMower_MotherBoard/Initialisation.c ****     
  37:/Users/morgan/Documents/ProjetTondeuse/CarteMere/LawnMower_MotherBoard/LawnMower_MotherBoard/Initialisation.c ****     PORTB = 0x00;
 144               	.LM6:
 145 0012 15B8      		out 0x5,__zero_reg__
  38:/Users/morgan/Documents/ProjetTondeuse/CarteMere/LawnMower_MotherBoard/LawnMower_MotherBoard/Initialisation.c ****     PORTB |= (1<<PORTB0); // Pull-Up Bouton Poussoir
 147               	.LM7:
 148 0014 289A      		sbi 0x5,0
  39:/Users/morgan/Documents/ProjetTondeuse/CarteMere/LawnMower_MotherBoard/LawnMower_MotherBoard/Initialisation.c ****     // PORTB &= ~(1<<PORTB1) & ~(1<<PORTB2) & ~(1<<PORTB4); // Force à 0 LED
  40:/Users/morgan/Documents/ProjetTondeuse/CarteMere/LawnMower_MotherBoard/LawnMower_MotherBoard/Initialisation.c ****     // PORTB |= (1<<PORTB3); // Moteur 2 Avant
  41:/Users/morgan/Documents/ProjetTondeuse/CarteMere/LawnMower_MotherBoard/LawnMower_MotherBoard/Initialisation.c ****     // PORTB |= (1<<PORTB5); // Commande Relais
  42:/Users/morgan/Documents/ProjetTondeuse/CarteMere/LawnMower_MotherBoard/LawnMower_MotherBoard/Initialisation.c ****     // PORTB |= (1<<PORTB6); // Enable Moteur Lame
  43:/Users/morgan/Documents/ProjetTondeuse/CarteMere/LawnMower_MotherBoard/LawnMower_MotherBoard/Initialisation.c ****     // PORTB |= (1<<PORTB7); // Moteur Lame
  44:/Users/morgan/Documents/ProjetTondeuse/CarteMere/LawnMower_MotherBoard/LawnMower_MotherBoard/Initialisation.c ****     
  45:/Users/morgan/Documents/ProjetTondeuse/CarteMere/LawnMower_MotherBoard/LawnMower_MotherBoard/Initialisation.c **** /***** PORT C *****/
  46:/Users/morgan/Documents/ProjetTondeuse/CarteMere/LawnMower_MotherBoard/LawnMower_MotherBoard/Initialisation.c ****     DDRC = 0x00;
 150               	.LM8:
 151 0016 17B8      		out 0x7,__zero_reg__
  47:/Users/morgan/Documents/ProjetTondeuse/CarteMere/LawnMower_MotherBoard/LawnMower_MotherBoard/Initialisation.c ****     //DDRC |= (1<<DDC0) | (1<<DDC1); // ADC - Detection cable droite et gauche
  48:/Users/morgan/Documents/ProjetTondeuse/CarteMere/LawnMower_MotherBoard/LawnMower_MotherBoard/Initialisation.c ****     //DDRC |= (1<<DDC2) | (1<<DDC3); // TBD
  49:/Users/morgan/Documents/ProjetTondeuse/CarteMere/LawnMower_MotherBoard/LawnMower_MotherBoard/Initialisation.c ****     DDRC |= (1<<DDC4) | (1<<DDC5); // Config I2C SDA - SCL
 153               	.LM9:
 154 0018 87B1      		in r24,0x7
 155 001a 8063      		ori r24,lo8(48)
 156 001c 87B9      		out 0x7,r24
  50:/Users/morgan/Documents/ProjetTondeuse/CarteMere/LawnMower_MotherBoard/LawnMower_MotherBoard/Initialisation.c ****     //DDRC |= (1<<DDC6); // TBD
  51:/Users/morgan/Documents/ProjetTondeuse/CarteMere/LawnMower_MotherBoard/LawnMower_MotherBoard/Initialisation.c ****     
  52:/Users/morgan/Documents/ProjetTondeuse/CarteMere/LawnMower_MotherBoard/LawnMower_MotherBoard/Initialisation.c ****     PORTC = 0x00;
 158               	.LM10:
 159 001e 18B8      		out 0x8,__zero_reg__
  53:/Users/morgan/Documents/ProjetTondeuse/CarteMere/LawnMower_MotherBoard/LawnMower_MotherBoard/Initialisation.c ****     //PORTC &= ~(1<<PORTC0) & ~(1<<PORTC1); // ADC - No Pull-Up
  54:/Users/morgan/Documents/ProjetTondeuse/CarteMere/LawnMower_MotherBoard/LawnMower_MotherBoard/Initialisation.c ****     PORTC |= (1<<PORTC2) | (1<<PORTC3); // TBD - Pull-Up
 161               	.LM11:
 162 0020 88B1      		in r24,0x8
 163 0022 8C60      		ori r24,lo8(12)
 164 0024 88B9      		out 0x8,r24
  55:/Users/morgan/Documents/ProjetTondeuse/CarteMere/LawnMower_MotherBoard/LawnMower_MotherBoard/Initialisation.c ****     //PORTC &= ~(1<<PORTC4) & ~(1<<PORTC5); // I2C - Force à 0
  56:/Users/morgan/Documents/ProjetTondeuse/CarteMere/LawnMower_MotherBoard/LawnMower_MotherBoard/Initialisation.c ****     PORTC |= (1<<PORTC6); // TBD - Pull-Up
 166               	.LM12:
 167 0026 469A      		sbi 0x8,6
  57:/Users/morgan/Documents/ProjetTondeuse/CarteMere/LawnMower_MotherBoard/LawnMower_MotherBoard/Initialisation.c ****     
  58:/Users/morgan/Documents/ProjetTondeuse/CarteMere/LawnMower_MotherBoard/LawnMower_MotherBoard/Initialisation.c **** /***** PORT D *****/
  59:/Users/morgan/Documents/ProjetTondeuse/CarteMere/LawnMower_MotherBoard/LawnMower_MotherBoard/Initialisation.c ****     DDRD = 0x00;
 169               	.LM13:
 170 0028 1AB8      		out 0xa,__zero_reg__
  60:/Users/morgan/Documents/ProjetTondeuse/CarteMere/LawnMower_MotherBoard/LawnMower_MotherBoard/Initialisation.c ****     DDRD |= (1<<DDD1); //| (0<<DDD0); // UART - TXD - RXD
 172               	.LM14:
 173 002a 519A      		sbi 0xa,1
  61:/Users/morgan/Documents/ProjetTondeuse/CarteMere/LawnMower_MotherBoard/LawnMower_MotherBoard/Initialisation.c ****     DDRD |= (1<<DDD2) | (1<<DDD3); // Commande Enable - PWM Arriere Moteur 2
 175               	.LM15:
 176 002c 8AB1      		in r24,0xa
 177 002e 8C60      		ori r24,lo8(12)
 178 0030 8AB9      		out 0xa,r24
  62:/Users/morgan/Documents/ProjetTondeuse/CarteMere/LawnMower_MotherBoard/LawnMower_MotherBoard/Initialisation.c ****     DDRD |= (1<<DDD4) | (1<<DDD5) | (1<<DDD6); // Commande Enable - PWM Arriere - PWM Avant Moteur 
 180               	.LM16:
 181 0032 8AB1      		in r24,0xa
 182 0034 8067      		ori r24,lo8(112)
 183 0036 8AB9      		out 0xa,r24
  63:/Users/morgan/Documents/ProjetTondeuse/CarteMere/LawnMower_MotherBoard/LawnMower_MotherBoard/Initialisation.c ****     //DDRD |= (0<<DDD7); // Bouton Poussoir
  64:/Users/morgan/Documents/ProjetTondeuse/CarteMere/LawnMower_MotherBoard/LawnMower_MotherBoard/Initialisation.c ****     
  65:/Users/morgan/Documents/ProjetTondeuse/CarteMere/LawnMower_MotherBoard/LawnMower_MotherBoard/Initialisation.c ****     PORTD = 0x00;
 185               	.LM17:
 186 0038 1BB8      		out 0xb,__zero_reg__
  66:/Users/morgan/Documents/ProjetTondeuse/CarteMere/LawnMower_MotherBoard/LawnMower_MotherBoard/Initialisation.c ****     //PORTD |= (1<<PORTC0) | (1<<PORTC1); // UART - RX No Pull-Up - TX
  67:/Users/morgan/Documents/ProjetTondeuse/CarteMere/LawnMower_MotherBoard/LawnMower_MotherBoard/Initialisation.c ****     //PORTD |= (1<<PORTD2) | (1<<PORTD3); // Commande Enable - PWM Arriere Moteur 2 - Force à 0
  68:/Users/morgan/Documents/ProjetTondeuse/CarteMere/LawnMower_MotherBoard/LawnMower_MotherBoard/Initialisation.c ****     //PORTD |= (1<<PORTD4) | (1<<PORTD5) | (1<<PORTD6); // Commande Enable - PWM Arriere - PWM Avan
  69:/Users/morgan/Documents/ProjetTondeuse/CarteMere/LawnMower_MotherBoard/LawnMower_MotherBoard/Initialisation.c ****     PORTD |= (1<<PORTD7); // Pull-Up Bouton Poussoir
 188               	.LM18:
 189 003a 5F9A      		sbi 0xb,7
 190 003c 0895      		ret
 192               	.Lscope1:
 194               	.global	INIT_interrupt
 196               	INIT_interrupt:
  70:/Users/morgan/Documents/ProjetTondeuse/CarteMere/LawnMower_MotherBoard/LawnMower_MotherBoard/Initialisation.c **** }
  71:/Users/morgan/Documents/ProjetTondeuse/CarteMere/LawnMower_MotherBoard/LawnMower_MotherBoard/Initialisation.c **** 
  72:/Users/morgan/Documents/ProjetTondeuse/CarteMere/LawnMower_MotherBoard/LawnMower_MotherBoard/Initialisation.c **** void INIT_interrupt()
  73:/Users/morgan/Documents/ProjetTondeuse/CarteMere/LawnMower_MotherBoard/LawnMower_MotherBoard/Initialisation.c **** {
 198               	.LM19:
 199               	.LFBB2:
 200               	/* prologue: function */
 201               	/* frame size = 0 */
 202               	/* stack size = 0 */
 203               	.L__stack_usage = 0
  74:/Users/morgan/Documents/ProjetTondeuse/CarteMere/LawnMower_MotherBoard/LawnMower_MotherBoard/Initialisation.c ****     PCICR |= (1<<PCIE2) | (1<<PCIE0); // Activation des Interruptions sur PCINT[23:16] et PCINT[7:0
 205               	.LM20:
 206 003e E8E6      		ldi r30,lo8(104)
 207 0040 F0E0      		ldi r31,0
 208 0042 8081      		ld r24,Z
 209 0044 8560      		ori r24,lo8(5)
 210 0046 8083      		st Z,r24
  75:/Users/morgan/Documents/ProjetTondeuse/CarteMere/LawnMower_MotherBoard/LawnMower_MotherBoard/Initialisation.c ****     PCMSK2 |= (1<<PCINT23); // Activation des Interruptions sur PCINT23
 212               	.LM21:
 213 0048 EDE6      		ldi r30,lo8(109)
 214 004a F0E0      		ldi r31,0
 215 004c 8081      		ld r24,Z
 216 004e 8068      		ori r24,lo8(-128)
 217 0050 8083      		st Z,r24
  76:/Users/morgan/Documents/ProjetTondeuse/CarteMere/LawnMower_MotherBoard/LawnMower_MotherBoard/Initialisation.c ****     PCMSK0 |= (1<<PCINT0); // Activation des Interruptions sur PCINT0
 219               	.LM22:
 220 0052 EBE6      		ldi r30,lo8(107)
 221 0054 F0E0      		ldi r31,0
 222 0056 8081      		ld r24,Z
 223 0058 8160      		ori r24,lo8(1)
 224 005a 8083      		st Z,r24
  77:/Users/morgan/Documents/ProjetTondeuse/CarteMere/LawnMower_MotherBoard/LawnMower_MotherBoard/Initialisation.c ****     sei();
 226               	.LM23:
 227               	/* #APP */
 228               	 ;  77 "/Users/morgan/Documents/ProjetTondeuse/CarteMere/LawnMower_MotherBoard/LawnMower_MotherBoar
 229 005c 7894      		sei
 230               	 ;  0 "" 2
 231               	/* #NOAPP */
 232 005e 0895      		ret
 234               	.Lscope2:
 236               	.global	INIT_pwm
 238               	INIT_pwm:
  78:/Users/morgan/Documents/ProjetTondeuse/CarteMere/LawnMower_MotherBoard/LawnMower_MotherBoard/Initialisation.c **** }
  79:/Users/morgan/Documents/ProjetTondeuse/CarteMere/LawnMower_MotherBoard/LawnMower_MotherBoard/Initialisation.c **** 
  80:/Users/morgan/Documents/ProjetTondeuse/CarteMere/LawnMower_MotherBoard/LawnMower_MotherBoard/Initialisation.c **** void INIT_pwm()
  81:/Users/morgan/Documents/ProjetTondeuse/CarteMere/LawnMower_MotherBoard/LawnMower_MotherBoard/Initialisation.c **** {
 240               	.LM24:
 241               	.LFBB3:
 242               	/* prologue: function */
 243               	/* frame size = 0 */
 244               	/* stack size = 0 */
 245               	.L__stack_usage = 0
  82:/Users/morgan/Documents/ProjetTondeuse/CarteMere/LawnMower_MotherBoard/LawnMower_MotherBoard/Initialisation.c **** /***** Moteur 1 - Droit *****/
  83:/Users/morgan/Documents/ProjetTondeuse/CarteMere/LawnMower_MotherBoard/LawnMower_MotherBoard/Initialisation.c ****     TCCR0A |= (1<<COM0A1) | (1<<COM0B1) | (1<<WGM01) | (1<<WGM00); // Fast PWM
 247               	.LM25:
 248 0060 84B5      		in r24,0x24
 249 0062 836A      		ori r24,lo8(-93)
 250 0064 84BD      		out 0x24,r24
  84:/Users/morgan/Documents/ProjetTondeuse/CarteMere/LawnMower_MotherBoard/LawnMower_MotherBoard/Initialisation.c ****     TCCR0B |= (1<<CS00); // No Prescale
 252               	.LM26:
 253 0066 85B5      		in r24,0x25
 254 0068 8160      		ori r24,lo8(1)
 255 006a 85BD      		out 0x25,r24
  85:/Users/morgan/Documents/ProjetTondeuse/CarteMere/LawnMower_MotherBoard/LawnMower_MotherBoard/Initialisation.c ****     
  86:/Users/morgan/Documents/ProjetTondeuse/CarteMere/LawnMower_MotherBoard/LawnMower_MotherBoard/Initialisation.c ****     OCR0A = 0x00; // Marche Avant
 257               	.LM27:
 258 006c 17BC      		out 0x27,__zero_reg__
  87:/Users/morgan/Documents/ProjetTondeuse/CarteMere/LawnMower_MotherBoard/LawnMower_MotherBoard/Initialisation.c ****     OCR0B = 0x00; // Marche Arrière
 260               	.LM28:
 261 006e 18BC      		out 0x28,__zero_reg__
  88:/Users/morgan/Documents/ProjetTondeuse/CarteMere/LawnMower_MotherBoard/LawnMower_MotherBoard/Initialisation.c ****     
  89:/Users/morgan/Documents/ProjetTondeuse/CarteMere/LawnMower_MotherBoard/LawnMower_MotherBoard/Initialisation.c **** /***** Moteur 2 - Gauche *****/
  90:/Users/morgan/Documents/ProjetTondeuse/CarteMere/LawnMower_MotherBoard/LawnMower_MotherBoard/Initialisation.c ****     TCCR2A |= (1<<COM2A1) | (1<<COM2B1) | (1<<WGM21) | (1<<WGM20); // Fast PWM
 263               	.LM29:
 264 0070 E0EB      		ldi r30,lo8(-80)
 265 0072 F0E0      		ldi r31,0
 266 0074 8081      		ld r24,Z
 267 0076 836A      		ori r24,lo8(-93)
 268 0078 8083      		st Z,r24
  91:/Users/morgan/Documents/ProjetTondeuse/CarteMere/LawnMower_MotherBoard/LawnMower_MotherBoard/Initialisation.c ****     TCCR2B |= (1<<CS20); // No Prescale
 270               	.LM30:
 271 007a E1EB      		ldi r30,lo8(-79)
 272 007c F0E0      		ldi r31,0
 273 007e 8081      		ld r24,Z
 274 0080 8160      		ori r24,lo8(1)
 275 0082 8083      		st Z,r24
  92:/Users/morgan/Documents/ProjetTondeuse/CarteMere/LawnMower_MotherBoard/LawnMower_MotherBoard/Initialisation.c ****     
  93:/Users/morgan/Documents/ProjetTondeuse/CarteMere/LawnMower_MotherBoard/LawnMower_MotherBoard/Initialisation.c ****     OCR2A = 0x00; // Marche Avant
 277               	.LM31:
 278 0084 1092 B300 		sts 179,__zero_reg__
  94:/Users/morgan/Documents/ProjetTondeuse/CarteMere/LawnMower_MotherBoard/LawnMower_MotherBoard/Initialisation.c ****     OCR2B = 0x00; // Marche Arrière
 280               	.LM32:
 281 0088 1092 B400 		sts 180,__zero_reg__
 282 008c 0895      		ret
 284               	.Lscope3:
 286               	.global	INIT_i2c
 288               	INIT_i2c:
  95:/Users/morgan/Documents/ProjetTondeuse/CarteMere/LawnMower_MotherBoard/LawnMower_MotherBoard/Initialisation.c **** }
  96:/Users/morgan/Documents/ProjetTondeuse/CarteMere/LawnMower_MotherBoard/LawnMower_MotherBoard/Initialisation.c **** 
  97:/Users/morgan/Documents/ProjetTondeuse/CarteMere/LawnMower_MotherBoard/LawnMower_MotherBoard/Initialisation.c **** void INIT_i2c()
  98:/Users/morgan/Documents/ProjetTondeuse/CarteMere/LawnMower_MotherBoard/LawnMower_MotherBoard/Initialisation.c **** {
 290               	.LM33:
 291               	.LFBB4:
 292               	/* prologue: function */
 293               	/* frame size = 0 */
 294               	/* stack size = 0 */
 295               	.L__stack_usage = 0
  99:/Users/morgan/Documents/ProjetTondeuse/CarteMere/LawnMower_MotherBoard/LawnMower_MotherBoard/Initialisation.c ****     TWBR = 32; //TWBR  = ((F_CPU / SCL_CLK) – 16) / 2
 297               	.LM34:
 298 008e 80E2      		ldi r24,lo8(32)
 299 0090 8093 B800 		sts 184,r24
 100:/Users/morgan/Documents/ProjetTondeuse/CarteMere/LawnMower_MotherBoard/LawnMower_MotherBoard/Initialisation.c ****     TWCR = (1<<TWEN);
 301               	.LM35:
 302 0094 84E0      		ldi r24,lo8(4)
 303 0096 8093 BC00 		sts 188,r24
 304 009a 0895      		ret
 306               	.Lscope4:
 308               	.global	INIT_uart
 310               	INIT_uart:
 101:/Users/morgan/Documents/ProjetTondeuse/CarteMere/LawnMower_MotherBoard/LawnMower_MotherBoard/Initialisation.c **** }
 102:/Users/morgan/Documents/ProjetTondeuse/CarteMere/LawnMower_MotherBoard/LawnMower_MotherBoard/Initialisation.c **** 
 103:/Users/morgan/Documents/ProjetTondeuse/CarteMere/LawnMower_MotherBoard/LawnMower_MotherBoard/Initialisation.c **** void INIT_uart()
 104:/Users/morgan/Documents/ProjetTondeuse/CarteMere/LawnMower_MotherBoard/LawnMower_MotherBoard/Initialisation.c **** {
 312               	.LM36:
 313               	.LFBB5:
 314               	/* prologue: function */
 315               	/* frame size = 0 */
 316               	/* stack size = 0 */
 317               	.L__stack_usage = 0
 105:/Users/morgan/Documents/ProjetTondeuse/CarteMere/LawnMower_MotherBoard/LawnMower_MotherBoard/Initialisation.c **** /***** UART BaudRate *****/
 106:/Users/morgan/Documents/ProjetTondeuse/CarteMere/LawnMower_MotherBoard/LawnMower_MotherBoard/Initialisation.c ****     UBRR0H = ((BAUD_PRESCALE)>>8);
 319               	.LM37:
 320 009c 1092 C500 		sts 197,__zero_reg__
 107:/Users/morgan/Documents/ProjetTondeuse/CarteMere/LawnMower_MotherBoard/LawnMower_MotherBoard/Initialisation.c ****     UBRR0L = BAUD_PRESCALE;
 322               	.LM38:
 323 00a0 83E3      		ldi r24,lo8(51)
 324 00a2 8093 C400 		sts 196,r24
 108:/Users/morgan/Documents/ProjetTondeuse/CarteMere/LawnMower_MotherBoard/LawnMower_MotherBoard/Initialisation.c ****     
 109:/Users/morgan/Documents/ProjetTondeuse/CarteMere/LawnMower_MotherBoard/LawnMower_MotherBoard/Initialisation.c **** /***** Autoriser Transmition et Reception *****/
 110:/Users/morgan/Documents/ProjetTondeuse/CarteMere/LawnMower_MotherBoard/LawnMower_MotherBoard/Initialisation.c ****     UCSR0B |= (1<<RXCIE0) | (1<<TXEN0) | (1<<RXEN0);
 326               	.LM39:
 327 00a6 E1EC      		ldi r30,lo8(-63)
 328 00a8 F0E0      		ldi r31,0
 329 00aa 8081      		ld r24,Z
 330 00ac 8869      		ori r24,lo8(-104)
 331 00ae 8083      		st Z,r24
 111:/Users/morgan/Documents/ProjetTondeuse/CarteMere/LawnMower_MotherBoard/LawnMower_MotherBoard/Initialisation.c ****     UCSR0C |= (1<<UCSZ01) | (1<<UCSZ00);
 333               	.LM40:
 334 00b0 E2EC      		ldi r30,lo8(-62)
 335 00b2 F0E0      		ldi r31,0
 336 00b4 8081      		ld r24,Z
 337 00b6 8660      		ori r24,lo8(6)
 338 00b8 8083      		st Z,r24
 339 00ba 0895      		ret
 341               	.Lscope5:
 343               	.global	INIT_adc
 345               	INIT_adc:
 112:/Users/morgan/Documents/ProjetTondeuse/CarteMere/LawnMower_MotherBoard/LawnMower_MotherBoard/Initialisation.c ****     
 113:/Users/morgan/Documents/ProjetTondeuse/CarteMere/LawnMower_MotherBoard/LawnMower_MotherBoard/Initialisation.c **** }
 114:/Users/morgan/Documents/ProjetTondeuse/CarteMere/LawnMower_MotherBoard/LawnMower_MotherBoard/Initialisation.c **** 
 115:/Users/morgan/Documents/ProjetTondeuse/CarteMere/LawnMower_MotherBoard/LawnMower_MotherBoard/Initialisation.c **** void INIT_adc()
 116:/Users/morgan/Documents/ProjetTondeuse/CarteMere/LawnMower_MotherBoard/LawnMower_MotherBoard/Initialisation.c **** {
 347               	.LM41:
 348               	.LFBB6:
 349               	/* prologue: function */
 350               	/* frame size = 0 */
 351               	/* stack size = 0 */
 352               	.L__stack_usage = 0
 117:/Users/morgan/Documents/ProjetTondeuse/CarteMere/LawnMower_MotherBoard/LawnMower_MotherBoard/Initialisation.c ****     ADMUX |= (1<<REFS0);
 354               	.LM42:
 355 00bc ECE7      		ldi r30,lo8(124)
 356 00be F0E0      		ldi r31,0
 357 00c0 8081      		ld r24,Z
 358 00c2 8064      		ori r24,lo8(64)
 359 00c4 8083      		st Z,r24
 118:/Users/morgan/Documents/ProjetTondeuse/CarteMere/LawnMower_MotherBoard/LawnMower_MotherBoard/Initialisation.c ****     ADCSRA |= (1<<ADEN) | (1<<ADPS2) | (1<<ADPS1); // Enable ADC, Interrup et 64 prescale
 361               	.LM43:
 362 00c6 EAE7      		ldi r30,lo8(122)
 363 00c8 F0E0      		ldi r31,0
 364 00ca 8081      		ld r24,Z
 365 00cc 8668      		ori r24,lo8(-122)
 366 00ce 8083      		st Z,r24
 367 00d0 0895      		ret
 369               	.Lscope6:
 371               	.global	INIT_variable
 373               	INIT_variable:
 119:/Users/morgan/Documents/ProjetTondeuse/CarteMere/LawnMower_MotherBoard/LawnMower_MotherBoard/Initialisation.c **** }
 120:/Users/morgan/Documents/ProjetTondeuse/CarteMere/LawnMower_MotherBoard/LawnMower_MotherBoard/Initialisation.c **** 
 121:/Users/morgan/Documents/ProjetTondeuse/CarteMere/LawnMower_MotherBoard/LawnMower_MotherBoard/Initialisation.c **** void INIT_variable()
 122:/Users/morgan/Documents/ProjetTondeuse/CarteMere/LawnMower_MotherBoard/LawnMower_MotherBoard/Initialisation.c **** {
 375               	.LM44:
 376               	.LFBB7:
 377               	/* prologue: function */
 378               	/* frame size = 0 */
 379               	/* stack size = 0 */
 380               	.L__stack_usage = 0
 123:/Users/morgan/Documents/ProjetTondeuse/CarteMere/LawnMower_MotherBoard/LawnMower_MotherBoard/Initialisation.c ****     etatBlade = OFF;
 382               	.LM45:
 383 00d2 81E0      		ldi r24,lo8(1)
 384 00d4 8093 0000 		sts etatBlade,r24
 124:/Users/morgan/Documents/ProjetTondeuse/CarteMere/LawnMower_MotherBoard/LawnMower_MotherBoard/Initialisation.c ****     _uCharge = 0;
 386               	.LM46:
 387 00d8 1092 0000 		sts _uCharge,__zero_reg__
 125:/Users/morgan/Documents/ProjetTondeuse/CarteMere/LawnMower_MotherBoard/LawnMower_MotherBoard/Initialisation.c ****     _uBattery = 0;
 389               	.LM47:
 390 00dc 1092 0000 		sts _uBattery,__zero_reg__
 126:/Users/morgan/Documents/ProjetTondeuse/CarteMere/LawnMower_MotherBoard/LawnMower_MotherBoard/Initialisation.c ****     _uUnderTheRain = 0;
 392               	.LM48:
 393 00e0 1092 0000 		sts _uUnderTheRain,__zero_reg__
 127:/Users/morgan/Documents/ProjetTondeuse/CarteMere/LawnMower_MotherBoard/LawnMower_MotherBoard/Initialisation.c ****     _uTimeToMow = 0;
 395               	.LM49:
 396 00e4 1092 0000 		sts _uTimeToMow,__zero_reg__
 128:/Users/morgan/Documents/ProjetTondeuse/CarteMere/LawnMower_MotherBoard/LawnMower_MotherBoard/Initialisation.c ****     _uDock = 0;
 398               	.LM50:
 399 00e8 1092 0000 		sts _uDock,__zero_reg__
 400 00ec 0895      		ret
 402               	.Lscope7:
 404               	.global	Initialisation
 406               	Initialisation:
  17:/Users/morgan/Documents/ProjetTondeuse/CarteMere/LawnMower_MotherBoard/LawnMower_MotherBoard/Initialisation.c **** {
 408               	.LM51:
 409               	.LFBB8:
 410               	/* prologue: function */
 411               	/* frame size = 0 */
 412               	/* stack size = 0 */
 413               	.L__stack_usage = 0
  18:/Users/morgan/Documents/ProjetTondeuse/CarteMere/LawnMower_MotherBoard/LawnMower_MotherBoard/Initialisation.c ****     INIT_io();
 415               	.LM52:
 416 00ee 0E94 0000 		call INIT_io
  19:/Users/morgan/Documents/ProjetTondeuse/CarteMere/LawnMower_MotherBoard/LawnMower_MotherBoard/Initialisation.c ****     INIT_variable();
 418               	.LM53:
 419 00f2 0E94 0000 		call INIT_variable
  20:/Users/morgan/Documents/ProjetTondeuse/CarteMere/LawnMower_MotherBoard/LawnMower_MotherBoard/Initialisation.c ****     INIT_pwm();
 421               	.LM54:
 422 00f6 0E94 0000 		call INIT_pwm
  21:/Users/morgan/Documents/ProjetTondeuse/CarteMere/LawnMower_MotherBoard/LawnMower_MotherBoard/Initialisation.c ****     INIT_i2c();
 424               	.LM55:
 425 00fa 0E94 0000 		call INIT_i2c
  22:/Users/morgan/Documents/ProjetTondeuse/CarteMere/LawnMower_MotherBoard/LawnMower_MotherBoard/Initialisation.c ****     INIT_uart();
 427               	.LM56:
 428 00fe 0E94 0000 		call INIT_uart
  23:/Users/morgan/Documents/ProjetTondeuse/CarteMere/LawnMower_MotherBoard/LawnMower_MotherBoard/Initialisation.c ****     INIT_adc();
 430               	.LM57:
 431 0102 0E94 0000 		call INIT_adc
  24:/Users/morgan/Documents/ProjetTondeuse/CarteMere/LawnMower_MotherBoard/LawnMower_MotherBoard/Initialisation.c ****     INIT_interrupt();
 433               	.LM58:
 434 0106 0C94 0000 		jmp INIT_interrupt
 436               	.Lscope8:
 437               		.comm	etatBlade,1,1
 438               		.comm	_uTimeToMow,1,1
 439               		.comm	_uDock,1,1
 440               		.comm	_uUnderTheRain,1,1
 441               		.comm	_uCharge,1,1
 442               		.comm	_uBattery,1,1
 443               		.comm	distanceSonarRC,1,1
 444               		.comm	distanceSonarFR,1,1
 445               		.comm	distanceSonarFL,1,1
 446               		.comm	distanceSonarFC,1,1
 458               	.Letext0:
 459               		.ident	"GCC: (GNU) 4.8.1"
 460               	.global __do_clear_bss
DEFINED SYMBOLS
                            *ABS*:00000000 Initialisation.c
/var/folders/7v/8zggs6793555zz3yx7qh3tp40000gn/T//ccF6N5MA.s:2      *ABS*:0000003e __SP_H__
/var/folders/7v/8zggs6793555zz3yx7qh3tp40000gn/T//ccF6N5MA.s:3      *ABS*:0000003d __SP_L__
/var/folders/7v/8zggs6793555zz3yx7qh3tp40000gn/T//ccF6N5MA.s:4      *ABS*:0000003f __SREG__
/var/folders/7v/8zggs6793555zz3yx7qh3tp40000gn/T//ccF6N5MA.s:5      *ABS*:00000000 __tmp_reg__
/var/folders/7v/8zggs6793555zz3yx7qh3tp40000gn/T//ccF6N5MA.s:6      *ABS*:00000001 __zero_reg__
/var/folders/7v/8zggs6793555zz3yx7qh3tp40000gn/T//ccF6N5MA.s:116    .text:00000000 INIT_io
/var/folders/7v/8zggs6793555zz3yx7qh3tp40000gn/T//ccF6N5MA.s:196    .text:0000003e INIT_interrupt
/var/folders/7v/8zggs6793555zz3yx7qh3tp40000gn/T//ccF6N5MA.s:238    .text:00000060 INIT_pwm
/var/folders/7v/8zggs6793555zz3yx7qh3tp40000gn/T//ccF6N5MA.s:288    .text:0000008e INIT_i2c
/var/folders/7v/8zggs6793555zz3yx7qh3tp40000gn/T//ccF6N5MA.s:310    .text:0000009c INIT_uart
/var/folders/7v/8zggs6793555zz3yx7qh3tp40000gn/T//ccF6N5MA.s:345    .text:000000bc INIT_adc
/var/folders/7v/8zggs6793555zz3yx7qh3tp40000gn/T//ccF6N5MA.s:373    .text:000000d2 INIT_variable
                            *COM*:00000001 etatBlade
                            *COM*:00000001 _uCharge
                            *COM*:00000001 _uBattery
                            *COM*:00000001 _uUnderTheRain
                            *COM*:00000001 _uTimeToMow
                            *COM*:00000001 _uDock
/var/folders/7v/8zggs6793555zz3yx7qh3tp40000gn/T//ccF6N5MA.s:406    .text:000000ee Initialisation
                            *COM*:00000001 distanceSonarRC
                            *COM*:00000001 distanceSonarFR
                            *COM*:00000001 distanceSonarFL
                            *COM*:00000001 distanceSonarFC

UNDEFINED SYMBOLS
__do_clear_bss
