   1               		.file	"Initialisation.c"
   2               	__SP_H__ = 0x3e
   3               	__SP_L__ = 0x3d
   4               	__SREG__ = 0x3f
   5               	__tmp_reg__ = 0
   6               	__zero_reg__ = 1
   8               		.text
   9               	.Ltext0:
 122               	.global	INIT_io
 124               	INIT_io:
   1:/Users/morgan/Documents/ProjetTondeuse/CarteMere/LawnMower_MotherBoard/LawnMower_MotherBoard/Initialisation.c **** //
   2:/Users/morgan/Documents/ProjetTondeuse/CarteMere/LawnMower_MotherBoard/LawnMower_MotherBoard/Initialisation.c **** //  Initialisation.c
   3:/Users/morgan/Documents/ProjetTondeuse/CarteMere/LawnMower_MotherBoard/LawnMower_MotherBoard/Initialisation.c **** //  LawnMower_MotherBoard
   4:/Users/morgan/Documents/ProjetTondeuse/CarteMere/LawnMower_MotherBoard/LawnMower_MotherBoard/Initialisation.c **** //
   5:/Users/morgan/Documents/ProjetTondeuse/CarteMere/LawnMower_MotherBoard/LawnMower_MotherBoard/Initialisation.c **** //  Created by morgan on 25/01/2020.
   6:/Users/morgan/Documents/ProjetTondeuse/CarteMere/LawnMower_MotherBoard/LawnMower_MotherBoard/Initialisation.c **** //  Copyright © 2020 morgan venandy. All rights reserved.
   7:/Users/morgan/Documents/ProjetTondeuse/CarteMere/LawnMower_MotherBoard/LawnMower_MotherBoard/Initialisation.c **** //
   8:/Users/morgan/Documents/ProjetTondeuse/CarteMere/LawnMower_MotherBoard/LawnMower_MotherBoard/Initialisation.c **** 
   9:/Users/morgan/Documents/ProjetTondeuse/CarteMere/LawnMower_MotherBoard/LawnMower_MotherBoard/Initialisation.c **** #include <stdio.h>
  10:/Users/morgan/Documents/ProjetTondeuse/CarteMere/LawnMower_MotherBoard/LawnMower_MotherBoard/Initialisation.c **** #include <avr/io.h>
  11:/Users/morgan/Documents/ProjetTondeuse/CarteMere/LawnMower_MotherBoard/LawnMower_MotherBoard/Initialisation.c **** #include <avr/interrupt.h>
  12:/Users/morgan/Documents/ProjetTondeuse/CarteMere/LawnMower_MotherBoard/LawnMower_MotherBoard/Initialisation.c **** #include <avr/wdt.h>
  13:/Users/morgan/Documents/ProjetTondeuse/CarteMere/LawnMower_MotherBoard/LawnMower_MotherBoard/Initialisation.c **** 
  14:/Users/morgan/Documents/ProjetTondeuse/CarteMere/LawnMower_MotherBoard/LawnMower_MotherBoard/Initialisation.c **** #include "constant.h"
  15:/Users/morgan/Documents/ProjetTondeuse/CarteMere/LawnMower_MotherBoard/LawnMower_MotherBoard/Initialisation.c **** #include "status.h"
  16:/Users/morgan/Documents/ProjetTondeuse/CarteMere/LawnMower_MotherBoard/LawnMower_MotherBoard/Initialisation.c **** #include "twi.h"
  17:/Users/morgan/Documents/ProjetTondeuse/CarteMere/LawnMower_MotherBoard/LawnMower_MotherBoard/Initialisation.c **** #include "Initialisation.h"
  18:/Users/morgan/Documents/ProjetTondeuse/CarteMere/LawnMower_MotherBoard/LawnMower_MotherBoard/Initialisation.c **** 
  19:/Users/morgan/Documents/ProjetTondeuse/CarteMere/LawnMower_MotherBoard/LawnMower_MotherBoard/Initialisation.c **** void Initialisation()
  20:/Users/morgan/Documents/ProjetTondeuse/CarteMere/LawnMower_MotherBoard/LawnMower_MotherBoard/Initialisation.c **** {
  21:/Users/morgan/Documents/ProjetTondeuse/CarteMere/LawnMower_MotherBoard/LawnMower_MotherBoard/Initialisation.c ****     INIT_io();
  22:/Users/morgan/Documents/ProjetTondeuse/CarteMere/LawnMower_MotherBoard/LawnMower_MotherBoard/Initialisation.c ****     INIT_variable();
  23:/Users/morgan/Documents/ProjetTondeuse/CarteMere/LawnMower_MotherBoard/LawnMower_MotherBoard/Initialisation.c ****     INIT_pwm();
  24:/Users/morgan/Documents/ProjetTondeuse/CarteMere/LawnMower_MotherBoard/LawnMower_MotherBoard/Initialisation.c ****     INIT_twi();
  25:/Users/morgan/Documents/ProjetTondeuse/CarteMere/LawnMower_MotherBoard/LawnMower_MotherBoard/Initialisation.c ****     INIT_uart();
  26:/Users/morgan/Documents/ProjetTondeuse/CarteMere/LawnMower_MotherBoard/LawnMower_MotherBoard/Initialisation.c ****     INIT_adc();
  27:/Users/morgan/Documents/ProjetTondeuse/CarteMere/LawnMower_MotherBoard/LawnMower_MotherBoard/Initialisation.c **** 	INIT_wdt();
  28:/Users/morgan/Documents/ProjetTondeuse/CarteMere/LawnMower_MotherBoard/LawnMower_MotherBoard/Initialisation.c ****     INIT_interrupt();
  29:/Users/morgan/Documents/ProjetTondeuse/CarteMere/LawnMower_MotherBoard/LawnMower_MotherBoard/Initialisation.c **** }
  30:/Users/morgan/Documents/ProjetTondeuse/CarteMere/LawnMower_MotherBoard/LawnMower_MotherBoard/Initialisation.c **** 
  31:/Users/morgan/Documents/ProjetTondeuse/CarteMere/LawnMower_MotherBoard/LawnMower_MotherBoard/Initialisation.c **** void INIT_io()
  32:/Users/morgan/Documents/ProjetTondeuse/CarteMere/LawnMower_MotherBoard/LawnMower_MotherBoard/Initialisation.c **** {
 126               	.LM0:
 127               	.LFBB1:
 128               	/* prologue: function */
 129               	/* frame size = 0 */
 130               	/* stack size = 0 */
 131               	.L__stack_usage = 0
  33:/Users/morgan/Documents/ProjetTondeuse/CarteMere/LawnMower_MotherBoard/LawnMower_MotherBoard/Initialisation.c **** /***** PORT B *****/
  34:/Users/morgan/Documents/ProjetTondeuse/CarteMere/LawnMower_MotherBoard/LawnMower_MotherBoard/Initialisation.c ****     DDRB = 0x00;
 133               	.LM1:
 134 0000 14B8      		out 0x4,__zero_reg__
  35:/Users/morgan/Documents/ProjetTondeuse/CarteMere/LawnMower_MotherBoard/LawnMower_MotherBoard/Initialisation.c ****     //DDRB |= (0<<DDB0); // Bouton Poussoir Stop
  36:/Users/morgan/Documents/ProjetTondeuse/CarteMere/LawnMower_MotherBoard/LawnMower_MotherBoard/Initialisation.c ****     DDRB |= (1<<DDB1) | (1<<DDB2) | (1<<DDB4) | (1<<DDB5); // LED d'état Vert - Orange - Rouge - J
 136               	.LM2:
 137 0002 84B1      		in r24,0x4
 138 0004 8663      		ori r24,lo8(54)
 139 0006 84B9      		out 0x4,r24
  37:/Users/morgan/Documents/ProjetTondeuse/CarteMere/LawnMower_MotherBoard/LawnMower_MotherBoard/Initialisation.c ****     DDRB |= (1<<DDB3); // Commande PWM Avant Moteur 2
 141               	.LM3:
 142 0008 239A      		sbi 0x4,3
  38:/Users/morgan/Documents/ProjetTondeuse/CarteMere/LawnMower_MotherBoard/LawnMower_MotherBoard/Initialisation.c ****     DDRB |= (1<<DDB6) | (1<<DDB7); // Commande Moteur Lame Enable - ON
 144               	.LM4:
 145 000a 84B1      		in r24,0x4
 146 000c 806C      		ori r24,lo8(-64)
 147 000e 84B9      		out 0x4,r24
  39:/Users/morgan/Documents/ProjetTondeuse/CarteMere/LawnMower_MotherBoard/LawnMower_MotherBoard/Initialisation.c ****     
  40:/Users/morgan/Documents/ProjetTondeuse/CarteMere/LawnMower_MotherBoard/LawnMower_MotherBoard/Initialisation.c ****     PORTB = 0x00;
 149               	.LM5:
 150 0010 15B8      		out 0x5,__zero_reg__
  41:/Users/morgan/Documents/ProjetTondeuse/CarteMere/LawnMower_MotherBoard/LawnMower_MotherBoard/Initialisation.c ****     PORTB |= (1<<PORTB0); // Pull-Up Bouton Poussoir
 152               	.LM6:
 153 0012 289A      		sbi 0x5,0
  42:/Users/morgan/Documents/ProjetTondeuse/CarteMere/LawnMower_MotherBoard/LawnMower_MotherBoard/Initialisation.c ****     // PORTB &= ~(1<<PORTB1) & ~(1<<PORTB2) & ~(1<<PORTB4) & ~(1<<PORTB5); // Force à 0 LED
  43:/Users/morgan/Documents/ProjetTondeuse/CarteMere/LawnMower_MotherBoard/LawnMower_MotherBoard/Initialisation.c ****     // PORTB |= (1<<PORTB3); // Moteur 2 Avant
  44:/Users/morgan/Documents/ProjetTondeuse/CarteMere/LawnMower_MotherBoard/LawnMower_MotherBoard/Initialisation.c ****     // PORTB |= (1<<PORTB6); // Enable Moteur Lame
  45:/Users/morgan/Documents/ProjetTondeuse/CarteMere/LawnMower_MotherBoard/LawnMower_MotherBoard/Initialisation.c ****     // PORTB |= (1<<PORTB7); // Moteur Lame
  46:/Users/morgan/Documents/ProjetTondeuse/CarteMere/LawnMower_MotherBoard/LawnMower_MotherBoard/Initialisation.c ****     
  47:/Users/morgan/Documents/ProjetTondeuse/CarteMere/LawnMower_MotherBoard/LawnMower_MotherBoard/Initialisation.c **** /***** PORT C *****/
  48:/Users/morgan/Documents/ProjetTondeuse/CarteMere/LawnMower_MotherBoard/LawnMower_MotherBoard/Initialisation.c ****     DDRC = 0x00;
 155               	.LM7:
 156 0014 17B8      		out 0x7,__zero_reg__
  49:/Users/morgan/Documents/ProjetTondeuse/CarteMere/LawnMower_MotherBoard/LawnMower_MotherBoard/Initialisation.c ****     //DDRC |= (1<<DDC0) | (1<<DDC1); // ADC - Detection cable droite et gauche
  50:/Users/morgan/Documents/ProjetTondeuse/CarteMere/LawnMower_MotherBoard/LawnMower_MotherBoard/Initialisation.c ****     DDRC |= (1<<DDC2) | (1<<DDC3); // LED d'état Jaune
 158               	.LM8:
 159 0016 87B1      		in r24,0x7
 160 0018 8C60      		ori r24,lo8(12)
 161 001a 87B9      		out 0x7,r24
  51:/Users/morgan/Documents/ProjetTondeuse/CarteMere/LawnMower_MotherBoard/LawnMower_MotherBoard/Initialisation.c ****     DDRC |= (1<<DDC4) | (1<<DDC5); // Config I2C SDA - SCL
 163               	.LM9:
 164 001c 87B1      		in r24,0x7
 165 001e 8063      		ori r24,lo8(48)
 166 0020 87B9      		out 0x7,r24
  52:/Users/morgan/Documents/ProjetTondeuse/CarteMere/LawnMower_MotherBoard/LawnMower_MotherBoard/Initialisation.c ****     //DDRC |= (1<<DDC6); // TBD
  53:/Users/morgan/Documents/ProjetTondeuse/CarteMere/LawnMower_MotherBoard/LawnMower_MotherBoard/Initialisation.c ****     
  54:/Users/morgan/Documents/ProjetTondeuse/CarteMere/LawnMower_MotherBoard/LawnMower_MotherBoard/Initialisation.c ****     PORTC = 0x00;
 168               	.LM10:
 169 0022 18B8      		out 0x8,__zero_reg__
  55:/Users/morgan/Documents/ProjetTondeuse/CarteMere/LawnMower_MotherBoard/LawnMower_MotherBoard/Initialisation.c ****     //PORTC &= ~(1<<PORTC0) & ~(1<<PORTC1); // ADC - No Pull-Up
  56:/Users/morgan/Documents/ProjetTondeuse/CarteMere/LawnMower_MotherBoard/LawnMower_MotherBoard/Initialisation.c ****     //PORTC |= (1<<PORTC2) | (1<<PORTC3); // LED d'état Jaune
  57:/Users/morgan/Documents/ProjetTondeuse/CarteMere/LawnMower_MotherBoard/LawnMower_MotherBoard/Initialisation.c ****     //PORTC &= ~(1<<PORTC4) & ~(1<<PORTC5); // I2C - Force à 0
  58:/Users/morgan/Documents/ProjetTondeuse/CarteMere/LawnMower_MotherBoard/LawnMower_MotherBoard/Initialisation.c ****     PORTC |= (1<<PORTC6); // TBD - Pull-Up
 171               	.LM11:
 172 0024 469A      		sbi 0x8,6
  59:/Users/morgan/Documents/ProjetTondeuse/CarteMere/LawnMower_MotherBoard/LawnMower_MotherBoard/Initialisation.c ****     
  60:/Users/morgan/Documents/ProjetTondeuse/CarteMere/LawnMower_MotherBoard/LawnMower_MotherBoard/Initialisation.c **** /***** PORT D *****/
  61:/Users/morgan/Documents/ProjetTondeuse/CarteMere/LawnMower_MotherBoard/LawnMower_MotherBoard/Initialisation.c ****     DDRD = 0x00;
 174               	.LM12:
 175 0026 1AB8      		out 0xa,__zero_reg__
  62:/Users/morgan/Documents/ProjetTondeuse/CarteMere/LawnMower_MotherBoard/LawnMower_MotherBoard/Initialisation.c ****     DDRD |= (1<<DDD1); //| (0<<DDD0); // UART - TXD - RXD
 177               	.LM13:
 178 0028 519A      		sbi 0xa,1
  63:/Users/morgan/Documents/ProjetTondeuse/CarteMere/LawnMower_MotherBoard/LawnMower_MotherBoard/Initialisation.c ****     DDRD |= (1<<DDD2) | (1<<DDD3); // Commande Enable - PWM Arriere Moteur 2
 180               	.LM14:
 181 002a 8AB1      		in r24,0xa
 182 002c 8C60      		ori r24,lo8(12)
 183 002e 8AB9      		out 0xa,r24
  64:/Users/morgan/Documents/ProjetTondeuse/CarteMere/LawnMower_MotherBoard/LawnMower_MotherBoard/Initialisation.c ****     DDRD |= (1<<DDD4) | (1<<DDD5) | (1<<DDD6); // Commande Enable - PWM Arriere - PWM Avant Moteur 
 185               	.LM15:
 186 0030 8AB1      		in r24,0xa
 187 0032 8067      		ori r24,lo8(112)
 188 0034 8AB9      		out 0xa,r24
  65:/Users/morgan/Documents/ProjetTondeuse/CarteMere/LawnMower_MotherBoard/LawnMower_MotherBoard/Initialisation.c ****     //DDRD |= (0<<DDD7); // Bouton Poussoir Start
  66:/Users/morgan/Documents/ProjetTondeuse/CarteMere/LawnMower_MotherBoard/LawnMower_MotherBoard/Initialisation.c ****     
  67:/Users/morgan/Documents/ProjetTondeuse/CarteMere/LawnMower_MotherBoard/LawnMower_MotherBoard/Initialisation.c ****     PORTD = 0x00;
 190               	.LM16:
 191 0036 1BB8      		out 0xb,__zero_reg__
  68:/Users/morgan/Documents/ProjetTondeuse/CarteMere/LawnMower_MotherBoard/LawnMower_MotherBoard/Initialisation.c ****     PORTD |= (1<<PORTC0); //| (1<<PORTC1); // UART - RX Pull-Up - TX
 193               	.LM17:
 194 0038 589A      		sbi 0xb,0
  69:/Users/morgan/Documents/ProjetTondeuse/CarteMere/LawnMower_MotherBoard/LawnMower_MotherBoard/Initialisation.c ****     //PORTD |= (1<<PORTD2) | (1<<PORTD3); // Commande Enable - PWM Arriere Moteur 2 - Force à 0
  70:/Users/morgan/Documents/ProjetTondeuse/CarteMere/LawnMower_MotherBoard/LawnMower_MotherBoard/Initialisation.c ****     //PORTD |= (1<<PORTD4) | (1<<PORTD5) | (1<<PORTD6); // Commande Enable - PWM Arriere - PWM Avan
  71:/Users/morgan/Documents/ProjetTondeuse/CarteMere/LawnMower_MotherBoard/LawnMower_MotherBoard/Initialisation.c ****     PORTD |= (1<<PORTD7); // Pull-Up Bouton Poussoir
 196               	.LM18:
 197 003a 5F9A      		sbi 0xb,7
 198 003c 0895      		ret
 200               	.Lscope1:
 202               	.global	INIT_interrupt
 204               	INIT_interrupt:
  72:/Users/morgan/Documents/ProjetTondeuse/CarteMere/LawnMower_MotherBoard/LawnMower_MotherBoard/Initialisation.c **** }
  73:/Users/morgan/Documents/ProjetTondeuse/CarteMere/LawnMower_MotherBoard/LawnMower_MotherBoard/Initialisation.c **** 
  74:/Users/morgan/Documents/ProjetTondeuse/CarteMere/LawnMower_MotherBoard/LawnMower_MotherBoard/Initialisation.c **** void INIT_interrupt()
  75:/Users/morgan/Documents/ProjetTondeuse/CarteMere/LawnMower_MotherBoard/LawnMower_MotherBoard/Initialisation.c **** {
 206               	.LM19:
 207               	.LFBB2:
 208               	/* prologue: function */
 209               	/* frame size = 0 */
 210               	/* stack size = 0 */
 211               	.L__stack_usage = 0
  76:/Users/morgan/Documents/ProjetTondeuse/CarteMere/LawnMower_MotherBoard/LawnMower_MotherBoard/Initialisation.c ****     PCICR |= (1<<PCIE2) | (1<<PCIE0); // Activation des Interruptions sur PCINT[23:16] et PCINT[7:0
 213               	.LM20:
 214 003e E8E6      		ldi r30,lo8(104)
 215 0040 F0E0      		ldi r31,0
 216 0042 8081      		ld r24,Z
 217 0044 8560      		ori r24,lo8(5)
 218 0046 8083      		st Z,r24
  77:/Users/morgan/Documents/ProjetTondeuse/CarteMere/LawnMower_MotherBoard/LawnMower_MotherBoard/Initialisation.c ****     PCMSK2 |= (1<<PCINT23); // Activation des Interruptions sur PCINT23
 220               	.LM21:
 221 0048 EDE6      		ldi r30,lo8(109)
 222 004a F0E0      		ldi r31,0
 223 004c 8081      		ld r24,Z
 224 004e 8068      		ori r24,lo8(-128)
 225 0050 8083      		st Z,r24
  78:/Users/morgan/Documents/ProjetTondeuse/CarteMere/LawnMower_MotherBoard/LawnMower_MotherBoard/Initialisation.c ****     PCMSK0 |= (1<<PCINT0); // Activation des Interruptions sur PCINT0
 227               	.LM22:
 228 0052 EBE6      		ldi r30,lo8(107)
 229 0054 F0E0      		ldi r31,0
 230 0056 8081      		ld r24,Z
 231 0058 8160      		ori r24,lo8(1)
 232 005a 8083      		st Z,r24
  79:/Users/morgan/Documents/ProjetTondeuse/CarteMere/LawnMower_MotherBoard/LawnMower_MotherBoard/Initialisation.c ****     sei();
 234               	.LM23:
 235               	/* #APP */
 236               	 ;  79 "/Users/morgan/Documents/ProjetTondeuse/CarteMere/LawnMower_MotherBoard/LawnMower_MotherBoar
 237 005c 7894      		sei
 238               	 ;  0 "" 2
 239               	/* #NOAPP */
 240 005e 0895      		ret
 242               	.Lscope2:
 244               	.global	INIT_pwm
 246               	INIT_pwm:
  80:/Users/morgan/Documents/ProjetTondeuse/CarteMere/LawnMower_MotherBoard/LawnMower_MotherBoard/Initialisation.c **** }
  81:/Users/morgan/Documents/ProjetTondeuse/CarteMere/LawnMower_MotherBoard/LawnMower_MotherBoard/Initialisation.c **** 
  82:/Users/morgan/Documents/ProjetTondeuse/CarteMere/LawnMower_MotherBoard/LawnMower_MotherBoard/Initialisation.c **** void INIT_pwm()
  83:/Users/morgan/Documents/ProjetTondeuse/CarteMere/LawnMower_MotherBoard/LawnMower_MotherBoard/Initialisation.c **** {
 248               	.LM24:
 249               	.LFBB3:
 250               	/* prologue: function */
 251               	/* frame size = 0 */
 252               	/* stack size = 0 */
 253               	.L__stack_usage = 0
  84:/Users/morgan/Documents/ProjetTondeuse/CarteMere/LawnMower_MotherBoard/LawnMower_MotherBoard/Initialisation.c **** /***** Moteur 1 - Gauche *****/
  85:/Users/morgan/Documents/ProjetTondeuse/CarteMere/LawnMower_MotherBoard/LawnMower_MotherBoard/Initialisation.c ****     TCCR0A |= (1<<COM0A1) | (1<<COM0B1) | (1<<WGM01) | (1<<WGM00); // Fast PWM
 255               	.LM25:
 256 0060 84B5      		in r24,0x24
 257 0062 836A      		ori r24,lo8(-93)
 258 0064 84BD      		out 0x24,r24
  86:/Users/morgan/Documents/ProjetTondeuse/CarteMere/LawnMower_MotherBoard/LawnMower_MotherBoard/Initialisation.c ****     TCCR0B |= (1<<CS00); // No Prescale
 260               	.LM26:
 261 0066 85B5      		in r24,0x25
 262 0068 8160      		ori r24,lo8(1)
 263 006a 85BD      		out 0x25,r24
  87:/Users/morgan/Documents/ProjetTondeuse/CarteMere/LawnMower_MotherBoard/LawnMower_MotherBoard/Initialisation.c ****     
  88:/Users/morgan/Documents/ProjetTondeuse/CarteMere/LawnMower_MotherBoard/LawnMower_MotherBoard/Initialisation.c ****     OCR0A = 0x00; // Marche Avant
 265               	.LM27:
 266 006c 17BC      		out 0x27,__zero_reg__
  89:/Users/morgan/Documents/ProjetTondeuse/CarteMere/LawnMower_MotherBoard/LawnMower_MotherBoard/Initialisation.c ****     OCR0B = 0x00; // Marche Arrière
 268               	.LM28:
 269 006e 18BC      		out 0x28,__zero_reg__
  90:/Users/morgan/Documents/ProjetTondeuse/CarteMere/LawnMower_MotherBoard/LawnMower_MotherBoard/Initialisation.c ****     
  91:/Users/morgan/Documents/ProjetTondeuse/CarteMere/LawnMower_MotherBoard/LawnMower_MotherBoard/Initialisation.c **** /***** Moteur 2 - Droit *****/
  92:/Users/morgan/Documents/ProjetTondeuse/CarteMere/LawnMower_MotherBoard/LawnMower_MotherBoard/Initialisation.c ****     TCCR2A |= (1<<COM2A1) | (1<<COM2B1) | (1<<WGM21) | (1<<WGM20); // Fast PWM
 271               	.LM29:
 272 0070 E0EB      		ldi r30,lo8(-80)
 273 0072 F0E0      		ldi r31,0
 274 0074 8081      		ld r24,Z
 275 0076 836A      		ori r24,lo8(-93)
 276 0078 8083      		st Z,r24
  93:/Users/morgan/Documents/ProjetTondeuse/CarteMere/LawnMower_MotherBoard/LawnMower_MotherBoard/Initialisation.c ****     TCCR2B |= (1<<CS20); // No Prescale
 278               	.LM30:
 279 007a E1EB      		ldi r30,lo8(-79)
 280 007c F0E0      		ldi r31,0
 281 007e 8081      		ld r24,Z
 282 0080 8160      		ori r24,lo8(1)
 283 0082 8083      		st Z,r24
  94:/Users/morgan/Documents/ProjetTondeuse/CarteMere/LawnMower_MotherBoard/LawnMower_MotherBoard/Initialisation.c ****     
  95:/Users/morgan/Documents/ProjetTondeuse/CarteMere/LawnMower_MotherBoard/LawnMower_MotherBoard/Initialisation.c ****     OCR2A = 0x00; // Marche Avant
 285               	.LM31:
 286 0084 1092 B300 		sts 179,__zero_reg__
  96:/Users/morgan/Documents/ProjetTondeuse/CarteMere/LawnMower_MotherBoard/LawnMower_MotherBoard/Initialisation.c ****     OCR2B = 0x00; // Marche Arrière
 288               	.LM32:
 289 0088 1092 B400 		sts 180,__zero_reg__
 290 008c 0895      		ret
 292               	.Lscope3:
 294               	.global	INIT_twi
 296               	INIT_twi:
  97:/Users/morgan/Documents/ProjetTondeuse/CarteMere/LawnMower_MotherBoard/LawnMower_MotherBoard/Initialisation.c **** }
  98:/Users/morgan/Documents/ProjetTondeuse/CarteMere/LawnMower_MotherBoard/LawnMower_MotherBoard/Initialisation.c **** 
  99:/Users/morgan/Documents/ProjetTondeuse/CarteMere/LawnMower_MotherBoard/LawnMower_MotherBoard/Initialisation.c **** void INIT_twi()
 100:/Users/morgan/Documents/ProjetTondeuse/CarteMere/LawnMower_MotherBoard/LawnMower_MotherBoard/Initialisation.c **** {
 298               	.LM33:
 299               	.LFBB4:
 300               	/* prologue: function */
 301               	/* frame size = 0 */
 302               	/* stack size = 0 */
 303               	.L__stack_usage = 0
 101:/Users/morgan/Documents/ProjetTondeuse/CarteMere/LawnMower_MotherBoard/LawnMower_MotherBoard/Initialisation.c ****     TWBR = 2; //TWBR  = ((F_CPU / SCL_CLK) – 16) / 2 - 400kHz
 305               	.LM34:
 306 008e 82E0      		ldi r24,lo8(2)
 307 0090 8093 B800 		sts 184,r24
 102:/Users/morgan/Documents/ProjetTondeuse/CarteMere/LawnMower_MotherBoard/LawnMower_MotherBoard/Initialisation.c ****     TWCR = (1<<TWEA) | (1<<TWEN) | (1<<TWIE);
 309               	.LM35:
 310 0094 85E4      		ldi r24,lo8(69)
 311 0096 8093 BC00 		sts 188,r24
 312 009a 0895      		ret
 314               	.Lscope4:
 316               	.global	INIT_wdt
 318               	INIT_wdt:
 103:/Users/morgan/Documents/ProjetTondeuse/CarteMere/LawnMower_MotherBoard/LawnMower_MotherBoard/Initialisation.c **** }
 104:/Users/morgan/Documents/ProjetTondeuse/CarteMere/LawnMower_MotherBoard/LawnMower_MotherBoard/Initialisation.c **** 
 105:/Users/morgan/Documents/ProjetTondeuse/CarteMere/LawnMower_MotherBoard/LawnMower_MotherBoard/Initialisation.c **** void INIT_wdt()
 106:/Users/morgan/Documents/ProjetTondeuse/CarteMere/LawnMower_MotherBoard/LawnMower_MotherBoard/Initialisation.c **** {
 320               	.LM36:
 321               	.LFBB5:
 322               	/* prologue: function */
 323               	/* frame size = 0 */
 324               	/* stack size = 0 */
 325               	.L__stack_usage = 0
 107:/Users/morgan/Documents/ProjetTondeuse/CarteMere/LawnMower_MotherBoard/LawnMower_MotherBoard/Initialisation.c **** 	cli();
 327               	.LM37:
 328               	/* #APP */
 329               	 ;  107 "/Users/morgan/Documents/ProjetTondeuse/CarteMere/LawnMower_MotherBoard/LawnMower_MotherBoa
 330 009c F894      		cli
 331               	 ;  0 "" 2
 108:/Users/morgan/Documents/ProjetTondeuse/CarteMere/LawnMower_MotherBoard/LawnMower_MotherBoard/Initialisation.c **** 	wdt_reset();
 333               	.LM38:
 334               	 ;  108 "/Users/morgan/Documents/ProjetTondeuse/CarteMere/LawnMower_MotherBoard/LawnMower_MotherBoa
 335 009e A895      		wdr
 336               	 ;  0 "" 2
 109:/Users/morgan/Documents/ProjetTondeuse/CarteMere/LawnMower_MotherBoard/LawnMower_MotherBoard/Initialisation.c **** 	WDTCSR |= (1<<WDCE) | (1<<WDE);
 338               	.LM39:
 339               	/* #NOAPP */
 340 00a0 E0E6      		ldi r30,lo8(96)
 341 00a2 F0E0      		ldi r31,0
 342 00a4 8081      		ld r24,Z
 343 00a6 8861      		ori r24,lo8(24)
 344 00a8 8083      		st Z,r24
 110:/Users/morgan/Documents/ProjetTondeuse/CarteMere/LawnMower_MotherBoard/LawnMower_MotherBoard/Initialisation.c **** 	WDTCSR = (1<<WDIE) | (1<<WDP2) | (1<<WDP1);
 346               	.LM40:
 347 00aa 86E4      		ldi r24,lo8(70)
 348 00ac 8083      		st Z,r24
 111:/Users/morgan/Documents/ProjetTondeuse/CarteMere/LawnMower_MotherBoard/LawnMower_MotherBoard/Initialisation.c **** 	sei();
 350               	.LM41:
 351               	/* #APP */
 352               	 ;  111 "/Users/morgan/Documents/ProjetTondeuse/CarteMere/LawnMower_MotherBoard/LawnMower_MotherBoa
 353 00ae 7894      		sei
 354               	 ;  0 "" 2
 355               	/* #NOAPP */
 356 00b0 0895      		ret
 358               	.Lscope5:
 360               	.global	INIT_uart
 362               	INIT_uart:
 112:/Users/morgan/Documents/ProjetTondeuse/CarteMere/LawnMower_MotherBoard/LawnMower_MotherBoard/Initialisation.c **** }
 113:/Users/morgan/Documents/ProjetTondeuse/CarteMere/LawnMower_MotherBoard/LawnMower_MotherBoard/Initialisation.c **** 
 114:/Users/morgan/Documents/ProjetTondeuse/CarteMere/LawnMower_MotherBoard/LawnMower_MotherBoard/Initialisation.c **** void INIT_uart()
 115:/Users/morgan/Documents/ProjetTondeuse/CarteMere/LawnMower_MotherBoard/LawnMower_MotherBoard/Initialisation.c **** {
 364               	.LM42:
 365               	.LFBB6:
 366               	/* prologue: function */
 367               	/* frame size = 0 */
 368               	/* stack size = 0 */
 369               	.L__stack_usage = 0
 116:/Users/morgan/Documents/ProjetTondeuse/CarteMere/LawnMower_MotherBoard/LawnMower_MotherBoard/Initialisation.c **** /***** UART BaudRate *****/
 117:/Users/morgan/Documents/ProjetTondeuse/CarteMere/LawnMower_MotherBoard/LawnMower_MotherBoard/Initialisation.c ****     UBRR0H = (BAUD_PRESCALE>>8);
 371               	.LM43:
 372 00b2 1092 C500 		sts 197,__zero_reg__
 118:/Users/morgan/Documents/ProjetTondeuse/CarteMere/LawnMower_MotherBoard/LawnMower_MotherBoard/Initialisation.c ****     UBRR0L = BAUD_PRESCALE;
 374               	.LM44:
 375 00b6 83E3      		ldi r24,lo8(51)
 376 00b8 8093 C400 		sts 196,r24
 119:/Users/morgan/Documents/ProjetTondeuse/CarteMere/LawnMower_MotherBoard/LawnMower_MotherBoard/Initialisation.c ****     
 120:/Users/morgan/Documents/ProjetTondeuse/CarteMere/LawnMower_MotherBoard/LawnMower_MotherBoard/Initialisation.c **** /***** Autoriser Transmition et Reception *****/
 121:/Users/morgan/Documents/ProjetTondeuse/CarteMere/LawnMower_MotherBoard/LawnMower_MotherBoard/Initialisation.c ****     UCSR0B |= (1<<RXCIE0) | (1<<TXEN0) | (1<<RXEN0);
 378               	.LM45:
 379 00bc E1EC      		ldi r30,lo8(-63)
 380 00be F0E0      		ldi r31,0
 381 00c0 8081      		ld r24,Z
 382 00c2 8869      		ori r24,lo8(-104)
 383 00c4 8083      		st Z,r24
 122:/Users/morgan/Documents/ProjetTondeuse/CarteMere/LawnMower_MotherBoard/LawnMower_MotherBoard/Initialisation.c ****     UCSR0C |= (1<<UCSZ01) | (1<<UCSZ00);
 385               	.LM46:
 386 00c6 E2EC      		ldi r30,lo8(-62)
 387 00c8 F0E0      		ldi r31,0
 388 00ca 8081      		ld r24,Z
 389 00cc 8660      		ori r24,lo8(6)
 390 00ce 8083      		st Z,r24
 391 00d0 0895      		ret
 393               	.Lscope6:
 395               	.global	INIT_adc
 397               	INIT_adc:
 123:/Users/morgan/Documents/ProjetTondeuse/CarteMere/LawnMower_MotherBoard/LawnMower_MotherBoard/Initialisation.c ****     
 124:/Users/morgan/Documents/ProjetTondeuse/CarteMere/LawnMower_MotherBoard/LawnMower_MotherBoard/Initialisation.c **** }
 125:/Users/morgan/Documents/ProjetTondeuse/CarteMere/LawnMower_MotherBoard/LawnMower_MotherBoard/Initialisation.c **** 
 126:/Users/morgan/Documents/ProjetTondeuse/CarteMere/LawnMower_MotherBoard/LawnMower_MotherBoard/Initialisation.c **** void INIT_adc()
 127:/Users/morgan/Documents/ProjetTondeuse/CarteMere/LawnMower_MotherBoard/LawnMower_MotherBoard/Initialisation.c **** {
 399               	.LM47:
 400               	.LFBB7:
 401               	/* prologue: function */
 402               	/* frame size = 0 */
 403               	/* stack size = 0 */
 404               	.L__stack_usage = 0
 128:/Users/morgan/Documents/ProjetTondeuse/CarteMere/LawnMower_MotherBoard/LawnMower_MotherBoard/Initialisation.c ****     ADMUX |= (1<<REFS0);
 406               	.LM48:
 407 00d2 ECE7      		ldi r30,lo8(124)
 408 00d4 F0E0      		ldi r31,0
 409 00d6 8081      		ld r24,Z
 410 00d8 8064      		ori r24,lo8(64)
 411 00da 8083      		st Z,r24
 129:/Users/morgan/Documents/ProjetTondeuse/CarteMere/LawnMower_MotherBoard/LawnMower_MotherBoard/Initialisation.c ****     ADCSRA |= (1<<ADEN) | (1<<ADPS2) | (1<<ADPS1); // Enable ADC, Interrup et 64 prescale
 413               	.LM49:
 414 00dc EAE7      		ldi r30,lo8(122)
 415 00de F0E0      		ldi r31,0
 416 00e0 8081      		ld r24,Z
 417 00e2 8668      		ori r24,lo8(-122)
 418 00e4 8083      		st Z,r24
 419 00e6 0895      		ret
 421               	.Lscope7:
 423               	.global	INIT_variable
 425               	INIT_variable:
 130:/Users/morgan/Documents/ProjetTondeuse/CarteMere/LawnMower_MotherBoard/LawnMower_MotherBoard/Initialisation.c **** }
 131:/Users/morgan/Documents/ProjetTondeuse/CarteMere/LawnMower_MotherBoard/LawnMower_MotherBoard/Initialisation.c **** 
 132:/Users/morgan/Documents/ProjetTondeuse/CarteMere/LawnMower_MotherBoard/LawnMower_MotherBoard/Initialisation.c **** void INIT_variable()
 133:/Users/morgan/Documents/ProjetTondeuse/CarteMere/LawnMower_MotherBoard/LawnMower_MotherBoard/Initialisation.c **** {
 427               	.LM50:
 428               	.LFBB8:
 429               	/* prologue: function */
 430               	/* frame size = 0 */
 431               	/* stack size = 0 */
 432               	.L__stack_usage = 0
 134:/Users/morgan/Documents/ProjetTondeuse/CarteMere/LawnMower_MotherBoard/LawnMower_MotherBoard/Initialisation.c ****     _eEtatBlade = OFF;
 434               	.LM51:
 435 00e8 81E0      		ldi r24,lo8(1)
 436 00ea 8093 0000 		sts _eEtatBlade,r24
 135:/Users/morgan/Documents/ProjetTondeuse/CarteMere/LawnMower_MotherBoard/LawnMower_MotherBoard/Initialisation.c **** 	_eEtatRain = OFF;
 438               	.LM52:
 439 00ee 8093 0000 		sts _eEtatRain,r24
 136:/Users/morgan/Documents/ProjetTondeuse/CarteMere/LawnMower_MotherBoard/LawnMower_MotherBoard/Initialisation.c **** 	_eEtatMower = UNKNOWN_ETAT;
 441               	.LM53:
 442 00f2 1092 0000 		sts _eEtatMower,__zero_reg__
 137:/Users/morgan/Documents/ProjetTondeuse/CarteMere/LawnMower_MotherBoard/LawnMower_MotherBoard/Initialisation.c **** 	_eErrorMower = NTR;
 444               	.LM54:
 445 00f6 88E0      		ldi r24,lo8(8)
 446 00f8 8093 0000 		sts _eErrorMower,r24
 138:/Users/morgan/Documents/ProjetTondeuse/CarteMere/LawnMower_MotherBoard/LawnMower_MotherBoard/Initialisation.c **** 	_uBpStop = 0;
 448               	.LM55:
 449 00fc 1092 0000 		sts _uBpStop,__zero_reg__
 139:/Users/morgan/Documents/ProjetTondeuse/CarteMere/LawnMower_MotherBoard/LawnMower_MotherBoard/Initialisation.c **** 	_uBpStart = 0;
 451               	.LM56:
 452 0100 1092 0000 		sts _uBpStart,__zero_reg__
 140:/Users/morgan/Documents/ProjetTondeuse/CarteMere/LawnMower_MotherBoard/LawnMower_MotherBoard/Initialisation.c **** 	_uBpForceStart = 0;
 454               	.LM57:
 455 0104 1092 0000 		sts _uBpForceStart,__zero_reg__
 141:/Users/morgan/Documents/ProjetTondeuse/CarteMere/LawnMower_MotherBoard/LawnMower_MotherBoard/Initialisation.c **** 	_uWireReached = 0;
 457               	.LM58:
 458 0108 1092 0000 		sts _uWireReached,__zero_reg__
 142:/Users/morgan/Documents/ProjetTondeuse/CarteMere/LawnMower_MotherBoard/LawnMower_MotherBoard/Initialisation.c **** 	_uFlagWatchdog = 0;
 460               	.LM59:
 461 010c 1092 0000 		sts _uFlagWatchdog,__zero_reg__
 462 0110 0895      		ret
 464               	.Lscope8:
 466               	.global	Initialisation
 468               	Initialisation:
  20:/Users/morgan/Documents/ProjetTondeuse/CarteMere/LawnMower_MotherBoard/LawnMower_MotherBoard/Initialisation.c **** {
 470               	.LM60:
 471               	.LFBB9:
 472               	/* prologue: function */
 473               	/* frame size = 0 */
 474               	/* stack size = 0 */
 475               	.L__stack_usage = 0
  21:/Users/morgan/Documents/ProjetTondeuse/CarteMere/LawnMower_MotherBoard/LawnMower_MotherBoard/Initialisation.c ****     INIT_io();
 477               	.LM61:
 478 0112 0E94 0000 		call INIT_io
  22:/Users/morgan/Documents/ProjetTondeuse/CarteMere/LawnMower_MotherBoard/LawnMower_MotherBoard/Initialisation.c ****     INIT_variable();
 480               	.LM62:
 481 0116 0E94 0000 		call INIT_variable
  23:/Users/morgan/Documents/ProjetTondeuse/CarteMere/LawnMower_MotherBoard/LawnMower_MotherBoard/Initialisation.c ****     INIT_pwm();
 483               	.LM63:
 484 011a 0E94 0000 		call INIT_pwm
  24:/Users/morgan/Documents/ProjetTondeuse/CarteMere/LawnMower_MotherBoard/LawnMower_MotherBoard/Initialisation.c ****     INIT_twi();
 486               	.LM64:
 487 011e 0E94 0000 		call INIT_twi
  25:/Users/morgan/Documents/ProjetTondeuse/CarteMere/LawnMower_MotherBoard/LawnMower_MotherBoard/Initialisation.c ****     INIT_uart();
 489               	.LM65:
 490 0122 0E94 0000 		call INIT_uart
  26:/Users/morgan/Documents/ProjetTondeuse/CarteMere/LawnMower_MotherBoard/LawnMower_MotherBoard/Initialisation.c ****     INIT_adc();
 492               	.LM66:
 493 0126 0E94 0000 		call INIT_adc
  27:/Users/morgan/Documents/ProjetTondeuse/CarteMere/LawnMower_MotherBoard/LawnMower_MotherBoard/Initialisation.c **** 	INIT_wdt();
 495               	.LM67:
 496 012a 0E94 0000 		call INIT_wdt
  28:/Users/morgan/Documents/ProjetTondeuse/CarteMere/LawnMower_MotherBoard/LawnMower_MotherBoard/Initialisation.c ****     INIT_interrupt();
 498               	.LM68:
 499 012e 0C94 0000 		jmp INIT_interrupt
 501               	.Lscope9:
 502               		.comm	_eCommandMower,1,1
 503               		.comm	_eErrorMower,1,1
 504               		.comm	_eEtatMower,1,1
 505               		.comm	_eEtatRain,1,1
 506               		.comm	_eEtatBlade,1,1
 507               		.comm	_FlagError,1,1
 508               		.comm	_uFlagWatchdog,1,1
 509               		.comm	_uBpStop,1,1
 510               		.comm	_uBpForceStart,1,1
 511               		.comm	_uBpStart,1,1
 512               		.comm	_uBattery,1,1
 513               		.comm	_uDate,1,1
 514               		.comm	_uTime,1,1
 515               		.comm	_uWireReached,1,1
 531               	.Letext0:
 532               		.ident	"GCC: (GNU) 4.8.1"
 533               	.global __do_clear_bss
DEFINED SYMBOLS
                            *ABS*:00000000 Initialisation.c
/var/folders/7v/8zggs6793555zz3yx7qh3tp40000gn/T//ccQ0cBZD.s:2      *ABS*:0000003e __SP_H__
/var/folders/7v/8zggs6793555zz3yx7qh3tp40000gn/T//ccQ0cBZD.s:3      *ABS*:0000003d __SP_L__
/var/folders/7v/8zggs6793555zz3yx7qh3tp40000gn/T//ccQ0cBZD.s:4      *ABS*:0000003f __SREG__
/var/folders/7v/8zggs6793555zz3yx7qh3tp40000gn/T//ccQ0cBZD.s:5      *ABS*:00000000 __tmp_reg__
/var/folders/7v/8zggs6793555zz3yx7qh3tp40000gn/T//ccQ0cBZD.s:6      *ABS*:00000001 __zero_reg__
/var/folders/7v/8zggs6793555zz3yx7qh3tp40000gn/T//ccQ0cBZD.s:124    .text:00000000 INIT_io
/var/folders/7v/8zggs6793555zz3yx7qh3tp40000gn/T//ccQ0cBZD.s:204    .text:0000003e INIT_interrupt
/var/folders/7v/8zggs6793555zz3yx7qh3tp40000gn/T//ccQ0cBZD.s:246    .text:00000060 INIT_pwm
/var/folders/7v/8zggs6793555zz3yx7qh3tp40000gn/T//ccQ0cBZD.s:296    .text:0000008e INIT_twi
/var/folders/7v/8zggs6793555zz3yx7qh3tp40000gn/T//ccQ0cBZD.s:318    .text:0000009c INIT_wdt
/var/folders/7v/8zggs6793555zz3yx7qh3tp40000gn/T//ccQ0cBZD.s:362    .text:000000b2 INIT_uart
/var/folders/7v/8zggs6793555zz3yx7qh3tp40000gn/T//ccQ0cBZD.s:397    .text:000000d2 INIT_adc
/var/folders/7v/8zggs6793555zz3yx7qh3tp40000gn/T//ccQ0cBZD.s:425    .text:000000e8 INIT_variable
                            *COM*:00000001 _eEtatBlade
                            *COM*:00000001 _eEtatRain
                            *COM*:00000001 _eEtatMower
                            *COM*:00000001 _eErrorMower
                            *COM*:00000001 _uBpStop
                            *COM*:00000001 _uBpStart
                            *COM*:00000001 _uBpForceStart
                            *COM*:00000001 _uWireReached
                            *COM*:00000001 _uFlagWatchdog
/var/folders/7v/8zggs6793555zz3yx7qh3tp40000gn/T//ccQ0cBZD.s:468    .text:00000112 Initialisation
                            *COM*:00000001 _eCommandMower
                            *COM*:00000001 _FlagError
                            *COM*:00000001 _uBattery
                            *COM*:00000001 _uDate
                            *COM*:00000001 _uTime

UNDEFINED SYMBOLS
__do_clear_bss
