   1               		.file	"Interrupt.c"
   2               	__SP_H__ = 0x3e
   3               	__SP_L__ = 0x3d
   4               	__SREG__ = 0x3f
   5               	__tmp_reg__ = 0
   6               	__zero_reg__ = 1
   8               		.text
   9               	.Ltext0:
 110               	.global	__vector_18
 112               	__vector_18:
   1:/Users/morgan/Documents/ProjetTondeuse/CarteMere/LawnMower_MotherBoard/LawnMower_MotherBoard/Interrupt.c **** //
   2:/Users/morgan/Documents/ProjetTondeuse/CarteMere/LawnMower_MotherBoard/LawnMower_MotherBoard/Interrupt.c **** //  Interrupt.c
   3:/Users/morgan/Documents/ProjetTondeuse/CarteMere/LawnMower_MotherBoard/LawnMower_MotherBoard/Interrupt.c **** //  LawnMower_MotherBoard
   4:/Users/morgan/Documents/ProjetTondeuse/CarteMere/LawnMower_MotherBoard/LawnMower_MotherBoard/Interrupt.c **** //
   5:/Users/morgan/Documents/ProjetTondeuse/CarteMere/LawnMower_MotherBoard/LawnMower_MotherBoard/Interrupt.c **** //  Created by morgan on 29/01/2020.
   6:/Users/morgan/Documents/ProjetTondeuse/CarteMere/LawnMower_MotherBoard/LawnMower_MotherBoard/Interrupt.c **** //  Copyright © 2020 morgan venandy. All rights reserved.
   7:/Users/morgan/Documents/ProjetTondeuse/CarteMere/LawnMower_MotherBoard/LawnMower_MotherBoard/Interrupt.c **** //
   8:/Users/morgan/Documents/ProjetTondeuse/CarteMere/LawnMower_MotherBoard/LawnMower_MotherBoard/Interrupt.c **** 
   9:/Users/morgan/Documents/ProjetTondeuse/CarteMere/LawnMower_MotherBoard/LawnMower_MotherBoard/Interrupt.c **** #include <stdio.h>
  10:/Users/morgan/Documents/ProjetTondeuse/CarteMere/LawnMower_MotherBoard/LawnMower_MotherBoard/Interrupt.c **** #include <avr/io.h>
  11:/Users/morgan/Documents/ProjetTondeuse/CarteMere/LawnMower_MotherBoard/LawnMower_MotherBoard/Interrupt.c **** #include <avr/interrupt.h>
  12:/Users/morgan/Documents/ProjetTondeuse/CarteMere/LawnMower_MotherBoard/LawnMower_MotherBoard/Interrupt.c **** 
  13:/Users/morgan/Documents/ProjetTondeuse/CarteMere/LawnMower_MotherBoard/LawnMower_MotherBoard/Interrupt.c **** #include "uart.h"
  14:/Users/morgan/Documents/ProjetTondeuse/CarteMere/LawnMower_MotherBoard/LawnMower_MotherBoard/Interrupt.c **** 
  15:/Users/morgan/Documents/ProjetTondeuse/CarteMere/LawnMower_MotherBoard/LawnMower_MotherBoard/Interrupt.c **** ISR(USART_RX_vect)
  16:/Users/morgan/Documents/ProjetTondeuse/CarteMere/LawnMower_MotherBoard/LawnMower_MotherBoard/Interrupt.c **** {
 114               	.LM0:
 115               	.LFBB1:
 116 0000 1F92      		push r1
 117 0002 0F92      		push r0
 118 0004 0FB6      		in r0,__SREG__
 119 0006 0F92      		push r0
 120 0008 1124      		clr __zero_reg__
 121               	/* prologue: Signal */
 122               	/* frame size = 0 */
 123               	/* stack size = 3 */
 124               	.L__stack_usage = 3
 125               	/* epilogue start */
  17:/Users/morgan/Documents/ProjetTondeuse/CarteMere/LawnMower_MotherBoard/LawnMower_MotherBoard/Interrupt.c ****     
  18:/Users/morgan/Documents/ProjetTondeuse/CarteMere/LawnMower_MotherBoard/LawnMower_MotherBoard/Interrupt.c **** }
 127               	.LM1:
 128 000a 0F90      		pop r0
 129 000c 0FBE      		out __SREG__,r0
 130 000e 0F90      		pop r0
 131 0010 1F90      		pop r1
 132 0012 1895      		reti
 134               	.Lscope1:
 136               	.global	__vector_5
 138               	__vector_5:
  19:/Users/morgan/Documents/ProjetTondeuse/CarteMere/LawnMower_MotherBoard/LawnMower_MotherBoard/Interrupt.c **** 
  20:/Users/morgan/Documents/ProjetTondeuse/CarteMere/LawnMower_MotherBoard/LawnMower_MotherBoard/Interrupt.c **** ISR(PCINT2_vect)
  21:/Users/morgan/Documents/ProjetTondeuse/CarteMere/LawnMower_MotherBoard/LawnMower_MotherBoard/Interrupt.c **** {
 140               	.LM2:
 141               	.LFBB2:
 142 0014 1F92      		push r1
 143 0016 0F92      		push r0
 144 0018 0FB6      		in r0,__SREG__
 145 001a 0F92      		push r0
 146 001c 1124      		clr __zero_reg__
 147               	/* prologue: Signal */
 148               	/* frame size = 0 */
 149               	/* stack size = 3 */
 150               	.L__stack_usage = 3
 151               	/* epilogue start */
  22:/Users/morgan/Documents/ProjetTondeuse/CarteMere/LawnMower_MotherBoard/LawnMower_MotherBoard/Interrupt.c ****     
  23:/Users/morgan/Documents/ProjetTondeuse/CarteMere/LawnMower_MotherBoard/LawnMower_MotherBoard/Interrupt.c **** }
 153               	.LM3:
 154 001e 0F90      		pop r0
 155 0020 0FBE      		out __SREG__,r0
 156 0022 0F90      		pop r0
 157 0024 1F90      		pop r1
 158 0026 1895      		reti
 160               	.Lscope2:
 162               	.global	__vector_3
 164               	__vector_3:
  24:/Users/morgan/Documents/ProjetTondeuse/CarteMere/LawnMower_MotherBoard/LawnMower_MotherBoard/Interrupt.c **** 
  25:/Users/morgan/Documents/ProjetTondeuse/CarteMere/LawnMower_MotherBoard/LawnMower_MotherBoard/Interrupt.c **** ISR(PCINT0_vect)
  26:/Users/morgan/Documents/ProjetTondeuse/CarteMere/LawnMower_MotherBoard/LawnMower_MotherBoard/Interrupt.c **** {
 166               	.LM4:
 167               	.LFBB3:
 168 0028 1F92      		push r1
 169 002a 0F92      		push r0
 170 002c 0FB6      		in r0,__SREG__
 171 002e 0F92      		push r0
 172 0030 1124      		clr __zero_reg__
 173               	/* prologue: Signal */
 174               	/* frame size = 0 */
 175               	/* stack size = 3 */
 176               	.L__stack_usage = 3
 177               	/* epilogue start */
  27:/Users/morgan/Documents/ProjetTondeuse/CarteMere/LawnMower_MotherBoard/LawnMower_MotherBoard/Interrupt.c ****     
  28:/Users/morgan/Documents/ProjetTondeuse/CarteMere/LawnMower_MotherBoard/LawnMower_MotherBoard/Interrupt.c **** }...
 179               	.LM5:
 180 0032 0F90      		pop r0
 181 0034 0FBE      		out __SREG__,r0
 182 0036 0F90      		pop r0
 183 0038 1F90      		pop r1
 184 003a 1895      		reti
 186               	.Lscope3:
 188               	.Letext0:
 189               		.ident	"GCC: (GNU) 4.8.1"
DEFINED SYMBOLS
                            *ABS*:00000000 Interrupt.c
/var/folders/7v/8zggs6793555zz3yx7qh3tp40000gn/T//ccIvP832.s:2      *ABS*:0000003e __SP_H__
/var/folders/7v/8zggs6793555zz3yx7qh3tp40000gn/T//ccIvP832.s:3      *ABS*:0000003d __SP_L__
/var/folders/7v/8zggs6793555zz3yx7qh3tp40000gn/T//ccIvP832.s:4      *ABS*:0000003f __SREG__
/var/folders/7v/8zggs6793555zz3yx7qh3tp40000gn/T//ccIvP832.s:5      *ABS*:00000000 __tmp_reg__
/var/folders/7v/8zggs6793555zz3yx7qh3tp40000gn/T//ccIvP832.s:6      *ABS*:00000001 __zero_reg__
/var/folders/7v/8zggs6793555zz3yx7qh3tp40000gn/T//ccIvP832.s:112    .text:00000000 __vector_18
/var/folders/7v/8zggs6793555zz3yx7qh3tp40000gn/T//ccIvP832.s:138    .text:00000014 __vector_5
/var/folders/7v/8zggs6793555zz3yx7qh3tp40000gn/T//ccIvP832.s:164    .text:00000028 __vector_3

NO UNDEFINED SYMBOLS
