   1               		.file	"Interrupt.c"
   2               	__SP_H__ = 0x3e
   3               	__SP_L__ = 0x3d
   4               	__SREG__ = 0x3f
   5               	__tmp_reg__ = 0
   6               	__zero_reg__ = 1
   8               		.text
   9               	.Ltext0:
 122               	.global	__vector_18
 124               	__vector_18:
   1:/Users/morgan/Documents/ProjetTondeuse/CarteMere/LawnMower_MotherBoard/LawnMower_MotherBoard/Interrupt.c **** //
   2:/Users/morgan/Documents/ProjetTondeuse/CarteMere/LawnMower_MotherBoard/LawnMower_MotherBoard/Interrupt.c **** //  Interrupt.c
   3:/Users/morgan/Documents/ProjetTondeuse/CarteMere/LawnMower_MotherBoard/LawnMower_MotherBoard/Interrupt.c **** //  LawnMower_MotherBoard
   4:/Users/morgan/Documents/ProjetTondeuse/CarteMere/LawnMower_MotherBoard/LawnMower_MotherBoard/Interrupt.c **** //
   5:/Users/morgan/Documents/ProjetTondeuse/CarteMere/LawnMower_MotherBoard/LawnMower_MotherBoard/Interrupt.c **** //  Created by morgan on 29/01/2020.
   6:/Users/morgan/Documents/ProjetTondeuse/CarteMere/LawnMower_MotherBoard/LawnMower_MotherBoard/Interrupt.c **** //  Copyright © 2020 morgan venandy. All rights reserved.
   7:/Users/morgan/Documents/ProjetTondeuse/CarteMere/LawnMower_MotherBoard/LawnMower_MotherBoard/Interrupt.c **** //
   8:/Users/morgan/Documents/ProjetTondeuse/CarteMere/LawnMower_MotherBoard/LawnMower_MotherBoard/Interrupt.c **** 
   9:/Users/morgan/Documents/ProjetTondeuse/CarteMere/LawnMower_MotherBoard/LawnMower_MotherBoard/Interrupt.c **** #include <stdio.h>
  10:/Users/morgan/Documents/ProjetTondeuse/CarteMere/LawnMower_MotherBoard/LawnMower_MotherBoard/Interrupt.c **** #include <avr/io.h>
  11:/Users/morgan/Documents/ProjetTondeuse/CarteMere/LawnMower_MotherBoard/LawnMower_MotherBoard/Interrupt.c **** #include <avr/interrupt.h>
  12:/Users/morgan/Documents/ProjetTondeuse/CarteMere/LawnMower_MotherBoard/LawnMower_MotherBoard/Interrupt.c **** 
  13:/Users/morgan/Documents/ProjetTondeuse/CarteMere/LawnMower_MotherBoard/LawnMower_MotherBoard/Interrupt.c **** #include "constant.h"
  14:/Users/morgan/Documents/ProjetTondeuse/CarteMere/LawnMower_MotherBoard/LawnMower_MotherBoard/Interrupt.c **** #include "uart.h"
  15:/Users/morgan/Documents/ProjetTondeuse/CarteMere/LawnMower_MotherBoard/LawnMower_MotherBoard/Interrupt.c **** #include "status.h"
  16:/Users/morgan/Documents/ProjetTondeuse/CarteMere/LawnMower_MotherBoard/LawnMower_MotherBoard/Interrupt.c **** #include "mower.h"
  17:/Users/morgan/Documents/ProjetTondeuse/CarteMere/LawnMower_MotherBoard/LawnMower_MotherBoard/Interrupt.c **** 
  18:/Users/morgan/Documents/ProjetTondeuse/CarteMere/LawnMower_MotherBoard/LawnMower_MotherBoard/Interrupt.c **** ISR(USART_RX_vect)
  19:/Users/morgan/Documents/ProjetTondeuse/CarteMere/LawnMower_MotherBoard/LawnMower_MotherBoard/Interrupt.c **** {
 126               	.LM0:
 127               	.LFBB1:
 128 0000 1F92      		push r1
 129 0002 0F92      		push r0
 130 0004 0FB6      		in r0,__SREG__
 131 0006 0F92      		push r0
 132 0008 1124      		clr __zero_reg__
 133 000a 2F93      		push r18
 134 000c 3F93      		push r19
 135 000e 4F93      		push r20
 136 0010 5F93      		push r21
 137 0012 6F93      		push r22
 138 0014 7F93      		push r23
 139 0016 8F93      		push r24
 140 0018 9F93      		push r25
 141 001a AF93      		push r26
 142 001c BF93      		push r27
 143 001e EF93      		push r30
 144 0020 FF93      		push r31
 145               	/* prologue: Signal */
 146               	/* frame size = 0 */
 147               	/* stack size = 15 */
 148               	.L__stack_usage = 15
  20:/Users/morgan/Documents/ProjetTondeuse/CarteMere/LawnMower_MotherBoard/LawnMower_MotherBoard/Interrupt.c ****     STATUS_receivedStatus();
 150               	.LM1:
 151 0022 0E94 0000 		call STATUS_receivedStatus
 152               	/* epilogue start */
  21:/Users/morgan/Documents/ProjetTondeuse/CarteMere/LawnMower_MotherBoard/LawnMower_MotherBoard/Interrupt.c **** }
 154               	.LM2:
 155 0026 FF91      		pop r31
 156 0028 EF91      		pop r30
 157 002a BF91      		pop r27
 158 002c AF91      		pop r26
 159 002e 9F91      		pop r25
 160 0030 8F91      		pop r24
 161 0032 7F91      		pop r23
 162 0034 6F91      		pop r22
 163 0036 5F91      		pop r21
 164 0038 4F91      		pop r20
 165 003a 3F91      		pop r19
 166 003c 2F91      		pop r18
 167 003e 0F90      		pop r0
 168 0040 0FBE      		out __SREG__,r0
 169 0042 0F90      		pop r0
 170 0044 1F90      		pop r1
 171 0046 1895      		reti
 173               	.Lscope1:
 175               	.global	__vector_6
 177               	__vector_6:
  22:/Users/morgan/Documents/ProjetTondeuse/CarteMere/LawnMower_MotherBoard/LawnMower_MotherBoard/Interrupt.c **** 
  23:/Users/morgan/Documents/ProjetTondeuse/CarteMere/LawnMower_MotherBoard/LawnMower_MotherBoard/Interrupt.c **** ISR(WDT_vect) {
 179               	.LM3:
 180               	.LFBB2:
 181 0048 1F92      		push r1
 182 004a 0F92      		push r0
 183 004c 0FB6      		in r0,__SREG__
 184 004e 0F92      		push r0
 185 0050 1124      		clr __zero_reg__
 186 0052 8F93      		push r24
 187               	/* prologue: Signal */
 188               	/* frame size = 0 */
 189               	/* stack size = 4 */
 190               	.L__stack_usage = 4
  24:/Users/morgan/Documents/ProjetTondeuse/CarteMere/LawnMower_MotherBoard/LawnMower_MotherBoard/Interrupt.c **** 	_uFlagWatchdog = 1;
 192               	.LM4:
 193 0054 81E0      		ldi r24,lo8(1)
 194 0056 8093 0000 		sts _uFlagWatchdog,r24
 195               	/* epilogue start */
  25:/Users/morgan/Documents/ProjetTondeuse/CarteMere/LawnMower_MotherBoard/LawnMower_MotherBoard/Interrupt.c **** }
 197               	.LM5:
 198 005a 8F91      		pop r24
 199 005c 0F90      		pop r0
 200 005e 0FBE      		out __SREG__,r0
 201 0060 0F90      		pop r0
 202 0062 1F90      		pop r1
 203 0064 1895      		reti
 205               	.Lscope2:
 207               	.global	__vector_5
 209               	__vector_5:
  26:/Users/morgan/Documents/ProjetTondeuse/CarteMere/LawnMower_MotherBoard/LawnMower_MotherBoard/Interrupt.c **** 
  27:/Users/morgan/Documents/ProjetTondeuse/CarteMere/LawnMower_MotherBoard/LawnMower_MotherBoard/Interrupt.c **** ISR(PCINT2_vect)
  28:/Users/morgan/Documents/ProjetTondeuse/CarteMere/LawnMower_MotherBoard/LawnMower_MotherBoard/Interrupt.c **** {
 211               	.LM6:
 212               	.LFBB3:
 213 0066 1F92      		push r1
 214 0068 0F92      		push r0
 215 006a 0FB6      		in r0,__SREG__
 216 006c 0F92      		push r0
 217 006e 1124      		clr __zero_reg__
 218 0070 2F93      		push r18
 219 0072 3F93      		push r19
 220 0074 4F93      		push r20
 221 0076 5F93      		push r21
 222 0078 6F93      		push r22
 223 007a 7F93      		push r23
 224 007c 8F93      		push r24
 225 007e 9F93      		push r25
 226 0080 AF93      		push r26
 227 0082 BF93      		push r27
 228 0084 EF93      		push r30
 229 0086 FF93      		push r31
 230               	/* prologue: Signal */
 231               	/* frame size = 0 */
 232               	/* stack size = 15 */
 233               	.L__stack_usage = 15
  29:/Users/morgan/Documents/ProjetTondeuse/CarteMere/LawnMower_MotherBoard/LawnMower_MotherBoard/Interrupt.c ****     //BP Start
  30:/Users/morgan/Documents/ProjetTondeuse/CarteMere/LawnMower_MotherBoard/LawnMower_MotherBoard/Interrupt.c **** 	if(!(PIND & (1<<PIND7))) {
 235               	.LM7:
 236 0088 4F99      		sbic 0x9,7
 237 008a 00C0      		rjmp .L3
  31:/Users/morgan/Documents/ProjetTondeuse/CarteMere/LawnMower_MotherBoard/LawnMower_MotherBoard/Interrupt.c **** 		if(!isDocking()) {
 239               	.LM8:
 240 008c 0E94 0000 		call isDocking
 241 0090 8111      		cpse r24,__zero_reg__
 242 0092 00C0      		rjmp .L5
  32:/Users/morgan/Documents/ProjetTondeuse/CarteMere/LawnMower_MotherBoard/LawnMower_MotherBoard/Interrupt.c **** 			_uBpStop = 0;
 244               	.LM9:
 245 0094 1092 0000 		sts _uBpStop,__zero_reg__
  33:/Users/morgan/Documents/ProjetTondeuse/CarteMere/LawnMower_MotherBoard/LawnMower_MotherBoard/Interrupt.c **** 			_uBpStart ^= (1<<1);
 247               	.LM10:
 248 0098 8091 0000 		lds r24,_uBpStart
 249 009c 92E0      		ldi r25,lo8(2)
 250 009e 8927      		eor r24,r25
 251 00a0 8093 0000 		sts _uBpStart,r24
 252 00a4 00C0      		rjmp .L3
 253               	.L5:
  34:/Users/morgan/Documents/ProjetTondeuse/CarteMere/LawnMower_MotherBoard/LawnMower_MotherBoard/Interrupt.c **** 		}
  35:/Users/morgan/Documents/ProjetTondeuse/CarteMere/LawnMower_MotherBoard/LawnMower_MotherBoard/Interrupt.c **** 		else
  36:/Users/morgan/Documents/ProjetTondeuse/CarteMere/LawnMower_MotherBoard/LawnMower_MotherBoard/Interrupt.c **** 			_uBpForceStart = 1;
 255               	.LM11:
 256 00a6 81E0      		ldi r24,lo8(1)
 257 00a8 8093 0000 		sts _uBpForceStart,r24
 258               	.L3:
 259               	/* epilogue start */
  37:/Users/morgan/Documents/ProjetTondeuse/CarteMere/LawnMower_MotherBoard/LawnMower_MotherBoard/Interrupt.c **** 		
  38:/Users/morgan/Documents/ProjetTondeuse/CarteMere/LawnMower_MotherBoard/LawnMower_MotherBoard/Interrupt.c **** 	}
  39:/Users/morgan/Documents/ProjetTondeuse/CarteMere/LawnMower_MotherBoard/LawnMower_MotherBoard/Interrupt.c **** }
 261               	.LM12:
 262 00ac FF91      		pop r31
 263 00ae EF91      		pop r30
 264 00b0 BF91      		pop r27
 265 00b2 AF91      		pop r26
 266 00b4 9F91      		pop r25
 267 00b6 8F91      		pop r24
 268 00b8 7F91      		pop r23
 269 00ba 6F91      		pop r22
 270 00bc 5F91      		pop r21
 271 00be 4F91      		pop r20
 272 00c0 3F91      		pop r19
 273 00c2 2F91      		pop r18
 274 00c4 0F90      		pop r0
 275 00c6 0FBE      		out __SREG__,r0
 276 00c8 0F90      		pop r0
 277 00ca 1F90      		pop r1
 278 00cc 1895      		reti
 280               	.Lscope3:
 282               	.global	__vector_3
 284               	__vector_3:
  40:/Users/morgan/Documents/ProjetTondeuse/CarteMere/LawnMower_MotherBoard/LawnMower_MotherBoard/Interrupt.c **** 
  41:/Users/morgan/Documents/ProjetTondeuse/CarteMere/LawnMower_MotherBoard/LawnMower_MotherBoard/Interrupt.c **** ISR(PCINT0_vect)
  42:/Users/morgan/Documents/ProjetTondeuse/CarteMere/LawnMower_MotherBoard/LawnMower_MotherBoard/Interrupt.c **** {
 286               	.LM13:
 287               	.LFBB4:
 288 00ce 1F92      		push r1
 289 00d0 0F92      		push r0
 290 00d2 0FB6      		in r0,__SREG__
 291 00d4 0F92      		push r0
 292 00d6 1124      		clr __zero_reg__
 293 00d8 2F93      		push r18
 294 00da 3F93      		push r19
 295 00dc 4F93      		push r20
 296 00de 5F93      		push r21
 297 00e0 6F93      		push r22
 298 00e2 7F93      		push r23
 299 00e4 8F93      		push r24
 300 00e6 9F93      		push r25
 301 00e8 AF93      		push r26
 302 00ea BF93      		push r27
 303 00ec CF93      		push r28
 304 00ee EF93      		push r30
 305 00f0 FF93      		push r31
 306               	/* prologue: Signal */
 307               	/* frame size = 0 */
 308               	/* stack size = 16 */
 309               	.L__stack_usage = 16
  43:/Users/morgan/Documents/ProjetTondeuse/CarteMere/LawnMower_MotherBoard/LawnMower_MotherBoard/Interrupt.c ****     //BP Stop
  44:/Users/morgan/Documents/ProjetTondeuse/CarteMere/LawnMower_MotherBoard/LawnMower_MotherBoard/Interrupt.c **** 	if(!(PINB & (1<<PINB0))) {
 311               	.LM14:
 312 00f2 1899      		sbic 0x3,0
 313 00f4 00C0      		rjmp .L7
  45:/Users/morgan/Documents/ProjetTondeuse/CarteMere/LawnMower_MotherBoard/LawnMower_MotherBoard/Interrupt.c **** 		_uBpStop = 1;
 315               	.LM15:
 316 00f6 C1E0      		ldi r28,lo8(1)
 317 00f8 C093 0000 		sts _uBpStop,r28
  46:/Users/morgan/Documents/ProjetTondeuse/CarteMere/LawnMower_MotherBoard/LawnMower_MotherBoard/Interrupt.c **** 		if((_eEtatRain == ON) && (isDocking()))
 319               	.LM16:
 320 00fc 8091 0000 		lds r24,_eEtatRain
 321 0100 8111      		cpse r24,__zero_reg__
 322 0102 00C0      		rjmp .L7
 324               	.LM17:
 325 0104 0E94 0000 		call isDocking
 326 0108 8111      		cpse r24,__zero_reg__
  47:/Users/morgan/Documents/ProjetTondeuse/CarteMere/LawnMower_MotherBoard/LawnMower_MotherBoard/Interrupt.c **** 			_eEtatRain = OFF;
 328               	.LM18:
 329 010a C093 0000 		sts _eEtatRain,r28
 330               	.L7:
 331               	/* epilogue start */
  48:/Users/morgan/Documents/ProjetTondeuse/CarteMere/LawnMower_MotherBoard/LawnMower_MotherBoard/Interrupt.c **** 	}
  49:/Users/morgan/Documents/ProjetTondeuse/CarteMere/LawnMower_MotherBoard/LawnMower_MotherBoard/Interrupt.c **** }
 333               	.LM19:
 334 010e FF91      		pop r31
 335 0110 EF91      		pop r30
 336 0112 CF91      		pop r28
 337 0114 BF91      		pop r27
 338 0116 AF91      		pop r26
 339 0118 9F91      		pop r25
 340 011a 8F91      		pop r24
 341 011c 7F91      		pop r23
 342 011e 6F91      		pop r22
 343 0120 5F91      		pop r21
 344 0122 4F91      		pop r20
 345 0124 3F91      		pop r19
 346 0126 2F91      		pop r18
 347 0128 0F90      		pop r0
 348 012a 0FBE      		out __SREG__,r0
 349 012c 0F90      		pop r0
 350 012e 1F90      		pop r1
 351 0130 1895      		reti
 353               	.Lscope4:
 354               		.comm	_eCommandMower,1,1
 355               		.comm	_eErrorMower,1,1
 356               		.comm	_eEtatMower,1,1
 357               		.comm	_eEtatRain,1,1
 358               		.comm	_eEtatBlade,1,1
 359               		.comm	_FlagError,1,1
 360               		.comm	_uFlagWatchdog,1,1
 361               		.comm	_uWireReached,1,1
 362               		.comm	_uBpStop,1,1
 363               		.comm	_uBpForceStart,1,1
 364               		.comm	_uBpStart,1,1
 365               		.comm	_uBattery,1,1
 366               		.comm	_uDate,1,1
 367               		.comm	_uTime,1,1
 383               	.Letext0:
 384               		.ident	"GCC: (GNU) 4.8.1"
 385               	.global __do_clear_bss
DEFINED SYMBOLS
                            *ABS*:00000000 Interrupt.c
/var/folders/7v/8zggs6793555zz3yx7qh3tp40000gn/T//ccqvTqEg.s:2      *ABS*:0000003e __SP_H__
/var/folders/7v/8zggs6793555zz3yx7qh3tp40000gn/T//ccqvTqEg.s:3      *ABS*:0000003d __SP_L__
/var/folders/7v/8zggs6793555zz3yx7qh3tp40000gn/T//ccqvTqEg.s:4      *ABS*:0000003f __SREG__
/var/folders/7v/8zggs6793555zz3yx7qh3tp40000gn/T//ccqvTqEg.s:5      *ABS*:00000000 __tmp_reg__
/var/folders/7v/8zggs6793555zz3yx7qh3tp40000gn/T//ccqvTqEg.s:6      *ABS*:00000001 __zero_reg__
/var/folders/7v/8zggs6793555zz3yx7qh3tp40000gn/T//ccqvTqEg.s:124    .text:00000000 __vector_18
/var/folders/7v/8zggs6793555zz3yx7qh3tp40000gn/T//ccqvTqEg.s:177    .text:00000048 __vector_6
                            *COM*:00000001 _uFlagWatchdog
/var/folders/7v/8zggs6793555zz3yx7qh3tp40000gn/T//ccqvTqEg.s:209    .text:00000066 __vector_5
                            *COM*:00000001 _uBpStop
                            *COM*:00000001 _uBpStart
                            *COM*:00000001 _uBpForceStart
/var/folders/7v/8zggs6793555zz3yx7qh3tp40000gn/T//ccqvTqEg.s:284    .text:000000ce __vector_3
                            *COM*:00000001 _eEtatRain
                            *COM*:00000001 _eCommandMower
                            *COM*:00000001 _eErrorMower
                            *COM*:00000001 _eEtatMower
                            *COM*:00000001 _eEtatBlade
                            *COM*:00000001 _FlagError
                            *COM*:00000001 _uWireReached
                            *COM*:00000001 _uBattery
                            *COM*:00000001 _uDate
                            *COM*:00000001 _uTime

UNDEFINED SYMBOLS
STATUS_receivedStatus
isDocking
__do_clear_bss
