   1               		.file	"Interrupt.c"
   2               	__SP_H__ = 0x3e
   3               	__SP_L__ = 0x3d
   4               	__SREG__ = 0x3f
   5               	__tmp_reg__ = 0
   6               	__zero_reg__ = 1
   8               		.text
   9               	.Ltext0:
 125               	.global	__vector_18
 127               	__vector_18:
   1:/Users/morgan/Documents/ProjetTondeuse/CarteMere/LawnMower_MotherBoard/LawnMower_MotherBoard/Interrupt.c **** //
   2:/Users/morgan/Documents/ProjetTondeuse/CarteMere/LawnMower_MotherBoard/LawnMower_MotherBoard/Interrupt.c **** //  Interrupt.c
   3:/Users/morgan/Documents/ProjetTondeuse/CarteMere/LawnMower_MotherBoard/LawnMower_MotherBoard/Interrupt.c **** //  LawnMower_MotherBoard
   4:/Users/morgan/Documents/ProjetTondeuse/CarteMere/LawnMower_MotherBoard/LawnMower_MotherBoard/Interrupt.c **** //
   5:/Users/morgan/Documents/ProjetTondeuse/CarteMere/LawnMower_MotherBoard/LawnMower_MotherBoard/Interrupt.c **** //  Created by morgan on 29/01/2020.
   6:/Users/morgan/Documents/ProjetTondeuse/CarteMere/LawnMower_MotherBoard/LawnMower_MotherBoard/Interrupt.c **** //  Copyright © 2020 morgan venandy. All rights reserved.
   7:/Users/morgan/Documents/ProjetTondeuse/CarteMere/LawnMower_MotherBoard/LawnMower_MotherBoard/Interrupt.c **** //
   8:/Users/morgan/Documents/ProjetTondeuse/CarteMere/LawnMower_MotherBoard/LawnMower_MotherBoard/Interrupt.c **** 
   9:/Users/morgan/Documents/ProjetTondeuse/CarteMere/LawnMower_MotherBoard/LawnMower_MotherBoard/Interrupt.c **** #include <stdio.h>
  10:/Users/morgan/Documents/ProjetTondeuse/CarteMere/LawnMower_MotherBoard/LawnMower_MotherBoard/Interrupt.c **** #include <avr/io.h>
  11:/Users/morgan/Documents/ProjetTondeuse/CarteMere/LawnMower_MotherBoard/LawnMower_MotherBoard/Interrupt.c **** #include <avr/interrupt.h>
  12:/Users/morgan/Documents/ProjetTondeuse/CarteMere/LawnMower_MotherBoard/LawnMower_MotherBoard/Interrupt.c **** 
  13:/Users/morgan/Documents/ProjetTondeuse/CarteMere/LawnMower_MotherBoard/LawnMower_MotherBoard/Interrupt.c **** #include "constant.h"
  14:/Users/morgan/Documents/ProjetTondeuse/CarteMere/LawnMower_MotherBoard/LawnMower_MotherBoard/Interrupt.c **** #include "uart.h"
  15:/Users/morgan/Documents/ProjetTondeuse/CarteMere/LawnMower_MotherBoard/LawnMower_MotherBoard/Interrupt.c **** #include "status.h"
  16:/Users/morgan/Documents/ProjetTondeuse/CarteMere/LawnMower_MotherBoard/LawnMower_MotherBoard/Interrupt.c **** #include "mower.h"
  17:/Users/morgan/Documents/ProjetTondeuse/CarteMere/LawnMower_MotherBoard/LawnMower_MotherBoard/Interrupt.c **** 
  18:/Users/morgan/Documents/ProjetTondeuse/CarteMere/LawnMower_MotherBoard/LawnMower_MotherBoard/Interrupt.c **** ISR(USART_RX_vect)
  19:/Users/morgan/Documents/ProjetTondeuse/CarteMere/LawnMower_MotherBoard/LawnMower_MotherBoard/Interrupt.c **** {
 129               	.LM0:
 130               	.LFBB1:
 131 0000 1F92      		push r1
 132 0002 0F92      		push r0
 133 0004 0FB6      		in r0,__SREG__
 134 0006 0F92      		push r0
 135 0008 1124      		clr __zero_reg__
 136 000a 2F93      		push r18
 137 000c 3F93      		push r19
 138 000e 4F93      		push r20
 139 0010 5F93      		push r21
 140 0012 6F93      		push r22
 141 0014 7F93      		push r23
 142 0016 8F93      		push r24
 143 0018 9F93      		push r25
 144 001a AF93      		push r26
 145 001c BF93      		push r27
 146 001e EF93      		push r30
 147 0020 FF93      		push r31
 148               	/* prologue: Signal */
 149               	/* frame size = 0 */
 150               	/* stack size = 15 */
 151               	.L__stack_usage = 15
  20:/Users/morgan/Documents/ProjetTondeuse/CarteMere/LawnMower_MotherBoard/LawnMower_MotherBoard/Interrupt.c ****     STATUS_receivedStatus();
 153               	.LM1:
 154 0022 0E94 0000 		call STATUS_receivedStatus
 155               	/* epilogue start */
  21:/Users/morgan/Documents/ProjetTondeuse/CarteMere/LawnMower_MotherBoard/LawnMower_MotherBoard/Interrupt.c **** }
 157               	.LM2:
 158 0026 FF91      		pop r31
 159 0028 EF91      		pop r30
 160 002a BF91      		pop r27
 161 002c AF91      		pop r26
 162 002e 9F91      		pop r25
 163 0030 8F91      		pop r24
 164 0032 7F91      		pop r23
 165 0034 6F91      		pop r22
 166 0036 5F91      		pop r21
 167 0038 4F91      		pop r20
 168 003a 3F91      		pop r19
 169 003c 2F91      		pop r18
 170 003e 0F90      		pop r0
 171 0040 0FBE      		out __SREG__,r0
 172 0042 0F90      		pop r0
 173 0044 1F90      		pop r1
 174 0046 1895      		reti
 176               	.Lscope1:
 178               	.global	__vector_6
 180               	__vector_6:
  22:/Users/morgan/Documents/ProjetTondeuse/CarteMere/LawnMower_MotherBoard/LawnMower_MotherBoard/Interrupt.c **** 
  23:/Users/morgan/Documents/ProjetTondeuse/CarteMere/LawnMower_MotherBoard/LawnMower_MotherBoard/Interrupt.c **** ISR(WDT_vect) {
 182               	.LM3:
 183               	.LFBB2:
 184 0048 1F92      		push r1
 185 004a 0F92      		push r0
 186 004c 0FB6      		in r0,__SREG__
 187 004e 0F92      		push r0
 188 0050 1124      		clr __zero_reg__
 189 0052 8F93      		push r24
 190               	/* prologue: Signal */
 191               	/* frame size = 0 */
 192               	/* stack size = 4 */
 193               	.L__stack_usage = 4
  24:/Users/morgan/Documents/ProjetTondeuse/CarteMere/LawnMower_MotherBoard/LawnMower_MotherBoard/Interrupt.c **** 	_uFlagWatchdog = 1;
 195               	.LM4:
 196 0054 81E0      		ldi r24,lo8(1)
 197 0056 8093 0000 		sts _uFlagWatchdog,r24
 198               	/* epilogue start */
  25:/Users/morgan/Documents/ProjetTondeuse/CarteMere/LawnMower_MotherBoard/LawnMower_MotherBoard/Interrupt.c **** }
 200               	.LM5:
 201 005a 8F91      		pop r24
 202 005c 0F90      		pop r0
 203 005e 0FBE      		out __SREG__,r0
 204 0060 0F90      		pop r0
 205 0062 1F90      		pop r1
 206 0064 1895      		reti
 208               	.Lscope2:
 210               	.global	__vector_5
 212               	__vector_5:
  26:/Users/morgan/Documents/ProjetTondeuse/CarteMere/LawnMower_MotherBoard/LawnMower_MotherBoard/Interrupt.c **** 
  27:/Users/morgan/Documents/ProjetTondeuse/CarteMere/LawnMower_MotherBoard/LawnMower_MotherBoard/Interrupt.c **** ISR(PCINT2_vect)
  28:/Users/morgan/Documents/ProjetTondeuse/CarteMere/LawnMower_MotherBoard/LawnMower_MotherBoard/Interrupt.c **** {
 214               	.LM6:
 215               	.LFBB3:
 216 0066 1F92      		push r1
 217 0068 0F92      		push r0
 218 006a 0FB6      		in r0,__SREG__
 219 006c 0F92      		push r0
 220 006e 1124      		clr __zero_reg__
 221 0070 2F93      		push r18
 222 0072 3F93      		push r19
 223 0074 4F93      		push r20
 224 0076 5F93      		push r21
 225 0078 6F93      		push r22
 226 007a 7F93      		push r23
 227 007c 8F93      		push r24
 228 007e 9F93      		push r25
 229 0080 AF93      		push r26
 230 0082 BF93      		push r27
 231 0084 EF93      		push r30
 232 0086 FF93      		push r31
 233               	/* prologue: Signal */
 234               	/* frame size = 0 */
 235               	/* stack size = 15 */
 236               	.L__stack_usage = 15
  29:/Users/morgan/Documents/ProjetTondeuse/CarteMere/LawnMower_MotherBoard/LawnMower_MotherBoard/Interrupt.c ****     //BP Start
  30:/Users/morgan/Documents/ProjetTondeuse/CarteMere/LawnMower_MotherBoard/LawnMower_MotherBoard/Interrupt.c **** 	if(!(PIND & (1<<PIND7))) {
 238               	.LM7:
 239 0088 4F99      		sbic 0x9,7
 240 008a 00C0      		rjmp .L3
  31:/Users/morgan/Documents/ProjetTondeuse/CarteMere/LawnMower_MotherBoard/LawnMower_MotherBoard/Interrupt.c **** 		if(!isDocking()) {
 242               	.LM8:
 243 008c 0E94 0000 		call isDocking
 244 0090 8111      		cpse r24,__zero_reg__
 245 0092 00C0      		rjmp .L5
  32:/Users/morgan/Documents/ProjetTondeuse/CarteMere/LawnMower_MotherBoard/LawnMower_MotherBoard/Interrupt.c **** 			_uBpStop = 0;
 247               	.LM9:
 248 0094 1092 0000 		sts _uBpStop,__zero_reg__
  33:/Users/morgan/Documents/ProjetTondeuse/CarteMere/LawnMower_MotherBoard/LawnMower_MotherBoard/Interrupt.c **** 			_uBpStart ^= (1<<1);
 250               	.LM10:
 251 0098 8091 0000 		lds r24,_uBpStart
 252 009c 92E0      		ldi r25,lo8(2)
 253 009e 8927      		eor r24,r25
 254 00a0 8093 0000 		sts _uBpStart,r24
 255 00a4 00C0      		rjmp .L3
 256               	.L5:
  34:/Users/morgan/Documents/ProjetTondeuse/CarteMere/LawnMower_MotherBoard/LawnMower_MotherBoard/Interrupt.c **** 		}
  35:/Users/morgan/Documents/ProjetTondeuse/CarteMere/LawnMower_MotherBoard/LawnMower_MotherBoard/Interrupt.c **** 		else
  36:/Users/morgan/Documents/ProjetTondeuse/CarteMere/LawnMower_MotherBoard/LawnMower_MotherBoard/Interrupt.c **** 			_uBpForceStart = 1;
 258               	.LM11:
 259 00a6 81E0      		ldi r24,lo8(1)
 260 00a8 8093 0000 		sts _uBpForceStart,r24
 261               	.L3:
 262               	/* epilogue start */
  37:/Users/morgan/Documents/ProjetTondeuse/CarteMere/LawnMower_MotherBoard/LawnMower_MotherBoard/Interrupt.c **** 		
  38:/Users/morgan/Documents/ProjetTondeuse/CarteMere/LawnMower_MotherBoard/LawnMower_MotherBoard/Interrupt.c **** 	}
  39:/Users/morgan/Documents/ProjetTondeuse/CarteMere/LawnMower_MotherBoard/LawnMower_MotherBoard/Interrupt.c **** }
 264               	.LM12:
 265 00ac FF91      		pop r31
 266 00ae EF91      		pop r30
 267 00b0 BF91      		pop r27
 268 00b2 AF91      		pop r26
 269 00b4 9F91      		pop r25
 270 00b6 8F91      		pop r24
 271 00b8 7F91      		pop r23
 272 00ba 6F91      		pop r22
 273 00bc 5F91      		pop r21
 274 00be 4F91      		pop r20
 275 00c0 3F91      		pop r19
 276 00c2 2F91      		pop r18
 277 00c4 0F90      		pop r0
 278 00c6 0FBE      		out __SREG__,r0
 279 00c8 0F90      		pop r0
 280 00ca 1F90      		pop r1
 281 00cc 1895      		reti
 283               	.Lscope3:
 285               	.global	__vector_3
 287               	__vector_3:
  40:/Users/morgan/Documents/ProjetTondeuse/CarteMere/LawnMower_MotherBoard/LawnMower_MotherBoard/Interrupt.c **** 
  41:/Users/morgan/Documents/ProjetTondeuse/CarteMere/LawnMower_MotherBoard/LawnMower_MotherBoard/Interrupt.c **** ISR(PCINT0_vect)
  42:/Users/morgan/Documents/ProjetTondeuse/CarteMere/LawnMower_MotherBoard/LawnMower_MotherBoard/Interrupt.c **** {
 289               	.LM13:
 290               	.LFBB4:
 291 00ce 1F92      		push r1
 292 00d0 0F92      		push r0
 293 00d2 0FB6      		in r0,__SREG__
 294 00d4 0F92      		push r0
 295 00d6 1124      		clr __zero_reg__
 296 00d8 2F93      		push r18
 297 00da 3F93      		push r19
 298 00dc 4F93      		push r20
 299 00de 5F93      		push r21
 300 00e0 6F93      		push r22
 301 00e2 7F93      		push r23
 302 00e4 8F93      		push r24
 303 00e6 9F93      		push r25
 304 00e8 AF93      		push r26
 305 00ea BF93      		push r27
 306 00ec CF93      		push r28
 307 00ee EF93      		push r30
 308 00f0 FF93      		push r31
 309               	/* prologue: Signal */
 310               	/* frame size = 0 */
 311               	/* stack size = 16 */
 312               	.L__stack_usage = 16
  43:/Users/morgan/Documents/ProjetTondeuse/CarteMere/LawnMower_MotherBoard/LawnMower_MotherBoard/Interrupt.c ****     //BP Stop
  44:/Users/morgan/Documents/ProjetTondeuse/CarteMere/LawnMower_MotherBoard/LawnMower_MotherBoard/Interrupt.c **** 	if(!(PINB & (1<<PINB0))) {
 314               	.LM14:
 315 00f2 1899      		sbic 0x3,0
 316 00f4 00C0      		rjmp .L7
  45:/Users/morgan/Documents/ProjetTondeuse/CarteMere/LawnMower_MotherBoard/LawnMower_MotherBoard/Interrupt.c **** 		_uBpStop = 1;
 318               	.LM15:
 319 00f6 C1E0      		ldi r28,lo8(1)
 320 00f8 C093 0000 		sts _uBpStop,r28
  46:/Users/morgan/Documents/ProjetTondeuse/CarteMere/LawnMower_MotherBoard/LawnMower_MotherBoard/Interrupt.c **** 		if((_eEtatRain == ON) && (isDocking()))
 322               	.LM16:
 323 00fc 8091 0000 		lds r24,_eEtatRain
 324 0100 8111      		cpse r24,__zero_reg__
 325 0102 00C0      		rjmp .L7
 327               	.LM17:
 328 0104 0E94 0000 		call isDocking
 329 0108 8111      		cpse r24,__zero_reg__
  47:/Users/morgan/Documents/ProjetTondeuse/CarteMere/LawnMower_MotherBoard/LawnMower_MotherBoard/Interrupt.c **** 			_eEtatRain = OFF;
 331               	.LM18:
 332 010a C093 0000 		sts _eEtatRain,r28
 333               	.L7:
 334               	/* epilogue start */
  48:/Users/morgan/Documents/ProjetTondeuse/CarteMere/LawnMower_MotherBoard/LawnMower_MotherBoard/Interrupt.c **** 	}
  49:/Users/morgan/Documents/ProjetTondeuse/CarteMere/LawnMower_MotherBoard/LawnMower_MotherBoard/Interrupt.c **** }
 336               	.LM19:
 337 010e FF91      		pop r31
 338 0110 EF91      		pop r30
 339 0112 CF91      		pop r28
 340 0114 BF91      		pop r27
 341 0116 AF91      		pop r26
 342 0118 9F91      		pop r25
 343 011a 8F91      		pop r24
 344 011c 7F91      		pop r23
 345 011e 6F91      		pop r22
 346 0120 5F91      		pop r21
 347 0122 4F91      		pop r20
 348 0124 3F91      		pop r19
 349 0126 2F91      		pop r18
 350 0128 0F90      		pop r0
 351 012a 0FBE      		out __SREG__,r0
 352 012c 0F90      		pop r0
 353 012e 1F90      		pop r1
 354 0130 1895      		reti
 356               	.Lscope4:
 357               		.comm	_eCommandMower,1,1
 358               		.comm	_eErrorMower,1,1
 359               		.comm	_eEtatMower,1,1
 360               		.comm	_eEtatRain,1,1
 361               		.comm	_eEtatBlade,1,1
 362               		.comm	_FlagError,1,1
 363               		.comm	_uFlagWatchdog,1,1
 364               		.comm	_uBpStop,1,1
 365               		.comm	_uBpForceStart,1,1
 366               		.comm	_uBpStart,1,1
 367               		.comm	_uBattery,1,1
 368               		.comm	_uDate,1,1
 369               		.comm	_uTime,1,1
 370               		.comm	_uWireReached,1,1
 386               	.Letext0:
 387               		.ident	"GCC: (GNU) 4.8.1"
 388               	.global __do_clear_bss
DEFINED SYMBOLS
                            *ABS*:00000000 Interrupt.c
/var/folders/7v/8zggs6793555zz3yx7qh3tp40000gn/T//cccfG5jM.s:2      *ABS*:0000003e __SP_H__
/var/folders/7v/8zggs6793555zz3yx7qh3tp40000gn/T//cccfG5jM.s:3      *ABS*:0000003d __SP_L__
/var/folders/7v/8zggs6793555zz3yx7qh3tp40000gn/T//cccfG5jM.s:4      *ABS*:0000003f __SREG__
/var/folders/7v/8zggs6793555zz3yx7qh3tp40000gn/T//cccfG5jM.s:5      *ABS*:00000000 __tmp_reg__
/var/folders/7v/8zggs6793555zz3yx7qh3tp40000gn/T//cccfG5jM.s:6      *ABS*:00000001 __zero_reg__
/var/folders/7v/8zggs6793555zz3yx7qh3tp40000gn/T//cccfG5jM.s:127    .text:00000000 __vector_18
/var/folders/7v/8zggs6793555zz3yx7qh3tp40000gn/T//cccfG5jM.s:180    .text:00000048 __vector_6
                            *COM*:00000001 _uFlagWatchdog
/var/folders/7v/8zggs6793555zz3yx7qh3tp40000gn/T//cccfG5jM.s:212    .text:00000066 __vector_5
                            *COM*:00000001 _uBpStop
                            *COM*:00000001 _uBpStart
                            *COM*:00000001 _uBpForceStart
/var/folders/7v/8zggs6793555zz3yx7qh3tp40000gn/T//cccfG5jM.s:287    .text:000000ce __vector_3
                            *COM*:00000001 _eEtatRain
                            *COM*:00000001 _eCommandMower
                            *COM*:00000001 _eErrorMower
                            *COM*:00000001 _eEtatMower
                            *COM*:00000001 _eEtatBlade
                            *COM*:00000001 _FlagError
                            *COM*:00000001 _uBattery
                            *COM*:00000001 _uDate
                            *COM*:00000001 _uTime
                            *COM*:00000001 _uWireReached

UNDEFINED SYMBOLS
STATUS_receivedStatus
isDocking
__do_clear_bss
