Archive member included because of file (symbol)

/usr/local/CrossPack-AVR-20131216/lib/gcc/avr/4.8.1/../../../../avr/lib/avr5/libm.a(addsf3.o)
                              Builds/mower.o (__addsf3)
/usr/local/CrossPack-AVR-20131216/lib/gcc/avr/4.8.1/../../../../avr/lib/avr5/libm.a(addsf3x.o)
                              /usr/local/CrossPack-AVR-20131216/lib/gcc/avr/4.8.1/../../../../avr/lib/avr5/libm.a(addsf3.o) (__addsf3x)
/usr/local/CrossPack-AVR-20131216/lib/gcc/avr/4.8.1/../../../../avr/lib/avr5/libm.a(cmpsf2.o)
                              Builds/mower.o (__ltsf2)
/usr/local/CrossPack-AVR-20131216/lib/gcc/avr/4.8.1/../../../../avr/lib/avr5/libm.a(fp_cmp.o)
                              /usr/local/CrossPack-AVR-20131216/lib/gcc/avr/4.8.1/../../../../avr/lib/avr5/libm.a(cmpsf2.o) (__fp_cmp)
/usr/local/CrossPack-AVR-20131216/lib/gcc/avr/4.8.1/../../../../avr/lib/avr5/libm.a(fp_inf.o)
                              /usr/local/CrossPack-AVR-20131216/lib/gcc/avr/4.8.1/../../../../avr/lib/avr5/libm.a(addsf3x.o) (__fp_inf)
/usr/local/CrossPack-AVR-20131216/lib/gcc/avr/4.8.1/../../../../avr/lib/avr5/libm.a(fp_nan.o)
                              /usr/local/CrossPack-AVR-20131216/lib/gcc/avr/4.8.1/../../../../avr/lib/avr5/libm.a(addsf3x.o) (__fp_nan)
/usr/local/CrossPack-AVR-20131216/lib/gcc/avr/4.8.1/../../../../avr/lib/avr5/libm.a(fp_pscA.o)
                              /usr/local/CrossPack-AVR-20131216/lib/gcc/avr/4.8.1/../../../../avr/lib/avr5/libm.a(addsf3x.o) (__fp_pscA)
/usr/local/CrossPack-AVR-20131216/lib/gcc/avr/4.8.1/../../../../avr/lib/avr5/libm.a(fp_pscB.o)
                              /usr/local/CrossPack-AVR-20131216/lib/gcc/avr/4.8.1/../../../../avr/lib/avr5/libm.a(addsf3x.o) (__fp_pscB)
/usr/local/CrossPack-AVR-20131216/lib/gcc/avr/4.8.1/../../../../avr/lib/avr5/libm.a(fp_round.o)
                              /usr/local/CrossPack-AVR-20131216/lib/gcc/avr/4.8.1/../../../../avr/lib/avr5/libm.a(addsf3.o) (__fp_round)
/usr/local/CrossPack-AVR-20131216/lib/gcc/avr/4.8.1/../../../../avr/lib/avr5/libm.a(fp_split3.o)
                              /usr/local/CrossPack-AVR-20131216/lib/gcc/avr/4.8.1/../../../../avr/lib/avr5/libm.a(addsf3x.o) (__fp_split3)
/usr/local/CrossPack-AVR-20131216/lib/gcc/avr/4.8.1/../../../../avr/lib/avr5/libm.a(fp_zero.o)
                              /usr/local/CrossPack-AVR-20131216/lib/gcc/avr/4.8.1/../../../../avr/lib/avr5/libm.a(addsf3x.o) (__fp_zero)
/usr/local/CrossPack-AVR-20131216/lib/gcc/avr/4.8.1/avr5/libgcc.a(_exit.o)
                              /usr/local/CrossPack-AVR-20131216/lib/gcc/avr/4.8.1/../../../../avr/lib/avr5/crtm328.o (exit)
/usr/local/CrossPack-AVR-20131216/lib/gcc/avr/4.8.1/avr5/libgcc.a(_tablejump.o)
                              Builds/status.o (__tablejump2__)
/usr/local/CrossPack-AVR-20131216/lib/gcc/avr/4.8.1/avr5/libgcc.a(_clear_bss.o)
                              Builds/Initialisation.o (__do_clear_bss)

Allocating common symbols
Common symbol       size              file

distanceSonarFR     0x1               Builds/Initialisation.o
distanceSonarFL     0x1               Builds/Initialisation.o
_eErrorMower        0x1               Builds/Initialisation.o
_uBpForceStart      0x1               Builds/Initialisation.o
_uUnderTheRain      0x1               Builds/Initialisation.o
_eCommandMower      0x1               Builds/Initialisation.o
_eEtatRain          0x1               Builds/Initialisation.o
_uBattery           0x1               Builds/Initialisation.o
_uBpStop            0x1               Builds/Initialisation.o
_uTimeToMow         0x1               Builds/Initialisation.o
_uWireReached       0x1               Builds/Initialisation.o
_uBpStart           0x1               Builds/Initialisation.o
_eEtatBlade         0x1               Builds/Initialisation.o
distanceSonarRC     0x1               Builds/Initialisation.o
_uCharge            0x1               Builds/Initialisation.o
distanceSonarFC     0x1               Builds/Initialisation.o
_eEtatMower         0x1               Builds/Initialisation.o
_uDock              0x1               Builds/Initialisation.o

Memory Configuration

Name             Origin             Length             Attributes
text             0x00000000         0x00020000         xr
data             0x00800060         0x0000ffa0         rw !x
eeprom           0x00810000         0x00010000         rw !x
fuse             0x00820000         0x00000400         rw !x
lock             0x00830000         0x00000400         rw !x
signature        0x00840000         0x00000400         rw !x
user_signatures  0x00850000         0x00000400         rw !x
*default*        0x00000000         0xffffffff

Linker script and memory map

Address of section .data set to 0x800100
LOAD /usr/local/CrossPack-AVR-20131216/lib/gcc/avr/4.8.1/../../../../avr/lib/avr5/crtm328.o
LOAD Builds/Initialisation.o
LOAD Builds/Interrupt.o
LOAD Builds/adc.o
LOAD Builds/main.o
LOAD Builds/mower.o
LOAD Builds/pwm.o
LOAD Builds/status.o
LOAD Builds/twi.o
LOAD Builds/uart.o
LOAD /usr/local/CrossPack-AVR-20131216/lib/gcc/avr/4.8.1/../../../../avr/lib/avr5/libm.a
START GROUP
LOAD /usr/local/CrossPack-AVR-20131216/lib/gcc/avr/4.8.1/avr5/libgcc.a
LOAD /usr/local/CrossPack-AVR-20131216/lib/gcc/avr/4.8.1/../../../../avr/lib/avr5/libm.a
LOAD /usr/local/CrossPack-AVR-20131216/lib/gcc/avr/4.8.1/../../../../avr/lib/avr5/libc.a
END GROUP

.hash
 *(.hash)

.dynsym
 *(.dynsym)

.dynstr
 *(.dynstr)

.gnu.version
 *(.gnu.version)

.gnu.version_d
 *(.gnu.version_d)

.gnu.version_r
 *(.gnu.version_r)

.rel.init
 *(.rel.init)

.rela.init
 *(.rela.init)

.rel.text
 *(.rel.text)
 *(.rel.text.*)
 *(.rel.gnu.linkonce.t*)

.rela.text
 *(.rela.text)
 *(.rela.text.*)
 *(.rela.gnu.linkonce.t*)

.rel.fini
 *(.rel.fini)

.rela.fini
 *(.rela.fini)

.rel.rodata
 *(.rel.rodata)
 *(.rel.rodata.*)
 *(.rel.gnu.linkonce.r*)

.rela.rodata
 *(.rela.rodata)
 *(.rela.rodata.*)
 *(.rela.gnu.linkonce.r*)

.rel.data
 *(.rel.data)
 *(.rel.data.*)
 *(.rel.gnu.linkonce.d*)

.rela.data
 *(.rela.data)
 *(.rela.data.*)
 *(.rela.gnu.linkonce.d*)

.rel.ctors
 *(.rel.ctors)

.rela.ctors
 *(.rela.ctors)

.rel.dtors
 *(.rel.dtors)

.rela.dtors
 *(.rela.dtors)

.rel.got
 *(.rel.got)

.rela.got
 *(.rela.got)

.rel.bss
 *(.rel.bss)

.rela.bss
 *(.rela.bss)

.rel.plt
 *(.rel.plt)

.rela.plt
 *(.rela.plt)

.text           0x00000000      0xbe6
 *(.vectors)
 .vectors       0x00000000       0x68 /usr/local/CrossPack-AVR-20131216/lib/gcc/avr/4.8.1/../../../../avr/lib/avr5/crtm328.o
                0x00000000                __vectors
                0x00000000                __vector_default
 *(.vectors)
 *(.progmem.gcc*)
 .progmem.gcc_sw_table
                0x00000068        0xe Builds/status.o
                0x00000076                . = ALIGN (0x2)
                0x00000076                __trampolines_start = .
 *(.trampolines)
 .trampolines   0x00000076        0x0 linker stubs
 *(.trampolines*)
                0x00000076                __trampolines_end = .
 *(.progmem*)
                0x00000076                . = ALIGN (0x2)
 *(.jumptables)
 *(.jumptables*)
 *(.lowtext)
 *(.lowtext*)
                0x00000076                __ctors_start = .
 *(.ctors)
                0x00000076                __ctors_end = .
                0x00000076                __dtors_start = .
 *(.dtors)
                0x00000076                __dtors_end = .
 SORT(*)(.ctors)
 SORT(*)(.dtors)
 *(.init0)
 .init0         0x00000076        0x0 /usr/local/CrossPack-AVR-20131216/lib/gcc/avr/4.8.1/../../../../avr/lib/avr5/crtm328.o
                0x00000076                __init
 *(.init0)
 *(.init1)
 *(.init1)
 *(.init2)
 .init2         0x00000076        0xc /usr/local/CrossPack-AVR-20131216/lib/gcc/avr/4.8.1/../../../../avr/lib/avr5/crtm328.o
 *(.init2)
 *(.init3)
 *(.init3)
 *(.init4)
 .init4         0x00000082       0x10 /usr/local/CrossPack-AVR-20131216/lib/gcc/avr/4.8.1/avr5/libgcc.a(_clear_bss.o)
                0x00000082                __do_clear_bss
 *(.init4)
 *(.init5)
 *(.init5)
 *(.init6)
 *(.init6)
 *(.init7)
 *(.init7)
 *(.init8)
 *(.init8)
 *(.init9)
 .init9         0x00000092        0x8 /usr/local/CrossPack-AVR-20131216/lib/gcc/avr/4.8.1/../../../../avr/lib/avr5/crtm328.o
 *(.init9)
 *(.text)
 .text          0x0000009a        0x4 /usr/local/CrossPack-AVR-20131216/lib/gcc/avr/4.8.1/../../../../avr/lib/avr5/crtm328.o
                0x0000009a                __vector_20
                0x0000009a                __vector_1
                0x0000009a                __vector_24
                0x0000009a                __vector_12
                0x0000009a                __bad_interrupt
                0x0000009a                __vector_6
                0x0000009a                __vector_23
                0x0000009a                __vector_25
                0x0000009a                __vector_11
                0x0000009a                __vector_13
                0x0000009a                __vector_17
                0x0000009a                __vector_19
                0x0000009a                __vector_7
                0x0000009a                __vector_4
                0x0000009a                __vector_9
                0x0000009a                __vector_2
                0x0000009a                __vector_21
                0x0000009a                __vector_15
                0x0000009a                __vector_8
                0x0000009a                __vector_14
                0x0000009a                __vector_10
                0x0000009a                __vector_16
                0x0000009a                __vector_22
 .text          0x0000009e      0x12e Builds/Initialisation.o
                0x0000009e                INIT_io
                0x000000dc                INIT_interrupt
                0x000000fe                INIT_pwm
                0x0000012c                INIT_twi
                0x0000013a                INIT_uart
                0x0000015a                INIT_adc
                0x00000170                INIT_variable
                0x000001b0                Initialisation
 .text          0x000001cc      0x114 Builds/Interrupt.o
                0x000001cc                __vector_18
                0x00000214                __vector_5
                0x0000027c                __vector_3
 .text          0x000002e0       0x2a Builds/adc.o
                0x000002e0                ADC_read
 .text          0x0000030a        0x0 Builds/main.o
 .text          0x0000030a      0x336 Builds/mower.o
                0x0000030a                isDocking
                0x00000310                isCharging
                0x00000316                isTimeToMow
                0x0000031c                isEnoughCharged
                0x0000033e                isRaining
                0x00000352                MOWER_pidController
                0x0000037c                MOWER_updateBladeState
                0x00000392                myDelayLoop
                0x000003f0                MOWER_startMower
                0x000004a4                MOWER_directionFromBase
                0x000004b4                MOWER_goDockCharger
                0x000005f8                MOWER_leaveDockCharger
 .text          0x00000640       0x84 Builds/pwm.o
                0x00000640                PWM_forward
                0x00000656                PWM_forward_turn
                0x0000066e                PWM_reverse
                0x00000684                PWM_right
                0x0000069a                PWM_left
                0x000006b0                PWM_stop
 .text          0x000006c4      0x150 Builds/status.o
                0x000006c4                STATUS_updateStatusLed
                0x00000756                STATUS_updateStatusError
                0x000007a6                STATUS_updateStatus
                0x000007ae                STATUS_sendStatus
                0x000007c6                STATUS_receivedStatus
 .text          0x00000814       0xe4 Builds/twi.o
                0x00000814                TWI_start
                0x0000082e                TWI_repeat_start
                0x00000848                TWI_write
                0x00000868                TWI_write_data
                0x00000886                TWI_readACK
                0x000008a4                TWI_readNACK
                0x000008c2                TWI_getData
                0x000008f0                TWI_stop
 .text          0x000008f8       0x1c Builds/uart.o
                0x000008f8                UART_transmission
                0x00000906                UART_reception
 .text          0x00000914        0x0 /usr/local/CrossPack-AVR-20131216/lib/gcc/avr/4.8.1/../../../../avr/lib/avr5/libm.a(addsf3.o)
 .text          0x00000914        0x0 /usr/local/CrossPack-AVR-20131216/lib/gcc/avr/4.8.1/../../../../avr/lib/avr5/libm.a(addsf3x.o)
 .text          0x00000914        0x0 /usr/local/CrossPack-AVR-20131216/lib/gcc/avr/4.8.1/../../../../avr/lib/avr5/libm.a(cmpsf2.o)
 .text          0x00000914        0x0 /usr/local/CrossPack-AVR-20131216/lib/gcc/avr/4.8.1/../../../../avr/lib/avr5/libm.a(fp_cmp.o)
 .text          0x00000914        0x0 /usr/local/CrossPack-AVR-20131216/lib/gcc/avr/4.8.1/../../../../avr/lib/avr5/libm.a(fp_inf.o)
 .text          0x00000914        0x0 /usr/local/CrossPack-AVR-20131216/lib/gcc/avr/4.8.1/../../../../avr/lib/avr5/libm.a(fp_nan.o)
 .text          0x00000914        0x0 /usr/local/CrossPack-AVR-20131216/lib/gcc/avr/4.8.1/../../../../avr/lib/avr5/libm.a(fp_pscA.o)
 .text          0x00000914        0x0 /usr/local/CrossPack-AVR-20131216/lib/gcc/avr/4.8.1/../../../../avr/lib/avr5/libm.a(fp_pscB.o)
 .text          0x00000914        0x0 /usr/local/CrossPack-AVR-20131216/lib/gcc/avr/4.8.1/../../../../avr/lib/avr5/libm.a(fp_round.o)
 .text          0x00000914        0x0 /usr/local/CrossPack-AVR-20131216/lib/gcc/avr/4.8.1/../../../../avr/lib/avr5/libm.a(fp_split3.o)
 .text          0x00000914        0x0 /usr/local/CrossPack-AVR-20131216/lib/gcc/avr/4.8.1/../../../../avr/lib/avr5/libm.a(fp_zero.o)
 .text          0x00000914        0x0 /usr/local/CrossPack-AVR-20131216/lib/gcc/avr/4.8.1/avr5/libgcc.a(_exit.o)
 .text          0x00000914        0x0 /usr/local/CrossPack-AVR-20131216/lib/gcc/avr/4.8.1/avr5/libgcc.a(_tablejump.o)
 .text          0x00000914        0x0 /usr/local/CrossPack-AVR-20131216/lib/gcc/avr/4.8.1/avr5/libgcc.a(_clear_bss.o)
                0x00000914                . = ALIGN (0x2)
 *(.text.*)
 .text.startup  0x00000914      0x106 Builds/main.o
                0x00000914                main
 .text.avr-libc.fplib
                0x00000a1a        0xa /usr/local/CrossPack-AVR-20131216/lib/gcc/avr/4.8.1/../../../../avr/lib/avr5/libm.a(addsf3.o)
                0x00000a1a                __subsf3
                0x00000a1c                __addsf3
 .text.avr-libc.fplib
                0x00000a24       0xc0 /usr/local/CrossPack-AVR-20131216/lib/gcc/avr/4.8.1/../../../../avr/lib/avr5/libm.a(addsf3x.o)
                0x00000a3e                __addsf3x
 .text.avr-libc.fplib
                0x00000ae4        0x8 /usr/local/CrossPack-AVR-20131216/lib/gcc/avr/4.8.1/../../../../avr/lib/avr5/libm.a(cmpsf2.o)
                0x00000ae4                __lesf2
                0x00000ae4                __nesf2
                0x00000ae4                __eqsf2
                0x00000ae4                __cmpsf2
                0x00000ae4                __ltsf2
 .text.avr-libc.fplib
                0x00000aec       0x48 /usr/local/CrossPack-AVR-20131216/lib/gcc/avr/4.8.1/../../../../avr/lib/avr5/libm.a(fp_cmp.o)
                0x00000aec                __fp_cmp
 .text.avr-libc.fplib
                0x00000b34        0xc /usr/local/CrossPack-AVR-20131216/lib/gcc/avr/4.8.1/../../../../avr/lib/avr5/libm.a(fp_inf.o)
                0x00000b34                __fp_inf
 .text.avr-libc.fplib
                0x00000b40        0x6 /usr/local/CrossPack-AVR-20131216/lib/gcc/avr/4.8.1/../../../../avr/lib/avr5/libm.a(fp_nan.o)
                0x00000b40                __fp_nan
 .text.avr-libc.fplib
                0x00000b46        0xe /usr/local/CrossPack-AVR-20131216/lib/gcc/avr/4.8.1/../../../../avr/lib/avr5/libm.a(fp_pscA.o)
                0x00000b46                __fp_pscA
 .text.avr-libc.fplib
                0x00000b54        0xe /usr/local/CrossPack-AVR-20131216/lib/gcc/avr/4.8.1/../../../../avr/lib/avr5/libm.a(fp_pscB.o)
                0x00000b54                __fp_pscB
 .text.avr-libc.fplib
                0x00000b62       0x22 /usr/local/CrossPack-AVR-20131216/lib/gcc/avr/4.8.1/../../../../avr/lib/avr5/libm.a(fp_round.o)
                0x00000b62                __fp_round
 .text.avr-libc.fplib
                0x00000b84       0x44 /usr/local/CrossPack-AVR-20131216/lib/gcc/avr/4.8.1/../../../../avr/lib/avr5/libm.a(fp_split3.o)
                0x00000b84                __fp_split3
                0x00000b94                __fp_splitA
 .text.avr-libc.fplib
                0x00000bc8        0xe /usr/local/CrossPack-AVR-20131216/lib/gcc/avr/4.8.1/../../../../avr/lib/avr5/libm.a(fp_zero.o)
                0x00000bc8                __fp_zero
                0x00000bca                __fp_szero
 .text.libgcc.mul
                0x00000bd6        0x0 /usr/local/CrossPack-AVR-20131216/lib/gcc/avr/4.8.1/avr5/libgcc.a(_exit.o)
 .text.libgcc.div
                0x00000bd6        0x0 /usr/local/CrossPack-AVR-20131216/lib/gcc/avr/4.8.1/avr5/libgcc.a(_exit.o)
 .text.libgcc   0x00000bd6        0x0 /usr/local/CrossPack-AVR-20131216/lib/gcc/avr/4.8.1/avr5/libgcc.a(_exit.o)
 .text.libgcc.prologue
                0x00000bd6        0x0 /usr/local/CrossPack-AVR-20131216/lib/gcc/avr/4.8.1/avr5/libgcc.a(_exit.o)
 .text.libgcc.builtins
                0x00000bd6        0x0 /usr/local/CrossPack-AVR-20131216/lib/gcc/avr/4.8.1/avr5/libgcc.a(_exit.o)
 .text.libgcc.fmul
                0x00000bd6        0x0 /usr/local/CrossPack-AVR-20131216/lib/gcc/avr/4.8.1/avr5/libgcc.a(_exit.o)
 .text.libgcc.fixed
                0x00000bd6        0x0 /usr/local/CrossPack-AVR-20131216/lib/gcc/avr/4.8.1/avr5/libgcc.a(_exit.o)
 .text.libgcc.mul
                0x00000bd6        0x0 /usr/local/CrossPack-AVR-20131216/lib/gcc/avr/4.8.1/avr5/libgcc.a(_tablejump.o)
 .text.libgcc.div
                0x00000bd6        0x0 /usr/local/CrossPack-AVR-20131216/lib/gcc/avr/4.8.1/avr5/libgcc.a(_tablejump.o)
 .text.libgcc   0x00000bd6        0xc /usr/local/CrossPack-AVR-20131216/lib/gcc/avr/4.8.1/avr5/libgcc.a(_tablejump.o)
                0x00000bd6                __tablejump2__
                0x00000bda                __tablejump__
 .text.libgcc.prologue
                0x00000be2        0x0 /usr/local/CrossPack-AVR-20131216/lib/gcc/avr/4.8.1/avr5/libgcc.a(_tablejump.o)
 .text.libgcc.builtins
                0x00000be2        0x0 /usr/local/CrossPack-AVR-20131216/lib/gcc/avr/4.8.1/avr5/libgcc.a(_tablejump.o)
 .text.libgcc.fmul
                0x00000be2        0x0 /usr/local/CrossPack-AVR-20131216/lib/gcc/avr/4.8.1/avr5/libgcc.a(_tablejump.o)
 .text.libgcc.fixed
                0x00000be2        0x0 /usr/local/CrossPack-AVR-20131216/lib/gcc/avr/4.8.1/avr5/libgcc.a(_tablejump.o)
 .text.libgcc.mul
                0x00000be2        0x0 /usr/local/CrossPack-AVR-20131216/lib/gcc/avr/4.8.1/avr5/libgcc.a(_clear_bss.o)
 .text.libgcc.div
                0x00000be2        0x0 /usr/local/CrossPack-AVR-20131216/lib/gcc/avr/4.8.1/avr5/libgcc.a(_clear_bss.o)
 .text.libgcc   0x00000be2        0x0 /usr/local/CrossPack-AVR-20131216/lib/gcc/avr/4.8.1/avr5/libgcc.a(_clear_bss.o)
 .text.libgcc.prologue
                0x00000be2        0x0 /usr/local/CrossPack-AVR-20131216/lib/gcc/avr/4.8.1/avr5/libgcc.a(_clear_bss.o)
 .text.libgcc.builtins
                0x00000be2        0x0 /usr/local/CrossPack-AVR-20131216/lib/gcc/avr/4.8.1/avr5/libgcc.a(_clear_bss.o)
 .text.libgcc.fmul
                0x00000be2        0x0 /usr/local/CrossPack-AVR-20131216/lib/gcc/avr/4.8.1/avr5/libgcc.a(_clear_bss.o)
 .text.libgcc.fixed
                0x00000be2        0x0 /usr/local/CrossPack-AVR-20131216/lib/gcc/avr/4.8.1/avr5/libgcc.a(_clear_bss.o)
                0x00000be2                . = ALIGN (0x2)
 *(.fini9)
 .fini9         0x00000be2        0x0 /usr/local/CrossPack-AVR-20131216/lib/gcc/avr/4.8.1/avr5/libgcc.a(_exit.o)
                0x00000be2                exit
                0x00000be2                _exit
 *(.fini9)
 *(.fini8)
 *(.fini8)
 *(.fini7)
 *(.fini7)
 *(.fini6)
 *(.fini6)
 *(.fini5)
 *(.fini5)
 *(.fini4)
 *(.fini4)
 *(.fini3)
 *(.fini3)
 *(.fini2)
 *(.fini2)
 *(.fini1)
 *(.fini1)
 *(.fini0)
 .fini0         0x00000be2        0x4 /usr/local/CrossPack-AVR-20131216/lib/gcc/avr/4.8.1/avr5/libgcc.a(_exit.o)
 *(.fini0)
                0x00000be6                _etext = .

.data           0x00800100        0x0 load address 0x00000be6
                0x00800100                PROVIDE (__data_start, .)
 *(.data)
 .data          0x00800100        0x0 /usr/local/CrossPack-AVR-20131216/lib/gcc/avr/4.8.1/../../../../avr/lib/avr5/crtm328.o
 .data          0x00800100        0x0 Builds/Initialisation.o
 .data          0x00800100        0x0 Builds/Interrupt.o
 .data          0x00800100        0x0 Builds/adc.o
 .data          0x00800100        0x0 Builds/main.o
 .data          0x00800100        0x0 Builds/mower.o
 .data          0x00800100        0x0 Builds/pwm.o
 .data          0x00800100        0x0 Builds/status.o
 .data          0x00800100        0x0 Builds/twi.o
 .data          0x00800100        0x0 Builds/uart.o
 .data          0x00800100        0x0 /usr/local/CrossPack-AVR-20131216/lib/gcc/avr/4.8.1/../../../../avr/lib/avr5/libm.a(addsf3.o)
 .data          0x00800100        0x0 /usr/local/CrossPack-AVR-20131216/lib/gcc/avr/4.8.1/../../../../avr/lib/avr5/libm.a(addsf3x.o)
 .data          0x00800100        0x0 /usr/local/CrossPack-AVR-20131216/lib/gcc/avr/4.8.1/../../../../avr/lib/avr5/libm.a(cmpsf2.o)
 .data          0x00800100        0x0 /usr/local/CrossPack-AVR-20131216/lib/gcc/avr/4.8.1/../../../../avr/lib/avr5/libm.a(fp_cmp.o)
 .data          0x00800100        0x0 /usr/local/CrossPack-AVR-20131216/lib/gcc/avr/4.8.1/../../../../avr/lib/avr5/libm.a(fp_inf.o)
 .data          0x00800100        0x0 /usr/local/CrossPack-AVR-20131216/lib/gcc/avr/4.8.1/../../../../avr/lib/avr5/libm.a(fp_nan.o)
 .data          0x00800100        0x0 /usr/local/CrossPack-AVR-20131216/lib/gcc/avr/4.8.1/../../../../avr/lib/avr5/libm.a(fp_pscA.o)
 .data          0x00800100        0x0 /usr/local/CrossPack-AVR-20131216/lib/gcc/avr/4.8.1/../../../../avr/lib/avr5/libm.a(fp_pscB.o)
 .data          0x00800100        0x0 /usr/local/CrossPack-AVR-20131216/lib/gcc/avr/4.8.1/../../../../avr/lib/avr5/libm.a(fp_round.o)
 .data          0x00800100        0x0 /usr/local/CrossPack-AVR-20131216/lib/gcc/avr/4.8.1/../../../../avr/lib/avr5/libm.a(fp_split3.o)
 .data          0x00800100        0x0 /usr/local/CrossPack-AVR-20131216/lib/gcc/avr/4.8.1/../../../../avr/lib/avr5/libm.a(fp_zero.o)
 .data          0x00800100        0x0 /usr/local/CrossPack-AVR-20131216/lib/gcc/avr/4.8.1/avr5/libgcc.a(_exit.o)
 .data          0x00800100        0x0 /usr/local/CrossPack-AVR-20131216/lib/gcc/avr/4.8.1/avr5/libgcc.a(_tablejump.o)
 .data          0x00800100        0x0 /usr/local/CrossPack-AVR-20131216/lib/gcc/avr/4.8.1/avr5/libgcc.a(_clear_bss.o)
 *(.data*)
 *(.rodata)
 *(.rodata*)
 *(.gnu.linkonce.d*)
                0x00800100                . = ALIGN (0x2)
                0x00800100                _edata = .
                0x00800100                PROVIDE (__data_end, .)

.bss            0x00800100       0x12
                0x00800100                PROVIDE (__bss_start, .)
 *(.bss)
 .bss           0x00800100        0x0 /usr/local/CrossPack-AVR-20131216/lib/gcc/avr/4.8.1/../../../../avr/lib/avr5/crtm328.o
 .bss           0x00800100        0x0 Builds/Initialisation.o
 .bss           0x00800100        0x0 Builds/Interrupt.o
 .bss           0x00800100        0x0 Builds/adc.o
 .bss           0x00800100        0x0 Builds/main.o
 .bss           0x00800100        0x0 Builds/mower.o
 .bss           0x00800100        0x0 Builds/pwm.o
 .bss           0x00800100        0x0 Builds/status.o
 .bss           0x00800100        0x0 Builds/twi.o
 .bss           0x00800100        0x0 Builds/uart.o
 .bss           0x00800100        0x0 /usr/local/CrossPack-AVR-20131216/lib/gcc/avr/4.8.1/../../../../avr/lib/avr5/libm.a(addsf3.o)
 .bss           0x00800100        0x0 /usr/local/CrossPack-AVR-20131216/lib/gcc/avr/4.8.1/../../../../avr/lib/avr5/libm.a(addsf3x.o)
 .bss           0x00800100        0x0 /usr/local/CrossPack-AVR-20131216/lib/gcc/avr/4.8.1/../../../../avr/lib/avr5/libm.a(cmpsf2.o)
 .bss           0x00800100        0x0 /usr/local/CrossPack-AVR-20131216/lib/gcc/avr/4.8.1/../../../../avr/lib/avr5/libm.a(fp_cmp.o)
 .bss           0x00800100        0x0 /usr/local/CrossPack-AVR-20131216/lib/gcc/avr/4.8.1/../../../../avr/lib/avr5/libm.a(fp_inf.o)
 .bss           0x00800100        0x0 /usr/local/CrossPack-AVR-20131216/lib/gcc/avr/4.8.1/../../../../avr/lib/avr5/libm.a(fp_nan.o)
 .bss           0x00800100        0x0 /usr/local/CrossPack-AVR-20131216/lib/gcc/avr/4.8.1/../../../../avr/lib/avr5/libm.a(fp_pscA.o)
 .bss           0x00800100        0x0 /usr/local/CrossPack-AVR-20131216/lib/gcc/avr/4.8.1/../../../../avr/lib/avr5/libm.a(fp_pscB.o)
 .bss           0x00800100        0x0 /usr/local/CrossPack-AVR-20131216/lib/gcc/avr/4.8.1/../../../../avr/lib/avr5/libm.a(fp_round.o)
 .bss           0x00800100        0x0 /usr/local/CrossPack-AVR-20131216/lib/gcc/avr/4.8.1/../../../../avr/lib/avr5/libm.a(fp_split3.o)
 .bss           0x00800100        0x0 /usr/local/CrossPack-AVR-20131216/lib/gcc/avr/4.8.1/../../../../avr/lib/avr5/libm.a(fp_zero.o)
 .bss           0x00800100        0x0 /usr/local/CrossPack-AVR-20131216/lib/gcc/avr/4.8.1/avr5/libgcc.a(_exit.o)
 .bss           0x00800100        0x0 /usr/local/CrossPack-AVR-20131216/lib/gcc/avr/4.8.1/avr5/libgcc.a(_tablejump.o)
 .bss           0x00800100        0x0 /usr/local/CrossPack-AVR-20131216/lib/gcc/avr/4.8.1/avr5/libgcc.a(_clear_bss.o)
 *(.bss*)
 *(COMMON)
 COMMON         0x00800100       0x12 Builds/Initialisation.o
                0x00800100                distanceSonarFR
                0x00800101                distanceSonarFL
                0x00800102                _eErrorMower
                0x00800103                _uBpForceStart
                0x00800104                _uUnderTheRain
                0x00800105                _eCommandMower
                0x00800106                _eEtatRain
                0x00800107                _uBattery
                0x00800108                _uBpStop
                0x00800109                _uTimeToMow
                0x0080010a                _uWireReached
                0x0080010b                _uBpStart
                0x0080010c                _eEtatBlade
                0x0080010d                distanceSonarRC
                0x0080010e                _uCharge
                0x0080010f                distanceSonarFC
                0x00800110                _eEtatMower
                0x00800111                _uDock
                0x00800112                PROVIDE (__bss_end, .)
                0x00000be6                __data_load_start = LOADADDR (.data)
                0x00000be6                __data_load_end = (__data_load_start + SIZEOF (.data))

.noinit         0x00800112        0x0
                0x00800112                PROVIDE (__noinit_start, .)
 *(.noinit*)
                0x00800112                PROVIDE (__noinit_end, .)
                0x00800112                _end = .
                0x00800112                PROVIDE (__heap_start, .)

.eeprom         0x00810000        0x0
 *(.eeprom*)
                0x00810000                __eeprom_end = .

.fuse
 *(.fuse)
 *(.lfuse)
 *(.hfuse)
 *(.efuse)

.lock
 *(.lock*)

.signature
 *(.signature*)

.user_signatures
 *(.user_signatures*)

.stab           0x00000000     0x36e4
 *(.stab)
 .stab          0x00000000      0x9b4 Builds/Initialisation.o
 .stab          0x000009b4      0x498 Builds/Interrupt.o
                                0x720 (size before relaxing)
 .stab          0x00000e4c      0x330 Builds/adc.o
                                0x540 (size before relaxing)
 .stab          0x0000117c      0x5c4 Builds/main.o
                                0x84c (size before relaxing)
 .stab          0x00001740      0x9b4 Builds/mower.o
                                0xc3c (size before relaxing)
 .stab          0x000020f4      0x5a0 Builds/pwm.o
                                0x7d4 (size before relaxing)
 .stab          0x00002694      0x6fc Builds/status.o
                                0x984 (size before relaxing)
 .stab          0x00002d90      0x624 Builds/twi.o
                                0x858 (size before relaxing)
 .stab          0x000033b4      0x330 Builds/uart.o
                                0x540 (size before relaxing)

.stabstr        0x00000000     0x19da
 *(.stabstr)
 .stabstr       0x00000000     0x19da Builds/Initialisation.o

.stab.excl
 *(.stab.excl)

.stab.exclstr
 *(.stab.exclstr)

.stab.index
 *(.stab.index)

.stab.indexstr
 *(.stab.indexstr)

.comment        0x00000000       0x11
 *(.comment)
 .comment       0x00000000       0x11 Builds/Initialisation.o
                                 0x12 (size before relaxing)
 .comment       0x00000000       0x12 Builds/Interrupt.o
 .comment       0x00000000       0x12 Builds/adc.o
 .comment       0x00000000       0x12 Builds/main.o
 .comment       0x00000000       0x12 Builds/mower.o
 .comment       0x00000000       0x12 Builds/pwm.o
 .comment       0x00000000       0x12 Builds/status.o
 .comment       0x00000000       0x12 Builds/twi.o
 .comment       0x00000000       0x12 Builds/uart.o

.debug
 *(.debug)

.line
 *(.line)

.debug_srcinfo
 *(.debug_srcinfo)

.debug_sfnames
 *(.debug_sfnames)

.debug_aranges  0x00000000       0x60
 *(.debug_aranges)
 .debug_aranges
                0x00000000       0x20 /usr/local/CrossPack-AVR-20131216/lib/gcc/avr/4.8.1/avr5/libgcc.a(_exit.o)
 .debug_aranges
                0x00000020       0x20 /usr/local/CrossPack-AVR-20131216/lib/gcc/avr/4.8.1/avr5/libgcc.a(_tablejump.o)
 .debug_aranges
                0x00000040       0x20 /usr/local/CrossPack-AVR-20131216/lib/gcc/avr/4.8.1/avr5/libgcc.a(_clear_bss.o)

.debug_pubnames
 *(.debug_pubnames)

.debug_info     0x00000000      0x23a
 *(.debug_info)
 .debug_info    0x00000000       0xbe /usr/local/CrossPack-AVR-20131216/lib/gcc/avr/4.8.1/avr5/libgcc.a(_exit.o)
 .debug_info    0x000000be       0xbe /usr/local/CrossPack-AVR-20131216/lib/gcc/avr/4.8.1/avr5/libgcc.a(_tablejump.o)
 .debug_info    0x0000017c       0xbe /usr/local/CrossPack-AVR-20131216/lib/gcc/avr/4.8.1/avr5/libgcc.a(_clear_bss.o)
 *(.gnu.linkonce.wi.*)

.debug_abbrev   0x00000000       0x3c
 *(.debug_abbrev)
 .debug_abbrev  0x00000000       0x14 /usr/local/CrossPack-AVR-20131216/lib/gcc/avr/4.8.1/avr5/libgcc.a(_exit.o)
 .debug_abbrev  0x00000014       0x14 /usr/local/CrossPack-AVR-20131216/lib/gcc/avr/4.8.1/avr5/libgcc.a(_tablejump.o)
 .debug_abbrev  0x00000028       0x14 /usr/local/CrossPack-AVR-20131216/lib/gcc/avr/4.8.1/avr5/libgcc.a(_clear_bss.o)

.debug_line     0x00000000      0x112
 *(.debug_line)
 .debug_line    0x00000000       0x58 /usr/local/CrossPack-AVR-20131216/lib/gcc/avr/4.8.1/avr5/libgcc.a(_exit.o)
 .debug_line    0x00000058       0x5c /usr/local/CrossPack-AVR-20131216/lib/gcc/avr/4.8.1/avr5/libgcc.a(_tablejump.o)
 .debug_line    0x000000b4       0x5e /usr/local/CrossPack-AVR-20131216/lib/gcc/avr/4.8.1/avr5/libgcc.a(_clear_bss.o)

.debug_frame
 *(.debug_frame)

.debug_str
 *(.debug_str)

.debug_loc
 *(.debug_loc)

.debug_macinfo
 *(.debug_macinfo)

.debug_pubtypes
 *(.debug_pubtypes)

.debug_ranges
 *(.debug_ranges)

.debug_macro
 *(.debug_macro)
OUTPUT(Builds/main.elf elf32-avr)
LOAD linker stubs

Cross Reference Table

Symbol                                            File
ADC_read                                          Builds/adc.o
                                                  Builds/mower.o
INIT_adc                                          Builds/Initialisation.o
INIT_interrupt                                    Builds/Initialisation.o
INIT_io                                           Builds/Initialisation.o
INIT_pwm                                          Builds/Initialisation.o
INIT_twi                                          Builds/Initialisation.o
INIT_uart                                         Builds/Initialisation.o
INIT_variable                                     Builds/Initialisation.o
Initialisation                                    Builds/Initialisation.o
                                                  Builds/main.o
MOWER_directionFromBase                           Builds/mower.o
MOWER_goDockCharger                               Builds/mower.o
                                                  Builds/main.o
MOWER_leaveDockCharger                            Builds/mower.o
                                                  Builds/main.o
MOWER_pidController                               Builds/mower.o
MOWER_startMower                                  Builds/mower.o
                                                  Builds/main.o
MOWER_updateBladeState                            Builds/mower.o
                                                  Builds/main.o
PWM_forward                                       Builds/pwm.o
                                                  Builds/mower.o
PWM_forward_turn                                  Builds/pwm.o
                                                  Builds/mower.o
PWM_left                                          Builds/pwm.o
                                                  Builds/mower.o
PWM_reverse                                       Builds/pwm.o
                                                  Builds/mower.o
PWM_right                                         Builds/pwm.o
                                                  Builds/mower.o
PWM_stop                                          Builds/pwm.o
                                                  Builds/mower.o
                                                  Builds/main.o
STATUS_receivedStatus                             Builds/status.o
                                                  Builds/Interrupt.o
STATUS_sendStatus                                 Builds/status.o
                                                  Builds/mower.o
                                                  Builds/main.o
STATUS_updateStatus                               Builds/status.o
                                                  Builds/main.o
STATUS_updateStatusError                          Builds/status.o
STATUS_updateStatusLed                            Builds/status.o
TWI_getData                                       Builds/twi.o
TWI_readACK                                       Builds/twi.o
TWI_readNACK                                      Builds/twi.o
TWI_repeat_start                                  Builds/twi.o
TWI_start                                         Builds/twi.o
TWI_stop                                          Builds/twi.o
TWI_write                                         Builds/twi.o
TWI_write_data                                    Builds/twi.o
UART_reception                                    Builds/uart.o
UART_transmission                                 Builds/uart.o
                                                  Builds/status.o
__addsf3                                          /usr/local/CrossPack-AVR-20131216/lib/gcc/avr/4.8.1/../../../../avr/lib/avr5/libm.a(addsf3.o)
                                                  Builds/mower.o
__addsf3x                                         /usr/local/CrossPack-AVR-20131216/lib/gcc/avr/4.8.1/../../../../avr/lib/avr5/libm.a(addsf3x.o)
                                                  /usr/local/CrossPack-AVR-20131216/lib/gcc/avr/4.8.1/../../../../avr/lib/avr5/libm.a(addsf3.o)
__bad_interrupt                                   /usr/local/CrossPack-AVR-20131216/lib/gcc/avr/4.8.1/../../../../avr/lib/avr5/crtm328.o
__bss_end                                         /usr/local/CrossPack-AVR-20131216/lib/gcc/avr/4.8.1/avr5/libgcc.a(_clear_bss.o)
__bss_start                                       /usr/local/CrossPack-AVR-20131216/lib/gcc/avr/4.8.1/avr5/libgcc.a(_clear_bss.o)
__cmpsf2                                          /usr/local/CrossPack-AVR-20131216/lib/gcc/avr/4.8.1/../../../../avr/lib/avr5/libm.a(cmpsf2.o)
__do_clear_bss                                    /usr/local/CrossPack-AVR-20131216/lib/gcc/avr/4.8.1/avr5/libgcc.a(_clear_bss.o)
                                                  Builds/twi.o
                                                  Builds/status.o
                                                  Builds/pwm.o
                                                  Builds/mower.o
                                                  Builds/main.o
                                                  Builds/Interrupt.o
                                                  Builds/Initialisation.o
__eqsf2                                           /usr/local/CrossPack-AVR-20131216/lib/gcc/avr/4.8.1/../../../../avr/lib/avr5/libm.a(cmpsf2.o)
__fp_cmp                                          /usr/local/CrossPack-AVR-20131216/lib/gcc/avr/4.8.1/../../../../avr/lib/avr5/libm.a(fp_cmp.o)
                                                  /usr/local/CrossPack-AVR-20131216/lib/gcc/avr/4.8.1/../../../../avr/lib/avr5/libm.a(cmpsf2.o)
__fp_inf                                          /usr/local/CrossPack-AVR-20131216/lib/gcc/avr/4.8.1/../../../../avr/lib/avr5/libm.a(fp_inf.o)
                                                  /usr/local/CrossPack-AVR-20131216/lib/gcc/avr/4.8.1/../../../../avr/lib/avr5/libm.a(addsf3x.o)
__fp_nan                                          /usr/local/CrossPack-AVR-20131216/lib/gcc/avr/4.8.1/../../../../avr/lib/avr5/libm.a(fp_nan.o)
                                                  /usr/local/CrossPack-AVR-20131216/lib/gcc/avr/4.8.1/../../../../avr/lib/avr5/libm.a(addsf3x.o)
__fp_pscA                                         /usr/local/CrossPack-AVR-20131216/lib/gcc/avr/4.8.1/../../../../avr/lib/avr5/libm.a(fp_pscA.o)
                                                  /usr/local/CrossPack-AVR-20131216/lib/gcc/avr/4.8.1/../../../../avr/lib/avr5/libm.a(addsf3x.o)
__fp_pscB                                         /usr/local/CrossPack-AVR-20131216/lib/gcc/avr/4.8.1/../../../../avr/lib/avr5/libm.a(fp_pscB.o)
                                                  /usr/local/CrossPack-AVR-20131216/lib/gcc/avr/4.8.1/../../../../avr/lib/avr5/libm.a(addsf3x.o)
__fp_round                                        /usr/local/CrossPack-AVR-20131216/lib/gcc/avr/4.8.1/../../../../avr/lib/avr5/libm.a(fp_round.o)
                                                  /usr/local/CrossPack-AVR-20131216/lib/gcc/avr/4.8.1/../../../../avr/lib/avr5/libm.a(addsf3.o)
__fp_split3                                       /usr/local/CrossPack-AVR-20131216/lib/gcc/avr/4.8.1/../../../../avr/lib/avr5/libm.a(fp_split3.o)
                                                  /usr/local/CrossPack-AVR-20131216/lib/gcc/avr/4.8.1/../../../../avr/lib/avr5/libm.a(addsf3x.o)
__fp_splitA                                       /usr/local/CrossPack-AVR-20131216/lib/gcc/avr/4.8.1/../../../../avr/lib/avr5/libm.a(fp_split3.o)
__fp_szero                                        /usr/local/CrossPack-AVR-20131216/lib/gcc/avr/4.8.1/../../../../avr/lib/avr5/libm.a(fp_zero.o)
__fp_zero                                         /usr/local/CrossPack-AVR-20131216/lib/gcc/avr/4.8.1/../../../../avr/lib/avr5/libm.a(fp_zero.o)
                                                  /usr/local/CrossPack-AVR-20131216/lib/gcc/avr/4.8.1/../../../../avr/lib/avr5/libm.a(addsf3x.o)
__heap_end                                        /usr/local/CrossPack-AVR-20131216/lib/gcc/avr/4.8.1/../../../../avr/lib/avr5/crtm328.o
__init                                            /usr/local/CrossPack-AVR-20131216/lib/gcc/avr/4.8.1/../../../../avr/lib/avr5/crtm328.o
__lesf2                                           /usr/local/CrossPack-AVR-20131216/lib/gcc/avr/4.8.1/../../../../avr/lib/avr5/libm.a(cmpsf2.o)
__ltsf2                                           /usr/local/CrossPack-AVR-20131216/lib/gcc/avr/4.8.1/../../../../avr/lib/avr5/libm.a(cmpsf2.o)
                                                  Builds/mower.o
__nesf2                                           /usr/local/CrossPack-AVR-20131216/lib/gcc/avr/4.8.1/../../../../avr/lib/avr5/libm.a(cmpsf2.o)
__stack                                           /usr/local/CrossPack-AVR-20131216/lib/gcc/avr/4.8.1/../../../../avr/lib/avr5/crtm328.o
__subsf3                                          /usr/local/CrossPack-AVR-20131216/lib/gcc/avr/4.8.1/../../../../avr/lib/avr5/libm.a(addsf3.o)
__tablejump2__                                    /usr/local/CrossPack-AVR-20131216/lib/gcc/avr/4.8.1/avr5/libgcc.a(_tablejump.o)
                                                  Builds/status.o
__tablejump__                                     /usr/local/CrossPack-AVR-20131216/lib/gcc/avr/4.8.1/avr5/libgcc.a(_tablejump.o)
__vector_1                                        /usr/local/CrossPack-AVR-20131216/lib/gcc/avr/4.8.1/../../../../avr/lib/avr5/crtm328.o
__vector_10                                       /usr/local/CrossPack-AVR-20131216/lib/gcc/avr/4.8.1/../../../../avr/lib/avr5/crtm328.o
__vector_11                                       /usr/local/CrossPack-AVR-20131216/lib/gcc/avr/4.8.1/../../../../avr/lib/avr5/crtm328.o
__vector_12                                       /usr/local/CrossPack-AVR-20131216/lib/gcc/avr/4.8.1/../../../../avr/lib/avr5/crtm328.o
__vector_13                                       /usr/local/CrossPack-AVR-20131216/lib/gcc/avr/4.8.1/../../../../avr/lib/avr5/crtm328.o
__vector_14                                       /usr/local/CrossPack-AVR-20131216/lib/gcc/avr/4.8.1/../../../../avr/lib/avr5/crtm328.o
__vector_15                                       /usr/local/CrossPack-AVR-20131216/lib/gcc/avr/4.8.1/../../../../avr/lib/avr5/crtm328.o
__vector_16                                       /usr/local/CrossPack-AVR-20131216/lib/gcc/avr/4.8.1/../../../../avr/lib/avr5/crtm328.o
__vector_17                                       /usr/local/CrossPack-AVR-20131216/lib/gcc/avr/4.8.1/../../../../avr/lib/avr5/crtm328.o
__vector_18                                       Builds/Interrupt.o
                                                  /usr/local/CrossPack-AVR-20131216/lib/gcc/avr/4.8.1/../../../../avr/lib/avr5/crtm328.o
__vector_19                                       /usr/local/CrossPack-AVR-20131216/lib/gcc/avr/4.8.1/../../../../avr/lib/avr5/crtm328.o
__vector_2                                        /usr/local/CrossPack-AVR-20131216/lib/gcc/avr/4.8.1/../../../../avr/lib/avr5/crtm328.o
__vector_20                                       /usr/local/CrossPack-AVR-20131216/lib/gcc/avr/4.8.1/../../../../avr/lib/avr5/crtm328.o
__vector_21                                       /usr/local/CrossPack-AVR-20131216/lib/gcc/avr/4.8.1/../../../../avr/lib/avr5/crtm328.o
__vector_22                                       /usr/local/CrossPack-AVR-20131216/lib/gcc/avr/4.8.1/../../../../avr/lib/avr5/crtm328.o
__vector_23                                       /usr/local/CrossPack-AVR-20131216/lib/gcc/avr/4.8.1/../../../../avr/lib/avr5/crtm328.o
__vector_24                                       /usr/local/CrossPack-AVR-20131216/lib/gcc/avr/4.8.1/../../../../avr/lib/avr5/crtm328.o
__vector_25                                       /usr/local/CrossPack-AVR-20131216/lib/gcc/avr/4.8.1/../../../../avr/lib/avr5/crtm328.o
__vector_3                                        Builds/Interrupt.o
                                                  /usr/local/CrossPack-AVR-20131216/lib/gcc/avr/4.8.1/../../../../avr/lib/avr5/crtm328.o
__vector_4                                        /usr/local/CrossPack-AVR-20131216/lib/gcc/avr/4.8.1/../../../../avr/lib/avr5/crtm328.o
__vector_5                                        Builds/Interrupt.o
                                                  /usr/local/CrossPack-AVR-20131216/lib/gcc/avr/4.8.1/../../../../avr/lib/avr5/crtm328.o
__vector_6                                        /usr/local/CrossPack-AVR-20131216/lib/gcc/avr/4.8.1/../../../../avr/lib/avr5/crtm328.o
__vector_7                                        /usr/local/CrossPack-AVR-20131216/lib/gcc/avr/4.8.1/../../../../avr/lib/avr5/crtm328.o
__vector_8                                        /usr/local/CrossPack-AVR-20131216/lib/gcc/avr/4.8.1/../../../../avr/lib/avr5/crtm328.o
__vector_9                                        /usr/local/CrossPack-AVR-20131216/lib/gcc/avr/4.8.1/../../../../avr/lib/avr5/crtm328.o
__vector_default                                  /usr/local/CrossPack-AVR-20131216/lib/gcc/avr/4.8.1/../../../../avr/lib/avr5/crtm328.o
__vectors                                         /usr/local/CrossPack-AVR-20131216/lib/gcc/avr/4.8.1/../../../../avr/lib/avr5/crtm328.o
_eCommandMower                                    Builds/status.o
                                                  Builds/mower.o
                                                  Builds/main.o
                                                  Builds/Interrupt.o
                                                  Builds/Initialisation.o
_eErrorMower                                      Builds/status.o
                                                  Builds/mower.o
                                                  Builds/main.o
                                                  Builds/Interrupt.o
                                                  Builds/Initialisation.o
_eEtatBlade                                       Builds/twi.o
                                                  Builds/status.o
                                                  Builds/pwm.o
                                                  Builds/mower.o
                                                  Builds/main.o
                                                  Builds/Interrupt.o
                                                  Builds/Initialisation.o
_eEtatMower                                       Builds/status.o
                                                  Builds/mower.o
                                                  Builds/main.o
                                                  Builds/Interrupt.o
                                                  Builds/Initialisation.o
_eEtatRain                                        Builds/twi.o
                                                  Builds/status.o
                                                  Builds/pwm.o
                                                  Builds/mower.o
                                                  Builds/main.o
                                                  Builds/Interrupt.o
                                                  Builds/Initialisation.o
_exit                                             /usr/local/CrossPack-AVR-20131216/lib/gcc/avr/4.8.1/avr5/libgcc.a(_exit.o)
_uBattery                                         Builds/twi.o
                                                  Builds/status.o
                                                  Builds/pwm.o
                                                  Builds/mower.o
                                                  Builds/main.o
                                                  Builds/Interrupt.o
                                                  Builds/Initialisation.o
_uBpForceStart                                    Builds/twi.o
                                                  Builds/status.o
                                                  Builds/pwm.o
                                                  Builds/mower.o
                                                  Builds/main.o
                                                  Builds/Interrupt.o
                                                  Builds/Initialisation.o
_uBpStart                                         Builds/twi.o
                                                  Builds/status.o
                                                  Builds/pwm.o
                                                  Builds/mower.o
                                                  Builds/main.o
                                                  Builds/Interrupt.o
                                                  Builds/Initialisation.o
_uBpStop                                          Builds/twi.o
                                                  Builds/status.o
                                                  Builds/pwm.o
                                                  Builds/mower.o
                                                  Builds/main.o
                                                  Builds/Interrupt.o
                                                  Builds/Initialisation.o
_uCharge                                          Builds/twi.o
                                                  Builds/status.o
                                                  Builds/pwm.o
                                                  Builds/mower.o
                                                  Builds/main.o
                                                  Builds/Interrupt.o
                                                  Builds/Initialisation.o
_uDock                                            Builds/twi.o
                                                  Builds/status.o
                                                  Builds/pwm.o
                                                  Builds/mower.o
                                                  Builds/main.o
                                                  Builds/Interrupt.o
                                                  Builds/Initialisation.o
_uTimeToMow                                       Builds/twi.o
                                                  Builds/status.o
                                                  Builds/pwm.o
                                                  Builds/mower.o
                                                  Builds/main.o
                                                  Builds/Interrupt.o
                                                  Builds/Initialisation.o
_uUnderTheRain                                    Builds/twi.o
                                                  Builds/status.o
                                                  Builds/pwm.o
                                                  Builds/mower.o
                                                  Builds/main.o
                                                  Builds/Interrupt.o
                                                  Builds/Initialisation.o
_uWireReached                                     Builds/twi.o
                                                  Builds/status.o
                                                  Builds/pwm.o
                                                  Builds/mower.o
                                                  Builds/main.o
                                                  Builds/Interrupt.o
                                                  Builds/Initialisation.o
distanceSonarFC                                   Builds/twi.o
                                                  Builds/status.o
                                                  Builds/pwm.o
                                                  Builds/mower.o
                                                  Builds/main.o
                                                  Builds/Interrupt.o
                                                  Builds/Initialisation.o
distanceSonarFL                                   Builds/twi.o
                                                  Builds/status.o
                                                  Builds/pwm.o
                                                  Builds/mower.o
                                                  Builds/main.o
                                                  Builds/Interrupt.o
                                                  Builds/Initialisation.o
distanceSonarFR                                   Builds/twi.o
                                                  Builds/status.o
                                                  Builds/pwm.o
                                                  Builds/mower.o
                                                  Builds/main.o
                                                  Builds/Interrupt.o
                                                  Builds/Initialisation.o
distanceSonarRC                                   Builds/twi.o
                                                  Builds/status.o
                                                  Builds/pwm.o
                                                  Builds/mower.o
                                                  Builds/main.o
                                                  Builds/Interrupt.o
                                                  Builds/Initialisation.o
exit                                              /usr/local/CrossPack-AVR-20131216/lib/gcc/avr/4.8.1/avr5/libgcc.a(_exit.o)
                                                  /usr/local/CrossPack-AVR-20131216/lib/gcc/avr/4.8.1/../../../../avr/lib/avr5/crtm328.o
isCharging                                        Builds/mower.o
                                                  Builds/main.o
isDocking                                         Builds/mower.o
                                                  Builds/status.o
                                                  Builds/main.o
                                                  Builds/Interrupt.o
isEnoughCharged                                   Builds/mower.o
                                                  Builds/main.o
isRaining                                         Builds/mower.o
                                                  Builds/main.o
isTimeToMow                                       Builds/mower.o
                                                  Builds/main.o
main                                              Builds/main.o
                                                  /usr/local/CrossPack-AVR-20131216/lib/gcc/avr/4.8.1/../../../../avr/lib/avr5/crtm328.o
myDelayLoop                                       Builds/mower.o
