   1               		.file	"main.c"
   2               	__SP_H__ = 0x3e
   3               	__SP_L__ = 0x3d
   4               	__SREG__ = 0x3f
   5               	__tmp_reg__ = 0
   6               	__zero_reg__ = 1
   8               		.text
   9               	.Ltext0:
 126               		.section	.text.startup,"ax",@progbits
 128               	.global	main
 130               	main:
   1:/Users/morgan/Documents/ProjetTondeuse/CarteMere/LawnMower_MotherBoard/LawnMower_MotherBoard/main.c **** #include <stdio.h>
   2:/Users/morgan/Documents/ProjetTondeuse/CarteMere/LawnMower_MotherBoard/LawnMower_MotherBoard/main.c **** #include <util/delay.h>
   3:/Users/morgan/Documents/ProjetTondeuse/CarteMere/LawnMower_MotherBoard/LawnMower_MotherBoard/main.c **** #include <avr/wdt.h>
   4:/Users/morgan/Documents/ProjetTondeuse/CarteMere/LawnMower_MotherBoard/LawnMower_MotherBoard/main.c **** 
   5:/Users/morgan/Documents/ProjetTondeuse/CarteMere/LawnMower_MotherBoard/LawnMower_MotherBoard/main.c **** #include "constant.h"
   6:/Users/morgan/Documents/ProjetTondeuse/CarteMere/LawnMower_MotherBoard/LawnMower_MotherBoard/main.c **** #include "Initialisation.h"
   7:/Users/morgan/Documents/ProjetTondeuse/CarteMere/LawnMower_MotherBoard/LawnMower_MotherBoard/main.c **** #include "mower.h"
   8:/Users/morgan/Documents/ProjetTondeuse/CarteMere/LawnMower_MotherBoard/LawnMower_MotherBoard/main.c **** #include "status.h"
   9:/Users/morgan/Documents/ProjetTondeuse/CarteMere/LawnMower_MotherBoard/LawnMower_MotherBoard/main.c **** #include "pwm.h"
  10:/Users/morgan/Documents/ProjetTondeuse/CarteMere/LawnMower_MotherBoard/LawnMower_MotherBoard/main.c **** 
  11:/Users/morgan/Documents/ProjetTondeuse/CarteMere/LawnMower_MotherBoard/LawnMower_MotherBoard/main.c **** int main(void) {
 132               	.LM0:
 133               	.LFBB1:
 134               	/* prologue: function */
 135               	/* frame size = 0 */
 136               	/* stack size = 0 */
 137               	.L__stack_usage = 0
  12:/Users/morgan/Documents/ProjetTondeuse/CarteMere/LawnMower_MotherBoard/LawnMower_MotherBoard/main.c **** 
  13:/Users/morgan/Documents/ProjetTondeuse/CarteMere/LawnMower_MotherBoard/LawnMower_MotherBoard/main.c ****     Initialisation();
 139               	.LM1:
 140 0000 0E94 0000 		call Initialisation
  14:/Users/morgan/Documents/ProjetTondeuse/CarteMere/LawnMower_MotherBoard/LawnMower_MotherBoard/main.c **** 
  15:/Users/morgan/Documents/ProjetTondeuse/CarteMere/LawnMower_MotherBoard/LawnMower_MotherBoard/main.c **** 	while(!_uBpStart);
 142               	.LM2:
 143 0004 8091 0000 		lds r24,_uBpStart
 144 0008 8111      		cpse r24,__zero_reg__
 145 000a 00C0      		rjmp .L2
 146               	.L12:
 147 000c 00C0      		rjmp .L12
 148               	.L2:
  16:/Users/morgan/Documents/ProjetTondeuse/CarteMere/LawnMower_MotherBoard/LawnMower_MotherBoard/main.c **** 	_uBpStart = 0;
 150               	.LM3:
 151 000e 1092 0000 		sts _uBpStart,__zero_reg__
  17:/Users/morgan/Documents/ProjetTondeuse/CarteMere/LawnMower_MotherBoard/LawnMower_MotherBoard/main.c **** 	
  18:/Users/morgan/Documents/ProjetTondeuse/CarteMere/LawnMower_MotherBoard/LawnMower_MotherBoard/main.c **** 	while (1) {
  19:/Users/morgan/Documents/ProjetTondeuse/CarteMere/LawnMower_MotherBoard/LawnMower_MotherBoard/main.c **** 		wdt_reset();
  20:/Users/morgan/Documents/ProjetTondeuse/CarteMere/LawnMower_MotherBoard/LawnMower_MotherBoard/main.c **** 		STATUS_updateStatus();
  21:/Users/morgan/Documents/ProjetTondeuse/CarteMere/LawnMower_MotherBoard/LawnMower_MotherBoard/main.c **** 		STATUS_sendStatus();
  22:/Users/morgan/Documents/ProjetTondeuse/CarteMere/LawnMower_MotherBoard/LawnMower_MotherBoard/main.c **** 		MOWER_updateBladeState();
  23:/Users/morgan/Documents/ProjetTondeuse/CarteMere/LawnMower_MotherBoard/LawnMower_MotherBoard/main.c **** 		
  24:/Users/morgan/Documents/ProjetTondeuse/CarteMere/LawnMower_MotherBoard/LawnMower_MotherBoard/main.c ****         if(isDocking())
  25:/Users/morgan/Documents/ProjetTondeuse/CarteMere/LawnMower_MotherBoard/LawnMower_MotherBoard/main.c ****         {
  26:/Users/morgan/Documents/ProjetTondeuse/CarteMere/LawnMower_MotherBoard/LawnMower_MotherBoard/main.c **** 			_eEtatBlade = OFF;
  27:/Users/morgan/Documents/ProjetTondeuse/CarteMere/LawnMower_MotherBoard/LawnMower_MotherBoard/main.c **** 			
  28:/Users/morgan/Documents/ProjetTondeuse/CarteMere/LawnMower_MotherBoard/LawnMower_MotherBoard/main.c **** 			PWM_stop();
  29:/Users/morgan/Documents/ProjetTondeuse/CarteMere/LawnMower_MotherBoard/LawnMower_MotherBoard/main.c **** 			
  30:/Users/morgan/Documents/ProjetTondeuse/CarteMere/LawnMower_MotherBoard/LawnMower_MotherBoard/main.c ****             if(isCharging())
  31:/Users/morgan/Documents/ProjetTondeuse/CarteMere/LawnMower_MotherBoard/LawnMower_MotherBoard/main.c ****             {
  32:/Users/morgan/Documents/ProjetTondeuse/CarteMere/LawnMower_MotherBoard/LawnMower_MotherBoard/main.c **** 				_eEtatMower = EN_CHARGE;
  33:/Users/morgan/Documents/ProjetTondeuse/CarteMere/LawnMower_MotherBoard/LawnMower_MotherBoard/main.c **** 				
  34:/Users/morgan/Documents/ProjetTondeuse/CarteMere/LawnMower_MotherBoard/LawnMower_MotherBoard/main.c **** 				if(_uBpForceStart && (_eEtatRain == OFF)) {
  35:/Users/morgan/Documents/ProjetTondeuse/CarteMere/LawnMower_MotherBoard/LawnMower_MotherBoard/main.c **** 					_eEtatMower = TACHE_EN_COURS;
  36:/Users/morgan/Documents/ProjetTondeuse/CarteMere/LawnMower_MotherBoard/LawnMower_MotherBoard/main.c **** 					_uBpStop = 0;
  37:/Users/morgan/Documents/ProjetTondeuse/CarteMere/LawnMower_MotherBoard/LawnMower_MotherBoard/main.c **** 					_uBpForceStart = 0;	
  38:/Users/morgan/Documents/ProjetTondeuse/CarteMere/LawnMower_MotherBoard/LawnMower_MotherBoard/main.c **** 					_eErrorMower = NTR;
  39:/Users/morgan/Documents/ProjetTondeuse/CarteMere/LawnMower_MotherBoard/LawnMower_MotherBoard/main.c **** 				}
  40:/Users/morgan/Documents/ProjetTondeuse/CarteMere/LawnMower_MotherBoard/LawnMower_MotherBoard/main.c ****             }
  41:/Users/morgan/Documents/ProjetTondeuse/CarteMere/LawnMower_MotherBoard/LawnMower_MotherBoard/main.c ****             else if(isTimeToMow() && (_eEtatRain == OFF))
  42:/Users/morgan/Documents/ProjetTondeuse/CarteMere/LawnMower_MotherBoard/LawnMower_MotherBoard/main.c ****             {
  43:/Users/morgan/Documents/ProjetTondeuse/CarteMere/LawnMower_MotherBoard/LawnMower_MotherBoard/main.c **** 				_uBpStop = 0;
  44:/Users/morgan/Documents/ProjetTondeuse/CarteMere/LawnMower_MotherBoard/LawnMower_MotherBoard/main.c **** 				_eErrorMower = NTR;		
  45:/Users/morgan/Documents/ProjetTondeuse/CarteMere/LawnMower_MotherBoard/LawnMower_MotherBoard/main.c ****             }
  46:/Users/morgan/Documents/ProjetTondeuse/CarteMere/LawnMower_MotherBoard/LawnMower_MotherBoard/main.c **** 			else
  47:/Users/morgan/Documents/ProjetTondeuse/CarteMere/LawnMower_MotherBoard/LawnMower_MotherBoard/main.c **** 				_eEtatMower = PAS_DE_TACHE_EN_COURS;
  48:/Users/morgan/Documents/ProjetTondeuse/CarteMere/LawnMower_MotherBoard/LawnMower_MotherBoard/main.c ****         }
  49:/Users/morgan/Documents/ProjetTondeuse/CarteMere/LawnMower_MotherBoard/LawnMower_MotherBoard/main.c **** 		else if(_uBpStart && (!_uBpStop)) {
  50:/Users/morgan/Documents/ProjetTondeuse/CarteMere/LawnMower_MotherBoard/LawnMower_MotherBoard/main.c **** 			_eEtatMower = PAUSE;
  51:/Users/morgan/Documents/ProjetTondeuse/CarteMere/LawnMower_MotherBoard/LawnMower_MotherBoard/main.c **** 			_eEtatBlade = OFF;
  52:/Users/morgan/Documents/ProjetTondeuse/CarteMere/LawnMower_MotherBoard/LawnMower_MotherBoard/main.c **** 			_eErrorMower = NTR;
  53:/Users/morgan/Documents/ProjetTondeuse/CarteMere/LawnMower_MotherBoard/LawnMower_MotherBoard/main.c **** 			
  54:/Users/morgan/Documents/ProjetTondeuse/CarteMere/LawnMower_MotherBoard/LawnMower_MotherBoard/main.c **** 			PWM_stop();
  55:/Users/morgan/Documents/ProjetTondeuse/CarteMere/LawnMower_MotherBoard/LawnMower_MotherBoard/main.c **** 		}
  56:/Users/morgan/Documents/ProjetTondeuse/CarteMere/LawnMower_MotherBoard/LawnMower_MotherBoard/main.c **** 		else if(isEnoughCharged() == -1) {
  57:/Users/morgan/Documents/ProjetTondeuse/CarteMere/LawnMower_MotherBoard/LawnMower_MotherBoard/main.c **** 			_eEtatBlade = OFF;
  58:/Users/morgan/Documents/ProjetTondeuse/CarteMere/LawnMower_MotherBoard/LawnMower_MotherBoard/main.c **** 			_eEtatMower = RETOUR_STATION;
  59:/Users/morgan/Documents/ProjetTondeuse/CarteMere/LawnMower_MotherBoard/LawnMower_MotherBoard/main.c **** 			
  60:/Users/morgan/Documents/ProjetTondeuse/CarteMere/LawnMower_MotherBoard/LawnMower_MotherBoard/main.c **** 			PWM_stop();
  61:/Users/morgan/Documents/ProjetTondeuse/CarteMere/LawnMower_MotherBoard/LawnMower_MotherBoard/main.c **** 		}
  62:/Users/morgan/Documents/ProjetTondeuse/CarteMere/LawnMower_MotherBoard/LawnMower_MotherBoard/main.c ****         else if(isEnoughCharged() && (!isRaining()) && isTimeToMow() && (!(_uBpStart && _uBpStop)))
  63:/Users/morgan/Documents/ProjetTondeuse/CarteMere/LawnMower_MotherBoard/LawnMower_MotherBoard/main.c ****         {
  64:/Users/morgan/Documents/ProjetTondeuse/CarteMere/LawnMower_MotherBoard/LawnMower_MotherBoard/main.c **** 			_eEtatMower = TACHE_EN_COURS;
  65:/Users/morgan/Documents/ProjetTondeuse/CarteMere/LawnMower_MotherBoard/LawnMower_MotherBoard/main.c **** 			_eEtatBlade = ON;
  66:/Users/morgan/Documents/ProjetTondeuse/CarteMere/LawnMower_MotherBoard/LawnMower_MotherBoard/main.c **** 						
  67:/Users/morgan/Documents/ProjetTondeuse/CarteMere/LawnMower_MotherBoard/LawnMower_MotherBoard/main.c ****             MOWER_startMower();
  68:/Users/morgan/Documents/ProjetTondeuse/CarteMere/LawnMower_MotherBoard/LawnMower_MotherBoard/main.c ****         }
  69:/Users/morgan/Documents/ProjetTondeuse/CarteMere/LawnMower_MotherBoard/LawnMower_MotherBoard/main.c ****         else
  70:/Users/morgan/Documents/ProjetTondeuse/CarteMere/LawnMower_MotherBoard/LawnMower_MotherBoard/main.c ****         {
  71:/Users/morgan/Documents/ProjetTondeuse/CarteMere/LawnMower_MotherBoard/LawnMower_MotherBoard/main.c **** 			_eEtatMower = RETOUR_STATION;
 153               	.LM4:
 154 0012 12E0      		ldi r17,lo8(2)
  72:/Users/morgan/Documents/ProjetTondeuse/CarteMere/LawnMower_MotherBoard/LawnMower_MotherBoard/main.c **** 			_eEtatBlade = OFF;
 156               	.LM5:
 157 0014 C1E0      		ldi r28,lo8(1)
  50:/Users/morgan/Documents/ProjetTondeuse/CarteMere/LawnMower_MotherBoard/LawnMower_MotherBoard/main.c **** 			_eEtatMower = PAUSE;
 159               	.LM6:
 160 0016 05E0      		ldi r16,lo8(5)
  52:/Users/morgan/Documents/ProjetTondeuse/CarteMere/LawnMower_MotherBoard/LawnMower_MotherBoard/main.c **** 			_eErrorMower = NTR;
 162               	.LM7:
 163 0018 D8E0      		ldi r29,lo8(8)
  47:/Users/morgan/Documents/ProjetTondeuse/CarteMere/LawnMower_MotherBoard/LawnMower_MotherBoard/main.c **** 				_eEtatMower = PAS_DE_TACHE_EN_COURS;
 165               	.LM8:
 166 001a 84E0      		ldi r24,lo8(4)
 167 001c F82E      		mov r15,r24
  32:/Users/morgan/Documents/ProjetTondeuse/CarteMere/LawnMower_MotherBoard/LawnMower_MotherBoard/main.c **** 				_eEtatMower = EN_CHARGE;
 169               	.LM9:
 170 001e 93E0      		ldi r25,lo8(3)
 171 0020 E92E      		mov r14,r25
 172               	.L4:
  19:/Users/morgan/Documents/ProjetTondeuse/CarteMere/LawnMower_MotherBoard/LawnMower_MotherBoard/main.c **** 		wdt_reset();
 174               	.LM10:
 175               	/* #APP */
 176               	 ;  19 "/Users/morgan/Documents/ProjetTondeuse/CarteMere/LawnMower_MotherBoard/LawnMower_MotherBoar
 177 0022 A895      		wdr
 178               	 ;  0 "" 2
  20:/Users/morgan/Documents/ProjetTondeuse/CarteMere/LawnMower_MotherBoard/LawnMower_MotherBoard/main.c **** 		STATUS_updateStatus();
 180               	.LM11:
 181               	/* #NOAPP */
 182 0024 0E94 0000 		call STATUS_updateStatus
  21:/Users/morgan/Documents/ProjetTondeuse/CarteMere/LawnMower_MotherBoard/LawnMower_MotherBoard/main.c **** 		STATUS_sendStatus();
 184               	.LM12:
 185 0028 0E94 0000 		call STATUS_sendStatus
  22:/Users/morgan/Documents/ProjetTondeuse/CarteMere/LawnMower_MotherBoard/LawnMower_MotherBoard/main.c **** 		MOWER_updateBladeState();
 187               	.LM13:
 188 002c 0E94 0000 		call MOWER_updateBladeState
  24:/Users/morgan/Documents/ProjetTondeuse/CarteMere/LawnMower_MotherBoard/LawnMower_MotherBoard/main.c ****         if(isDocking())
 190               	.LM14:
 191 0030 0E94 0000 		call isDocking
 192 0034 8823      		tst r24
 193 0036 01F0      		breq .L5
  26:/Users/morgan/Documents/ProjetTondeuse/CarteMere/LawnMower_MotherBoard/LawnMower_MotherBoard/main.c **** 			_eEtatBlade = OFF;
 195               	.LM15:
 196 0038 C093 0000 		sts _eEtatBlade,r28
  28:/Users/morgan/Documents/ProjetTondeuse/CarteMere/LawnMower_MotherBoard/LawnMower_MotherBoard/main.c **** 			PWM_stop();
 198               	.LM16:
 199 003c 0E94 0000 		call PWM_stop
  30:/Users/morgan/Documents/ProjetTondeuse/CarteMere/LawnMower_MotherBoard/LawnMower_MotherBoard/main.c ****             if(isCharging())
 201               	.LM17:
 202 0040 0E94 0000 		call isCharging
 203 0044 8823      		tst r24
 204 0046 01F0      		breq .L6
  32:/Users/morgan/Documents/ProjetTondeuse/CarteMere/LawnMower_MotherBoard/LawnMower_MotherBoard/main.c **** 				_eEtatMower = EN_CHARGE;
 206               	.LM18:
 207 0048 E092 0000 		sts _eEtatMower,r14
  34:/Users/morgan/Documents/ProjetTondeuse/CarteMere/LawnMower_MotherBoard/LawnMower_MotherBoard/main.c **** 				if(_uBpForceStart && (_eEtatRain == OFF)) {
 209               	.LM19:
 210 004c 8091 0000 		lds r24,_uBpForceStart
 211 0050 8823      		tst r24
 212 0052 01F0      		breq .L4
  34:/Users/morgan/Documents/ProjetTondeuse/CarteMere/LawnMower_MotherBoard/LawnMower_MotherBoard/main.c **** 				if(_uBpForceStart && (_eEtatRain == OFF)) {
 214               	.LM20:
 215 0054 8091 0000 		lds r24,_eEtatRain
 216 0058 8130      		cpi r24,lo8(1)
 217 005a 01F4      		brne .L4
  35:/Users/morgan/Documents/ProjetTondeuse/CarteMere/LawnMower_MotherBoard/LawnMower_MotherBoard/main.c **** 					_eEtatMower = TACHE_EN_COURS;
 219               	.LM21:
 220 005c 8093 0000 		sts _eEtatMower,r24
  36:/Users/morgan/Documents/ProjetTondeuse/CarteMere/LawnMower_MotherBoard/LawnMower_MotherBoard/main.c **** 					_uBpStop = 0;
 222               	.LM22:
 223 0060 1092 0000 		sts _uBpStop,__zero_reg__
  37:/Users/morgan/Documents/ProjetTondeuse/CarteMere/LawnMower_MotherBoard/LawnMower_MotherBoard/main.c **** 					_uBpForceStart = 0;	
 225               	.LM23:
 226 0064 1092 0000 		sts _uBpForceStart,__zero_reg__
 227 0068 00C0      		rjmp .L31
 228               	.L6:
  41:/Users/morgan/Documents/ProjetTondeuse/CarteMere/LawnMower_MotherBoard/LawnMower_MotherBoard/main.c ****             else if(isTimeToMow() && (_eEtatRain == OFF))
 230               	.LM24:
 231 006a 0E94 0000 		call isTimeToMow
 232 006e 8823      		tst r24
 233 0070 01F0      		breq .L8
  41:/Users/morgan/Documents/ProjetTondeuse/CarteMere/LawnMower_MotherBoard/LawnMower_MotherBoard/main.c ****             else if(isTimeToMow() && (_eEtatRain == OFF))
 235               	.LM25:
 236 0072 8091 0000 		lds r24,_eEtatRain
 237 0076 8130      		cpi r24,lo8(1)
 238 0078 01F4      		brne .L8
  43:/Users/morgan/Documents/ProjetTondeuse/CarteMere/LawnMower_MotherBoard/LawnMower_MotherBoard/main.c **** 				_uBpStop = 0;
 240               	.LM26:
 241 007a 1092 0000 		sts _uBpStop,__zero_reg__
 242               	.L31:
  44:/Users/morgan/Documents/ProjetTondeuse/CarteMere/LawnMower_MotherBoard/LawnMower_MotherBoard/main.c **** 				_eErrorMower = NTR;		
 244               	.LM27:
 245 007e D093 0000 		sts _eErrorMower,r29
 246 0082 00C0      		rjmp .L4
 247               	.L8:
  47:/Users/morgan/Documents/ProjetTondeuse/CarteMere/LawnMower_MotherBoard/LawnMower_MotherBoard/main.c **** 				_eEtatMower = PAS_DE_TACHE_EN_COURS;
 249               	.LM28:
 250 0084 F092 0000 		sts _eEtatMower,r15
 251 0088 00C0      		rjmp .L4
 252               	.L5:
  49:/Users/morgan/Documents/ProjetTondeuse/CarteMere/LawnMower_MotherBoard/LawnMower_MotherBoard/main.c **** 		else if(_uBpStart && (!_uBpStop)) {
 254               	.LM29:
 255 008a 8091 0000 		lds r24,_uBpStart
 256 008e 8823      		tst r24
 257 0090 01F0      		breq .L9
  49:/Users/morgan/Documents/ProjetTondeuse/CarteMere/LawnMower_MotherBoard/LawnMower_MotherBoard/main.c **** 		else if(_uBpStart && (!_uBpStop)) {
 259               	.LM30:
 260 0092 8091 0000 		lds r24,_uBpStop
 261 0096 8111      		cpse r24,__zero_reg__
 262 0098 00C0      		rjmp .L9
  50:/Users/morgan/Documents/ProjetTondeuse/CarteMere/LawnMower_MotherBoard/LawnMower_MotherBoard/main.c **** 			_eEtatMower = PAUSE;
 264               	.LM31:
 265 009a 0093 0000 		sts _eEtatMower,r16
  51:/Users/morgan/Documents/ProjetTondeuse/CarteMere/LawnMower_MotherBoard/LawnMower_MotherBoard/main.c **** 			_eEtatBlade = OFF;
 267               	.LM32:
 268 009e C093 0000 		sts _eEtatBlade,r28
  52:/Users/morgan/Documents/ProjetTondeuse/CarteMere/LawnMower_MotherBoard/LawnMower_MotherBoard/main.c **** 			_eErrorMower = NTR;
 270               	.LM33:
 271 00a2 D093 0000 		sts _eErrorMower,r29
  54:/Users/morgan/Documents/ProjetTondeuse/CarteMere/LawnMower_MotherBoard/LawnMower_MotherBoard/main.c **** 			PWM_stop();
 273               	.LM34:
 274 00a6 0E94 0000 		call PWM_stop
 275 00aa 00C0      		rjmp .L4
 276               	.L9:
  56:/Users/morgan/Documents/ProjetTondeuse/CarteMere/LawnMower_MotherBoard/LawnMower_MotherBoard/main.c **** 		else if(isEnoughCharged() == -1) {
 278               	.LM35:
 279 00ac 0E94 0000 		call isEnoughCharged
  62:/Users/morgan/Documents/ProjetTondeuse/CarteMere/LawnMower_MotherBoard/LawnMower_MotherBoard/main.c ****         else if(isEnoughCharged() && (!isRaining()) && isTimeToMow() && (!(_uBpStart && _uBpStop)))
 281               	.LM36:
 282 00b0 0E94 0000 		call isEnoughCharged
 283 00b4 8823      		tst r24
 284 00b6 01F0      		breq .L10
  62:/Users/morgan/Documents/ProjetTondeuse/CarteMere/LawnMower_MotherBoard/LawnMower_MotherBoard/main.c ****         else if(isEnoughCharged() && (!isRaining()) && isTimeToMow() && (!(_uBpStart && _uBpStop)))
 286               	.LM37:
 287 00b8 0E94 0000 		call isRaining
 288 00bc 8111      		cpse r24,__zero_reg__
 289 00be 00C0      		rjmp .L10
 290 00c0 0E94 0000 		call isTimeToMow
 291 00c4 8823      		tst r24
 292 00c6 01F0      		breq .L10
 293 00c8 8091 0000 		lds r24,_uBpStart
 294 00cc 8823      		tst r24
 295 00ce 01F0      		breq .L11
 296 00d0 8091 0000 		lds r24,_uBpStop
 297 00d4 8111      		cpse r24,__zero_reg__
 298 00d6 00C0      		rjmp .L10
 299               	.L11:
  64:/Users/morgan/Documents/ProjetTondeuse/CarteMere/LawnMower_MotherBoard/LawnMower_MotherBoard/main.c **** 			_eEtatMower = TACHE_EN_COURS;
 301               	.LM38:
 302 00d8 C093 0000 		sts _eEtatMower,r28
  65:/Users/morgan/Documents/ProjetTondeuse/CarteMere/LawnMower_MotherBoard/LawnMower_MotherBoard/main.c **** 			_eEtatBlade = ON;
 304               	.LM39:
 305 00dc 1092 0000 		sts _eEtatBlade,__zero_reg__
  67:/Users/morgan/Documents/ProjetTondeuse/CarteMere/LawnMower_MotherBoard/LawnMower_MotherBoard/main.c ****             MOWER_startMower();
 307               	.LM40:
 308 00e0 0E94 0000 		call MOWER_startMower
 309 00e4 00C0      		rjmp .L4
 310               	.L10:
  71:/Users/morgan/Documents/ProjetTondeuse/CarteMere/LawnMower_MotherBoard/LawnMower_MotherBoard/main.c **** 			_eEtatMower = RETOUR_STATION;
 312               	.LM41:
 313 00e6 1093 0000 		sts _eEtatMower,r17
 315               	.LM42:
 316 00ea C093 0000 		sts _eEtatBlade,r28
  73:/Users/morgan/Documents/ProjetTondeuse/CarteMere/LawnMower_MotherBoard/LawnMower_MotherBoard/main.c **** 			
  74:/Users/morgan/Documents/ProjetTondeuse/CarteMere/LawnMower_MotherBoard/LawnMower_MotherBoard/main.c ****             MOWER_goDockCharger();
 318               	.LM43:
 319 00ee 0E94 0000 		call MOWER_goDockCharger
  75:/Users/morgan/Documents/ProjetTondeuse/CarteMere/LawnMower_MotherBoard/LawnMower_MotherBoard/main.c **** 			
  76:/Users/morgan/Documents/ProjetTondeuse/CarteMere/LawnMower_MotherBoard/LawnMower_MotherBoard/main.c **** 			_uBpStop = 0;
 321               	.LM44:
 322 00f2 1092 0000 		sts _uBpStop,__zero_reg__
  77:/Users/morgan/Documents/ProjetTondeuse/CarteMere/LawnMower_MotherBoard/LawnMower_MotherBoard/main.c **** 			_uBpStart = 0;
 324               	.LM45:
 325 00f6 1092 0000 		sts _uBpStart,__zero_reg__
 326 00fa 00C0      		rjmp .L4
 328               	.Lscope1:
 329               		.comm	_eCommandMower,1,1
 330               		.comm	_eErrorMower,1,1
 331               		.comm	_eEtatMower,1,1
 332               		.comm	_eEtatRain,1,1
 333               		.comm	_eEtatBlade,1,1
 334               		.comm	_FlagError,1,1
 335               		.comm	_uFlagWatchdog,1,1
 336               		.comm	_uBpStop,1,1
 337               		.comm	_uBpForceStart,1,1
 338               		.comm	_uBpStart,1,1
 339               		.comm	_uBattery,1,1
 340               		.comm	_uDate,1,1
 341               		.comm	_uTime,1,1
 342               		.comm	_uWireReached,1,1
 357               		.text
 359               	.Letext0:
 360               		.ident	"GCC: (GNU) 4.8.1"
 361               	.global __do_clear_bss
DEFINED SYMBOLS
                            *ABS*:00000000 main.c
/var/folders/7v/8zggs6793555zz3yx7qh3tp40000gn/T//ccOl4qRx.s:2      *ABS*:0000003e __SP_H__
/var/folders/7v/8zggs6793555zz3yx7qh3tp40000gn/T//ccOl4qRx.s:3      *ABS*:0000003d __SP_L__
/var/folders/7v/8zggs6793555zz3yx7qh3tp40000gn/T//ccOl4qRx.s:4      *ABS*:0000003f __SREG__
/var/folders/7v/8zggs6793555zz3yx7qh3tp40000gn/T//ccOl4qRx.s:5      *ABS*:00000000 __tmp_reg__
/var/folders/7v/8zggs6793555zz3yx7qh3tp40000gn/T//ccOl4qRx.s:6      *ABS*:00000001 __zero_reg__
/var/folders/7v/8zggs6793555zz3yx7qh3tp40000gn/T//ccOl4qRx.s:130    .text.startup:00000000 main
                            *COM*:00000001 _uBpStart
                            *COM*:00000001 _eEtatBlade
                            *COM*:00000001 _eEtatMower
                            *COM*:00000001 _uBpForceStart
                            *COM*:00000001 _eEtatRain
                            *COM*:00000001 _uBpStop
                            *COM*:00000001 _eErrorMower
                            *COM*:00000001 _eCommandMower
                            *COM*:00000001 _FlagError
                            *COM*:00000001 _uFlagWatchdog
                            *COM*:00000001 _uBattery
                            *COM*:00000001 _uDate
                            *COM*:00000001 _uTime
                            *COM*:00000001 _uWireReached

UNDEFINED SYMBOLS
Initialisation
STATUS_updateStatus
STATUS_sendStatus
MOWER_updateBladeState
isDocking
PWM_stop
isCharging
isTimeToMow
isEnoughCharged
isRaining
MOWER_startMower
MOWER_goDockCharger
__do_clear_bss
