   1               		.file	"pwm.c"
   2               	__SP_H__ = 0x3e
   3               	__SP_L__ = 0x3d
   4               	__SREG__ = 0x3f
   5               	__tmp_reg__ = 0
   6               	__zero_reg__ = 1
   8               		.text
   9               	.Ltext0:
 111               	.global	PWM_forward
 113               	PWM_forward:
   1:/Users/morgan/Documents/ProjetTondeuse/CarteMere/LawnMower_MotherBoard/LawnMower_MotherBoard/pwm.c **** //
   2:/Users/morgan/Documents/ProjetTondeuse/CarteMere/LawnMower_MotherBoard/LawnMower_MotherBoard/pwm.c **** //  pwm.c
   3:/Users/morgan/Documents/ProjetTondeuse/CarteMere/LawnMower_MotherBoard/LawnMower_MotherBoard/pwm.c **** //  LawnMower_MotherBoard
   4:/Users/morgan/Documents/ProjetTondeuse/CarteMere/LawnMower_MotherBoard/LawnMower_MotherBoard/pwm.c **** //
   5:/Users/morgan/Documents/ProjetTondeuse/CarteMere/LawnMower_MotherBoard/LawnMower_MotherBoard/pwm.c **** //  Created by morgan on 30/01/2020.
   6:/Users/morgan/Documents/ProjetTondeuse/CarteMere/LawnMower_MotherBoard/LawnMower_MotherBoard/pwm.c **** //  Copyright © 2020 morgan venandy. All rights reserved.
   7:/Users/morgan/Documents/ProjetTondeuse/CarteMere/LawnMower_MotherBoard/LawnMower_MotherBoard/pwm.c **** //
   8:/Users/morgan/Documents/ProjetTondeuse/CarteMere/LawnMower_MotherBoard/LawnMower_MotherBoard/pwm.c **** 
   9:/Users/morgan/Documents/ProjetTondeuse/CarteMere/LawnMower_MotherBoard/LawnMower_MotherBoard/pwm.c **** #include <stdio.h>
  10:/Users/morgan/Documents/ProjetTondeuse/CarteMere/LawnMower_MotherBoard/LawnMower_MotherBoard/pwm.c **** #include <avr/io.h>
  11:/Users/morgan/Documents/ProjetTondeuse/CarteMere/LawnMower_MotherBoard/LawnMower_MotherBoard/pwm.c **** 
  12:/Users/morgan/Documents/ProjetTondeuse/CarteMere/LawnMower_MotherBoard/LawnMower_MotherBoard/pwm.c **** #include "pwm.h"
  13:/Users/morgan/Documents/ProjetTondeuse/CarteMere/LawnMower_MotherBoard/LawnMower_MotherBoard/pwm.c **** 
  14:/Users/morgan/Documents/ProjetTondeuse/CarteMere/LawnMower_MotherBoard/LawnMower_MotherBoard/pwm.c **** void PWM_forward(uint8_t speed)
  15:/Users/morgan/Documents/ProjetTondeuse/CarteMere/LawnMower_MotherBoard/LawnMower_MotherBoard/pwm.c **** {
 115               	.LM0:
 116               	.LFBB1:
 117               	/* prologue: function */
 118               	/* frame size = 0 */
 119               	/* stack size = 0 */
 120               	.L__stack_usage = 0
  16:/Users/morgan/Documents/ProjetTondeuse/CarteMere/LawnMower_MotherBoard/LawnMower_MotherBoard/pwm.c ****     OCR0B = 0x00;
 122               	.LM1:
 123 0000 18BC      		out 0x28,__zero_reg__
  17:/Users/morgan/Documents/ProjetTondeuse/CarteMere/LawnMower_MotherBoard/LawnMower_MotherBoard/pwm.c ****     OCR2B = 0x00;
 125               	.LM2:
 126 0002 1092 B400 		sts 180,__zero_reg__
  18:/Users/morgan/Documents/ProjetTondeuse/CarteMere/LawnMower_MotherBoard/LawnMower_MotherBoard/pwm.c ****     
  19:/Users/morgan/Documents/ProjetTondeuse/CarteMere/LawnMower_MotherBoard/LawnMower_MotherBoard/pwm.c ****     OCR0A = (( 0xFF / 100 ) * speed);
 128               	.LM3:
 129 0006 880F      		lsl r24
 130 0008 87BD      		out 0x27,r24
  20:/Users/morgan/Documents/ProjetTondeuse/CarteMere/LawnMower_MotherBoard/LawnMower_MotherBoard/pwm.c ****     OCR2A = (( 0xFF / 100 ) * speed);
 132               	.LM4:
 133 000a 8093 B300 		sts 179,r24
  21:/Users/morgan/Documents/ProjetTondeuse/CarteMere/LawnMower_MotherBoard/LawnMower_MotherBoard/pwm.c ****     
  22:/Users/morgan/Documents/ProjetTondeuse/CarteMere/LawnMower_MotherBoard/LawnMower_MotherBoard/pwm.c ****     PORTD |= (1<<PORTD4) | (1<<PORTD2);
 135               	.LM5:
 136 000e 8BB1      		in r24,0xb
 137 0010 8461      		ori r24,lo8(20)
 138 0012 8BB9      		out 0xb,r24
 139 0014 0895      		ret
 141               	.Lscope1:
 144               	.global	PWM_reverse
 146               	PWM_reverse:
  23:/Users/morgan/Documents/ProjetTondeuse/CarteMere/LawnMower_MotherBoard/LawnMower_MotherBoard/pwm.c **** }
  24:/Users/morgan/Documents/ProjetTondeuse/CarteMere/LawnMower_MotherBoard/LawnMower_MotherBoard/pwm.c **** 
  25:/Users/morgan/Documents/ProjetTondeuse/CarteMere/LawnMower_MotherBoard/LawnMower_MotherBoard/pwm.c **** void PWM_reverse(uint8_t speed)
  26:/Users/morgan/Documents/ProjetTondeuse/CarteMere/LawnMower_MotherBoard/LawnMower_MotherBoard/pwm.c **** {
 148               	.LM6:
 149               	.LFBB2:
 150               	/* prologue: function */
 151               	/* frame size = 0 */
 152               	/* stack size = 0 */
 153               	.L__stack_usage = 0
  27:/Users/morgan/Documents/ProjetTondeuse/CarteMere/LawnMower_MotherBoard/LawnMower_MotherBoard/pwm.c ****     OCR0A = 0x00;
 155               	.LM7:
 156 0016 17BC      		out 0x27,__zero_reg__
  28:/Users/morgan/Documents/ProjetTondeuse/CarteMere/LawnMower_MotherBoard/LawnMower_MotherBoard/pwm.c ****     OCR2A = 0x00;
 158               	.LM8:
 159 0018 1092 B300 		sts 179,__zero_reg__
  29:/Users/morgan/Documents/ProjetTondeuse/CarteMere/LawnMower_MotherBoard/LawnMower_MotherBoard/pwm.c ****     
  30:/Users/morgan/Documents/ProjetTondeuse/CarteMere/LawnMower_MotherBoard/LawnMower_MotherBoard/pwm.c ****     OCR0B = (( 0xFF / 100 ) * speed);
 161               	.LM9:
 162 001c 880F      		lsl r24
 163 001e 88BD      		out 0x28,r24
  31:/Users/morgan/Documents/ProjetTondeuse/CarteMere/LawnMower_MotherBoard/LawnMower_MotherBoard/pwm.c ****     OCR2B = (( 0xFF / 100 ) * speed);
 165               	.LM10:
 166 0020 8093 B400 		sts 180,r24
  32:/Users/morgan/Documents/ProjetTondeuse/CarteMere/LawnMower_MotherBoard/LawnMower_MotherBoard/pwm.c ****     
  33:/Users/morgan/Documents/ProjetTondeuse/CarteMere/LawnMower_MotherBoard/LawnMower_MotherBoard/pwm.c ****     PORTD |= (1<<PORTD4) | (1<<PORTD2);
 168               	.LM11:
 169 0024 8BB1      		in r24,0xb
 170 0026 8461      		ori r24,lo8(20)
 171 0028 8BB9      		out 0xb,r24
 172 002a 0895      		ret
 174               	.Lscope2:
 176               	.global	PWM_right
 178               	PWM_right:
  34:/Users/morgan/Documents/ProjetTondeuse/CarteMere/LawnMower_MotherBoard/LawnMower_MotherBoard/pwm.c **** }
  35:/Users/morgan/Documents/ProjetTondeuse/CarteMere/LawnMower_MotherBoard/LawnMower_MotherBoard/pwm.c **** 
  36:/Users/morgan/Documents/ProjetTondeuse/CarteMere/LawnMower_MotherBoard/LawnMower_MotherBoard/pwm.c **** void PWM_right()
  37:/Users/morgan/Documents/ProjetTondeuse/CarteMere/LawnMower_MotherBoard/LawnMower_MotherBoard/pwm.c **** {
 180               	.LM12:
 181               	.LFBB3:
 182               	/* prologue: function */
 183               	/* frame size = 0 */
 184               	/* stack size = 0 */
 185               	.L__stack_usage = 0
  38:/Users/morgan/Documents/ProjetTondeuse/CarteMere/LawnMower_MotherBoard/LawnMower_MotherBoard/pwm.c ****     OCR0B = 0x00;
 187               	.LM13:
 188 002c 18BC      		out 0x28,__zero_reg__
  39:/Users/morgan/Documents/ProjetTondeuse/CarteMere/LawnMower_MotherBoard/LawnMower_MotherBoard/pwm.c ****     OCR2A = 0x00;
 190               	.LM14:
 191 002e 1092 B300 		sts 179,__zero_reg__
  40:/Users/morgan/Documents/ProjetTondeuse/CarteMere/LawnMower_MotherBoard/LawnMower_MotherBoard/pwm.c **** 
  41:/Users/morgan/Documents/ProjetTondeuse/CarteMere/LawnMower_MotherBoard/LawnMower_MotherBoard/pwm.c ****     OCR0A = (( 0xFF / 100 ) * 20);
 193               	.LM15:
 194 0032 88E2      		ldi r24,lo8(40)
 195 0034 87BD      		out 0x27,r24
  42:/Users/morgan/Documents/ProjetTondeuse/CarteMere/LawnMower_MotherBoard/LawnMower_MotherBoard/pwm.c ****     OCR2B = (( 0xFF / 100 ) * 20);
 197               	.LM16:
 198 0036 8093 B400 		sts 180,r24
  43:/Users/morgan/Documents/ProjetTondeuse/CarteMere/LawnMower_MotherBoard/LawnMower_MotherBoard/pwm.c ****     
  44:/Users/morgan/Documents/ProjetTondeuse/CarteMere/LawnMower_MotherBoard/LawnMower_MotherBoard/pwm.c ****     PORTD |= (1<<PORTD4) | (1<<PORTD2);
 200               	.LM17:
 201 003a 8BB1      		in r24,0xb
 202 003c 8461      		ori r24,lo8(20)
 203 003e 8BB9      		out 0xb,r24
 204 0040 0895      		ret
 206               	.Lscope3:
 208               	.global	PWM_left
 210               	PWM_left:
  45:/Users/morgan/Documents/ProjetTondeuse/CarteMere/LawnMower_MotherBoard/LawnMower_MotherBoard/pwm.c **** }
  46:/Users/morgan/Documents/ProjetTondeuse/CarteMere/LawnMower_MotherBoard/LawnMower_MotherBoard/pwm.c **** 
  47:/Users/morgan/Documents/ProjetTondeuse/CarteMere/LawnMower_MotherBoard/LawnMower_MotherBoard/pwm.c **** void PWM_left()
  48:/Users/morgan/Documents/ProjetTondeuse/CarteMere/LawnMower_MotherBoard/LawnMower_MotherBoard/pwm.c **** {
 212               	.LM18:
 213               	.LFBB4:
 214               	/* prologue: function */
 215               	/* frame size = 0 */
 216               	/* stack size = 0 */
 217               	.L__stack_usage = 0
  49:/Users/morgan/Documents/ProjetTondeuse/CarteMere/LawnMower_MotherBoard/LawnMower_MotherBoard/pwm.c ****     OCR0A = 0x00;
 219               	.LM19:
 220 0042 17BC      		out 0x27,__zero_reg__
  50:/Users/morgan/Documents/ProjetTondeuse/CarteMere/LawnMower_MotherBoard/LawnMower_MotherBoard/pwm.c ****     OCR2B = 0x00;
 222               	.LM20:
 223 0044 1092 B400 		sts 180,__zero_reg__
  51:/Users/morgan/Documents/ProjetTondeuse/CarteMere/LawnMower_MotherBoard/LawnMower_MotherBoard/pwm.c ****     
  52:/Users/morgan/Documents/ProjetTondeuse/CarteMere/LawnMower_MotherBoard/LawnMower_MotherBoard/pwm.c ****     OCR0B = (( 0xFF / 100 ) * 20);
 225               	.LM21:
 226 0048 88E2      		ldi r24,lo8(40)
 227 004a 88BD      		out 0x28,r24
  53:/Users/morgan/Documents/ProjetTondeuse/CarteMere/LawnMower_MotherBoard/LawnMower_MotherBoard/pwm.c ****     OCR2A = (( 0xFF / 100 ) * 20);
 229               	.LM22:
 230 004c 8093 B300 		sts 179,r24
  54:/Users/morgan/Documents/ProjetTondeuse/CarteMere/LawnMower_MotherBoard/LawnMower_MotherBoard/pwm.c ****     
  55:/Users/morgan/Documents/ProjetTondeuse/CarteMere/LawnMower_MotherBoard/LawnMower_MotherBoard/pwm.c ****     PORTD |= (1<<PORTD4) | (1<<PORTD2);
 232               	.LM23:
 233 0050 8BB1      		in r24,0xb
 234 0052 8461      		ori r24,lo8(20)
 235 0054 8BB9      		out 0xb,r24
 236 0056 0895      		ret
 238               	.Lscope4:
 240               	.global	PWM_stop
 242               	PWM_stop:
  56:/Users/morgan/Documents/ProjetTondeuse/CarteMere/LawnMower_MotherBoard/LawnMower_MotherBoard/pwm.c **** }
  57:/Users/morgan/Documents/ProjetTondeuse/CarteMere/LawnMower_MotherBoard/LawnMower_MotherBoard/pwm.c **** 
  58:/Users/morgan/Documents/ProjetTondeuse/CarteMere/LawnMower_MotherBoard/LawnMower_MotherBoard/pwm.c **** void PWM_stop()
  59:/Users/morgan/Documents/ProjetTondeuse/CarteMere/LawnMower_MotherBoard/LawnMower_MotherBoard/pwm.c **** {
 244               	.LM24:
 245               	.LFBB5:
 246               	/* prologue: function */
 247               	/* frame size = 0 */
 248               	/* stack size = 0 */
 249               	.L__stack_usage = 0
  60:/Users/morgan/Documents/ProjetTondeuse/CarteMere/LawnMower_MotherBoard/LawnMower_MotherBoard/pwm.c ****     PORTD &= ~(1<<PORTD4) & ~(1<<PORTD2);
 251               	.LM25:
 252 0058 8BB1      		in r24,0xb
 253 005a 8B7E      		andi r24,lo8(-21)
 254 005c 8BB9      		out 0xb,r24
  61:/Users/morgan/Documents/ProjetTondeuse/CarteMere/LawnMower_MotherBoard/LawnMower_MotherBoard/pwm.c ****     
  62:/Users/morgan/Documents/ProjetTondeuse/CarteMere/LawnMower_MotherBoard/LawnMower_MotherBoard/pwm.c ****     OCR0A = 0x00;
 256               	.LM26:
 257 005e 17BC      		out 0x27,__zero_reg__
  63:/Users/morgan/Documents/ProjetTondeuse/CarteMere/LawnMower_MotherBoard/LawnMower_MotherBoard/pwm.c ****     OCR2A = 0x00;
 259               	.LM27:
 260 0060 1092 B300 		sts 179,__zero_reg__
  64:/Users/morgan/Documents/ProjetTondeuse/CarteMere/LawnMower_MotherBoard/LawnMower_MotherBoard/pwm.c ****     
  65:/Users/morgan/Documents/ProjetTondeuse/CarteMere/LawnMower_MotherBoard/LawnMower_MotherBoard/pwm.c ****     OCR0B = 0x00;
 262               	.LM28:
 263 0064 18BC      		out 0x28,__zero_reg__
  66:/Users/morgan/Documents/ProjetTondeuse/CarteMere/LawnMower_MotherBoard/LawnMower_MotherBoard/pwm.c ****     OCR2B = 0x00;
 265               	.LM29:
 266 0066 1092 B400 		sts 180,__zero_reg__
 267 006a 0895      		ret
 269               	.Lscope5:
 271               	.Letext0:
 272               		.ident	"GCC: (GNU) 4.8.1"
DEFINED SYMBOLS
                            *ABS*:00000000 pwm.c
/var/folders/7v/8zggs6793555zz3yx7qh3tp40000gn/T//ccQKsFfD.s:2      *ABS*:0000003e __SP_H__
/var/folders/7v/8zggs6793555zz3yx7qh3tp40000gn/T//ccQKsFfD.s:3      *ABS*:0000003d __SP_L__
/var/folders/7v/8zggs6793555zz3yx7qh3tp40000gn/T//ccQKsFfD.s:4      *ABS*:0000003f __SREG__
/var/folders/7v/8zggs6793555zz3yx7qh3tp40000gn/T//ccQKsFfD.s:5      *ABS*:00000000 __tmp_reg__
/var/folders/7v/8zggs6793555zz3yx7qh3tp40000gn/T//ccQKsFfD.s:6      *ABS*:00000001 __zero_reg__
/var/folders/7v/8zggs6793555zz3yx7qh3tp40000gn/T//ccQKsFfD.s:113    .text:00000000 PWM_forward
/var/folders/7v/8zggs6793555zz3yx7qh3tp40000gn/T//ccQKsFfD.s:146    .text:00000016 PWM_reverse
/var/folders/7v/8zggs6793555zz3yx7qh3tp40000gn/T//ccQKsFfD.s:178    .text:0000002c PWM_right
/var/folders/7v/8zggs6793555zz3yx7qh3tp40000gn/T//ccQKsFfD.s:210    .text:00000042 PWM_left
/var/folders/7v/8zggs6793555zz3yx7qh3tp40000gn/T//ccQKsFfD.s:242    .text:00000058 PWM_stop

NO UNDEFINED SYMBOLS
