   1               		.file	"uart.c"
   2               	__SP_H__ = 0x3e
   3               	__SP_L__ = 0x3d
   4               	__SREG__ = 0x3f
   5               	__tmp_reg__ = 0
   6               	__zero_reg__ = 1
   8               		.text
   9               	.Ltext0:
 111               	.global	UART_transmission
 113               	UART_transmission:
   1:/Users/morgan/Documents/ProjetTondeuse/CarteMere/LawnMower_MotherBoard/LawnMower_MotherBoard/uart.c **** //
   2:/Users/morgan/Documents/ProjetTondeuse/CarteMere/LawnMower_MotherBoard/LawnMower_MotherBoard/uart.c **** //  uart.c
   3:/Users/morgan/Documents/ProjetTondeuse/CarteMere/LawnMower_MotherBoard/LawnMower_MotherBoard/uart.c **** //  LawnMower_MotherBoard
   4:/Users/morgan/Documents/ProjetTondeuse/CarteMere/LawnMower_MotherBoard/LawnMower_MotherBoard/uart.c **** //
   5:/Users/morgan/Documents/ProjetTondeuse/CarteMere/LawnMower_MotherBoard/LawnMower_MotherBoard/uart.c **** //  Created by morgan on 29/01/2020.
   6:/Users/morgan/Documents/ProjetTondeuse/CarteMere/LawnMower_MotherBoard/LawnMower_MotherBoard/uart.c **** //  Copyright © 2020 morgan venandy. All rights reserved.
   7:/Users/morgan/Documents/ProjetTondeuse/CarteMere/LawnMower_MotherBoard/LawnMower_MotherBoard/uart.c **** //
   8:/Users/morgan/Documents/ProjetTondeuse/CarteMere/LawnMower_MotherBoard/LawnMower_MotherBoard/uart.c **** 
   9:/Users/morgan/Documents/ProjetTondeuse/CarteMere/LawnMower_MotherBoard/LawnMower_MotherBoard/uart.c **** #include <stdio.h>
  10:/Users/morgan/Documents/ProjetTondeuse/CarteMere/LawnMower_MotherBoard/LawnMower_MotherBoard/uart.c **** #include <avr/io.h>
  11:/Users/morgan/Documents/ProjetTondeuse/CarteMere/LawnMower_MotherBoard/LawnMower_MotherBoard/uart.c **** 
  12:/Users/morgan/Documents/ProjetTondeuse/CarteMere/LawnMower_MotherBoard/LawnMower_MotherBoard/uart.c **** #include "uart.h"
  13:/Users/morgan/Documents/ProjetTondeuse/CarteMere/LawnMower_MotherBoard/LawnMower_MotherBoard/uart.c **** 
  14:/Users/morgan/Documents/ProjetTondeuse/CarteMere/LawnMower_MotherBoard/LawnMower_MotherBoard/uart.c **** void UART_transmission(uint8_t statusToSend)
  15:/Users/morgan/Documents/ProjetTondeuse/CarteMere/LawnMower_MotherBoard/LawnMower_MotherBoard/uart.c **** {
 115               	.LM0:
 116               	.LFBB1:
 117               	/* prologue: function */
 118               	/* frame size = 0 */
 119               	/* stack size = 0 */
 120               	.L__stack_usage = 0
 121               	.L3:
  16:/Users/morgan/Documents/ProjetTondeuse/CarteMere/LawnMower_MotherBoard/LawnMower_MotherBoard/uart.c **** /***** Attente du buffer *****/
  17:/Users/morgan/Documents/ProjetTondeuse/CarteMere/LawnMower_MotherBoard/LawnMower_MotherBoard/uart.c ****     while (!(UCSR0A & (1<<UDRE0)));
 123               	.LM1:
 124 0000 9091 C000 		lds r25,192
 125 0004 95FF      		sbrs r25,5
 126 0006 00C0      		rjmp .L3
  18:/Users/morgan/Documents/ProjetTondeuse/CarteMere/LawnMower_MotherBoard/LawnMower_MotherBoard/uart.c **** /***** Stock la data dans le buffer *****/
  19:/Users/morgan/Documents/ProjetTondeuse/CarteMere/LawnMower_MotherBoard/LawnMower_MotherBoard/uart.c ****     UDR0 = statusToSend;
 128               	.LM2:
 129 0008 8093 C600 		sts 198,r24
 130 000c 0895      		ret
 132               	.Lscope1:
 134               	.global	UART_reception
 136               	UART_reception:
  20:/Users/morgan/Documents/ProjetTondeuse/CarteMere/LawnMower_MotherBoard/LawnMower_MotherBoard/uart.c **** }
  21:/Users/morgan/Documents/ProjetTondeuse/CarteMere/LawnMower_MotherBoard/LawnMower_MotherBoard/uart.c **** 
  22:/Users/morgan/Documents/ProjetTondeuse/CarteMere/LawnMower_MotherBoard/LawnMower_MotherBoard/uart.c **** uint8_t UART_reception()
  23:/Users/morgan/Documents/ProjetTondeuse/CarteMere/LawnMower_MotherBoard/LawnMower_MotherBoard/uart.c **** {
 138               	.LM3:
 139               	.LFBB2:
 140               	/* prologue: function */
 141               	/* frame size = 0 */
 142               	/* stack size = 0 */
 143               	.L__stack_usage = 0
 144               	.L7:
  24:/Users/morgan/Documents/ProjetTondeuse/CarteMere/LawnMower_MotherBoard/LawnMower_MotherBoard/uart.c **** /***** Attente de reception *****/
  25:/Users/morgan/Documents/ProjetTondeuse/CarteMere/LawnMower_MotherBoard/LawnMower_MotherBoard/uart.c ****     while (!(UCSR0A & (1<<RXC0)));
 146               	.LM4:
 147 000e 8091 C000 		lds r24,192
 148 0012 87FF      		sbrs r24,7
 149 0014 00C0      		rjmp .L7
  26:/Users/morgan/Documents/ProjetTondeuse/CarteMere/LawnMower_MotherBoard/LawnMower_MotherBoard/uart.c **** /***** Return received data *****/
  27:/Users/morgan/Documents/ProjetTondeuse/CarteMere/LawnMower_MotherBoard/LawnMower_MotherBoard/uart.c ****     return UDR0;
 151               	.LM5:
 152 0016 8091 C600 		lds r24,198
  28:/Users/morgan/Documents/ProjetTondeuse/CarteMere/LawnMower_MotherBoard/LawnMower_MotherBoard/uart.c **** }...
 154               	.LM6:
 155 001a 0895      		ret
 157               	.Lscope2:
 159               	.Letext0:
 160               		.ident	"GCC: (GNU) 4.8.1"
DEFINED SYMBOLS
                            *ABS*:00000000 uart.c
/var/folders/7v/8zggs6793555zz3yx7qh3tp40000gn/T//cchO2H0L.s:2      *ABS*:0000003e __SP_H__
/var/folders/7v/8zggs6793555zz3yx7qh3tp40000gn/T//cchO2H0L.s:3      *ABS*:0000003d __SP_L__
/var/folders/7v/8zggs6793555zz3yx7qh3tp40000gn/T//cchO2H0L.s:4      *ABS*:0000003f __SREG__
/var/folders/7v/8zggs6793555zz3yx7qh3tp40000gn/T//cchO2H0L.s:5      *ABS*:00000000 __tmp_reg__
/var/folders/7v/8zggs6793555zz3yx7qh3tp40000gn/T//cchO2H0L.s:6      *ABS*:00000001 __zero_reg__
/var/folders/7v/8zggs6793555zz3yx7qh3tp40000gn/T//cchO2H0L.s:113    .text:00000000 UART_transmission
/var/folders/7v/8zggs6793555zz3yx7qh3tp40000gn/T//cchO2H0L.s:136    .text:0000000e UART_reception

NO UNDEFINED SYMBOLS
